09-05 22:18:32.542   160   160 D awplayer: <check_lib_unload:394>:  Unloading the dynamic library for OMX.allwinner.video.decoder.wmv1
09-05 22:18:32.555   973  1236 E wifi    : android_net_wifi_getLinkLayerStats: failed to get link statistics
09-05 22:18:32.556   160   160 D awplayer: <omx_vdec:255>: (f:omx_vdec, l:255)
09-05 22:18:32.556   160   160 D awplayer: <getCallingProcessName:212>: Calling process is: com.android.systemui
09-05 22:18:32.556   160   160 D awplayer: <omx_vdec:343>: ion open fd = 15
09-05 22:18:32.556   160   160 D awplayer: <component_init:513>: (f:component_init, l:513) name = OMX.allwinner.video.decoder.wmv2
09-05 22:18:32.557   160   160 W awplayer: <get_parameter:1169>: OMX_IndexParamVideoProfileLevelQuerySupported, Format[0x15] not support
09-05 22:18:32.557   160   160 E OMXNodeInstance: getParameter(1f:allwinner.decoder.wmv2, ParamVideoProfileLevelQuerySupported(0x600000f)) ERROR: BadParameter(0x80001005)
09-05 22:18:32.557   973  1236 D WifiConfigStore: Retrieve network priorities after PNO.
09-05 22:18:32.559   160  1571 D awplayer: <ComponentThread:4299>:  stop command.
09-05 22:18:32.560   160  1572 D awplayer: <ComponentVdrvThread:4516>: (f:ComponentVdrvThread, l:4516) vdrvThread receive cmd[0x3]
09-05 22:18:32.560   160  1572 D awplayer: <ComponentVdrvThread:4625>: (f:ComponentVdrvThread, l:4625)(OMX_VdrvCommand_Stop)
09-05 22:18:32.560   160  1572 D awplayer: <ComponentVdrvThread:4654>: vdrvThread detect nStopFlag[1], exit!
09-05 22:18:32.560   160  1572 D awplayer: <ComponentVdrvThread:4824>: ***notify: exit the componentVdrvThread!
09-05 22:18:32.561   160  1571 D awplayer: <ComponentThread:4301>: (f:ComponentThread, l:4301) wait for OMX_VdrvCommand_Stop
09-05 22:18:32.561   160  1571 D awplayer: <ComponentThread:4303>: (f:ComponentThread, l:4303) wait for OMX_VdrvCommand_Stop done!
09-05 22:18:32.562   160   160 D awplayer: <component_deinit:2486>: (f:component_deinit, l:2486) two threads exit!
09-05 22:18:32.562   160   160 D awplayer: <~omx_vdec:503>: ~omx_dec done!
09-05 22:18:32.562   160   160 D awplayer: <check_lib_unload:394>:  Unloading the dynamic library for OMX.allwinner.video.decoder.wmv2
09-05 22:18:32.570   973  1236 E wifi    : wifi_get_supported_feature_set returned error = 0xffffffa1
09-05 22:18:32.570   973  1236 D wifi    : android_net_wifi_setLinkLayerStats: 1
09-05 22:18:32.585   160   160 D awplayer: <get_omx_component_factory_fn:276>: ----get_omx_component_factory_fn
09-05 22:18:32.585   160   160 D awplayer: <getCallingProcessName:263>: Calling process is: com.android.systemui
09-05 22:18:32.585   160   160 D awplayer: <omx_venc:353>: omx_enc Create!
09-05 22:18:32.585   160   160 D awplayer: <component_init:433>:  COMPONENT_INIT, name = OMX.allwinner.video.encoder.avc
09-05 22:18:32.586   160   160 E OMXNodeInstance: getParameter(20:allwinner.encoder.avc, ParamVideoProfileLevelQuerySupported(0x600000f)) ERROR: BadParameter(0x80001005)
09-05 22:18:32.586   160   160 W ACodec  : do not know color format 0x7f000789 = 2130708361
09-05 22:18:32.586   160   160 D awplayer: <component_deinit:2055>: component_deinit
09-05 22:18:32.592   160  1578 D awplayer: <ComponentThread:2989>: x stop command.
09-05 22:18:32.595   973  1236 D WifiConfigStore: Retrieve network priorities after PNO.
09-05 22:18:32.602   160  1579 D awplayer: <ComponentVencThread:3895>: vencThread detect nStopFlag[1], exit!
09-05 22:18:32.603   160   160 D awplayer: <check_lib_unload:394>:  Unloading the dynamic library for OMX.allwinner.video.encoder.avc
09-05 22:18:32.608   973  1236 D WifiConfigStore: Loading config and enabling all networks
09-05 22:18:32.640   973  1236 D WifiConfigStore: loaded 0 passpoint configs
09-05 22:18:32.641   973  1236 E WifiConfigStore: Error parsing configuration: java.io.FileNotFoundException: /data/misc/wifi/ipconfig.txt: open failed: ENOENT (No such file or directory)
09-05 22:18:32.642   973  1236 W WifiConfigStore: Upgrading network 0 to android.uid.system:1000
09-05 22:18:32.644   973  1236 E WifiConfigStore: readAutoJoinStatus: Error parsing configurationjava.io.FileNotFoundException: /data/misc/wifi/autojoinconfig.txt: open failed: ENOENT (No such file or directory)
09-05 22:18:32.644   973  1236 E WifiConfigStore: buildPnoList sortedWifiConfigurations size 1
09-05 22:18:32.645   973  1236 E WifiConfigStore: found sortedWifiConfigurations : "abc"WPA_PSK
09-05 22:18:32.658   160   160 W OMXNodeInstance: [21:google.mpeg4.decoder] component does not support metadata mode; using fallback
09-05 22:18:32.664   160   160 W OMXNodeInstance: [22:google.h263.decoder] component does not support metadata mode; using fallback
09-05 22:18:32.707   160   160 W OMXNodeInstance: [23:google.h264.decoder] component does not support metadata mode; using fallback
09-05 22:18:32.759   160   160 W OMXNodeInstance: [24:google.hevc.decoder] component does not support metadata mode; using fallback
09-05 22:18:32.776   973  1236 E wifi    : android_net_wifi_getLinkLayerStats: failed to get link statistics
09-05 22:18:32.792   973  1236 E native  : do suspend false
09-05 22:18:32.808   973  1236 D WifiConfigStore: No blacklist allowed without epno enabled
09-05 22:18:32.808   973  1236 D WifiConfigStore: Retrieve network priorities after PNO.
09-05 22:18:32.817   160   160 W OMXNodeInstance: [25:google.vp8.decoder] component does not support metadata mode; using fallback
09-05 22:18:32.831   973  1236 D WifiConfigStore: Retrieve network priorities after PNO.
09-05 22:18:32.842   973  1236 D WifiConfigStore: Retrieve network priorities after PNO.
09-05 22:18:32.849   973  1236 E wifi    : android_net_wifi_getLinkLayerStats: failed to get link statistics
09-05 22:18:32.854   160   160 W OMXNodeInstance: [26:google.vp9.decoder] component does not support metadata mode; using fallback
09-05 22:18:32.884   160   160 I SoftMPEG4Encoder: Construct SoftMPEG4Encoder
09-05 22:18:32.885   160   160 W ACodec  : do not know color format 0x7f000789 = 2130708361
09-05 22:18:32.902   973  1101 E BluetoothManagerService: MESSAGE_TIMEOUT_BIND
09-05 22:18:32.958   160   160 W ACodec  : do not know color format 0x7f000789 = 2130708361
09-05 22:18:32.963   160   160 I SoftMPEG4Encoder: Construct SoftMPEG4Encoder
09-05 22:18:32.964   160   160 W ACodec  : do not know color format 0x7f000789 = 2130708361
09-05 22:18:32.999  1267  1267 I vol.Events: writeEvent collection_started
09-05 22:18:33.028  1267  1629 I vol.Events: writeEvent external_ringer_mode_changed normal
09-05 22:18:33.028  1267  1629 I vol.Events: writeEvent internal_ringer_mode_changed normal
09-05 22:18:33.031   160   160 W ACodec  : do not know color format 0x7f000789 = 2130708361
09-05 22:18:33.062   160   160 W MediaCodecList: unable to open media codecs configuration xml file: /data/misc/media/media_codecs_profiling_results.xml
09-05 22:18:33.066  1267  1446 I OMXClient: Using client-side OMX mux.
09-05 22:18:33.184   160  1132 E AudioFlinger: no wake lock to update!
09-05 22:18:33.282  1267  1649 I OMXClient: Using client-side OMX mux.
09-05 22:18:33.380  1267  1629 I vol.Events: writeEvent level_changed STREAM_ALARM 7
09-05 22:18:33.387  1267  1629 I vol.Events: writeEvent level_changed STREAM_BLUETOOTH_SCO 7
09-05 22:18:33.394  1267  1629 I vol.Events: writeEvent level_changed STREAM_MUSIC 15
09-05 22:18:33.410  1267  1629 I vol.Events: writeEvent level_changed STREAM_RING 7
09-05 22:18:33.418  1267  1629 I vol.Events: writeEvent level_changed STREAM_SYSTEM 7
09-05 22:18:33.446  1267  1629 I vol.Events: writeEvent level_changed STREAM_VOICE_CALL 4
09-05 22:18:33.465  1267  1267 D StorageNotification: Notifying about private volume: VolumeInfo{private}:
09-05 22:18:33.465  1267  1267 D StorageNotification:     type=PRIVATE diskId=null partGuid=null mountFlags=0 mountUserId=-1
09-05 22:18:33.465  1267  1267 D StorageNotification:     state=MOUNTED
09-05 22:18:33.465  1267  1267 D StorageNotification:     fsType=null fsUuid=null fsLabel=null
09-05 22:18:33.465  1267  1267 D StorageNotification:     path=/data internalPath=null
09-05 22:18:33.493  1267  1669 I OMXClient: Using client-side OMX mux.
09-05 22:18:33.594   973   973 E NetdConnector: NDC Command {9 strict enable} took too long (2279ms)
09-05 22:18:33.594   973  1228 E NetdConnector: NDC Command {10 interface getcfg p2p0} took too long (1028ms)
09-05 22:18:33.596   154  1033 D CommandListener: Setting iface cfg
09-05 22:18:33.596   154  1033 D CommandListener: Trying to bring up p2p0
09-05 22:18:33.597   973  1228 D WifiMonitor: startMonitoring(p2p0) with mConnected = true
09-05 22:18:33.623   973  1228 D WifiNative-HAL: p2pGetDeviceAddress
09-05 22:18:33.627   973  1228 D WifiNative-HAL: p2pGetDeviceAddress returning 9a:3b:16:30:07:6d
09-05 22:18:33.667   973  1035 I StatusBarManagerService: registerStatusBar bar=com.android.internal.statusbar.IStatusBar$Stub$Proxy@f82e9d3
09-05 22:18:33.837   154  1033 D CommandListener: Setting iface cfg
09-05 22:18:33.837   154  1033 D CommandListener: Trying to bring up p2p0
09-05 22:18:33.839   973  1228 D WifiMonitor: startMonitoring(p2p0) with mConnected = true
09-05 22:18:33.857   973  1228 D WifiNative-HAL: p2pGetDeviceAddress
09-05 22:18:33.859   973  1228 D WifiNative-HAL: p2pGetDeviceAddress returning 9a:3b:16:30:07:6d
09-05 22:18:34.050   973   973 D PermissionMonitor: Monitoring
09-05 22:18:34.051  1407  1407 I wpa_supplicant: p2p0: CTRL-EVENT-REGDOM-CHANGE init=BEACON_HINT type=UNKNOWN
09-05 22:18:34.052  1407  1407 I wpa_supplicant: p2p0: CTRL-EVENT-REGDOM-CHANGE init=BEACON_HINT type=UNKNOWN
09-05 22:18:34.068  1407  1407 I wpa_supplicant: wlan0: Trying to associate with ec:17:2f:fa:55:4a (SSID='abc' freq=2462 MHz)
09-05 22:18:34.070   973  1236 D WIFI    : Registering NetworkFactory
09-05 22:18:34.071   973  1236 D WIFI_UT : Registering NetworkFactory
09-05 22:18:34.071   973  1238 D ConnectivityService: Got NetworkFactory Messenger for WIFI
09-05 22:18:34.071   973  1238 D ConnectivityService: Got NetworkFactory Messenger for WIFI_UT
09-05 22:18:34.082   973   973 D PermissionMonitor: Users: 1, Apps: 72
09-05 22:18:34.088   973  1237 D WifiService: New client listening to asynchronous messages
09-05 22:18:34.104   973   973 I SystemServiceManager: Starting phase 600
09-05 22:18:34.104   160   160 V audio_hw_primary: adev_set_parameters, A2dpSuspended=false
09-05 22:18:34.106   973  1101 D BluetoothManagerService: Added callback: android.bluetooth.BluetoothAdapter$1@2e7c1e7:true
09-05 22:18:34.121   973   973 I BackupManagerService: Backup enabled => false
09-05 22:18:34.125   160  1136 I AudioFlinger: systemReady
09-05 22:18:34.155   973  1236 E wifi    : android_net_wifi_getLinkLayerStats: failed to get link statistics
09-05 22:18:34.167   973   973 I ActivityManager: Start proc 1708:com.google.android.googlequicksearchbox:interactor/u0a21 for service com.google.android.googlequicksearchbox/com.google.android.voiceinteraction.GsaVoiceInteractionService
09-05 22:18:34.224   973   973 E InputMethodManagerService: Ignoring updateSystemUiLocked due to an invalid token. uid:1000 token:null
09-05 22:18:34.238   973  1236 D WIFI    : got request NetworkRequest [ id=1, legacyType=-1, [ Capabilities: INTERNET&NOT_RESTRICTED&TRUSTED&NOT_VPN] ] with score 0
09-05 22:18:34.239   973  1236 D WIFI_UT : got request NetworkRequest [ id=1, legacyType=-1, [ Capabilities: INTERNET&NOT_RESTRICTED&TRUSTED&NOT_VPN] ] with score 0
09-05 22:18:34.266   973  1719 I OMXClient: Using client-side OMX mux.
09-05 22:18:34.291   973   973 I ActivityManager: Start proc 1721:com.google.android.inputmethod.pinyin/u0a43 for service com.google.android.inputmethod.pinyin/.PinyinIME
09-05 22:18:34.291   973   973 V InputMethodManagerService: Adding window token: android.os.Binder@7e9f345
09-05 22:18:34.355   973   973 E FlpHardwareProvider: Error hw_get_module 'flp': -2
09-05 22:18:34.356   973   973 E LocationManagerService: FLP HAL not supported
09-05 22:18:34.370   973   973 E ActivityRecognitionHardware: Error hw_get_module: -2
09-05 22:18:34.371   973   973 E LocationManagerService: Hardware Activity-Recognition not supported.
09-05 22:18:34.389   973   973 I CommonTimeManagementService: No common time service detected on this platform.  Common time services will be unavailable.
09-05 22:18:34.392   973  1220 I InputReader: Reconfiguring input devices.  changes=0x00000020
09-05 22:18:34.394   973   973 I MmsServiceBroker: Delay connecting to MmsService until an API is called
09-05 22:18:34.397   973   973 D MountService: onStartUser 0
09-05 22:18:34.397   973   973 D VoldConnector: SND -> {7 volume user_started 0}
09-05 22:18:34.398   135   156 D vold    : Linking /storage/emulated/0 to /mnt/user/0/primary
09-05 22:18:34.399   973  1222 D VoldConnector: RCV <- {200 7 Command succeeded}
09-05 22:18:34.400   973  1220 I InputReader: Reconfiguring input devices.  changes=0x00000010
09-05 22:18:34.400   973  1221 D MountService: Volume emulated broadcasting mounted to UserHandle{0}
09-05 22:18:34.403   973   973 I ActivityManager: START u0 {act=android.intent.action.MAIN cat=[android.intent.category.HOME] flg=0x10000000 cmp=com.android.launcher3/.Launcher} from uid 0 on display 0
09-05 22:18:34.417  1275  1275 D MtpService: onStorageStateChanged /storage/emulated/0 mounted -> mounted
09-05 22:18:34.460   973   973 I ActivityManager: Start proc 1736:com.android.launcher3/u0a12 for activity com.android.launcher3/.Launcher
09-05 22:18:34.464  1708  1708 W System  : ClassLoader referenced unknown path: /system/priv-app/Velvet/lib/arm
09-05 22:18:34.473   973  1742 I OMXClient: Using client-side OMX mux.
09-05 22:18:34.527   973  1075 I ActivityManager: Start proc 1743:com.android.printspooler/u0a60 for service com.android.printspooler/.model.PrintSpoolerService
09-05 22:18:34.552   973   973 D RttService: SCAN_AVAILABLE : 1
09-05 22:18:34.553   973  1250 D RttService: DefaultState got{ when=-1ms what=160513 target=com.android.internal.util.StateMachine$SmHandler }
09-05 22:18:34.564   973   973 I Choreographer: Skipped 266 frames!  The application may be doing too much work on its main thread.
09-05 22:18:34.584  1407  1407 I wpa_supplicant: wlan0: Associated with ec:17:2f:fa:55:4a
09-05 22:18:34.628  1721  1721 W System  : ClassLoader referenced unknown path: /system/app/GooglePinyinIME/lib/arm
09-05 22:18:34.632  1407  1407 I wpa_supplicant: wlan0: WPA: Key negotiation completed with ec:17:2f:fa:55:4a [PTK=CCMP GTK=CCMP]
09-05 22:18:34.633  1407  1407 I wpa_supplicant: wlan0: CTRL-EVENT-CONNECTED - Connection to ec:17:2f:fa:55:4a completed [id=0 id_str=]
09-05 22:18:34.797   973  1236 D WifiConfigStore: Retrieve network priorities after PNO.
09-05 22:18:34.810   973   973 W System  : ClassLoader referenced unknown path: /system/priv-app/Telecom/lib/arm
09-05 22:18:34.841   973  1236 D ConnectivityService: registerNetworkAgent NetworkAgentInfo{ ni{[type: WIFI[], state: CONNECTING/CONNECTING, reason: (unspecified), extra: "abc", roaming: false, failover: false, isAvailable: true]}  network{100}  lp{{LinkAddresses: []  Routes: [] DnsAddresses: [] Domains: null MTU: 0 TcpBufferSizes: 524288,1048576,2097152,262144,524288,1048576}}  nc{[ Transports: WIFI Capabilities: INTERNET&NOT_RESTRICTED&TRUSTED&NOT_VPN LinkUpBandwidth>=1048576Kbps LinkDnBandwidth>=1048576Kbps]}  Score{20}  everValidated{false}  lastValidated{false}  created{false} lingering{f
alse} explicitlySelected{false} acceptUnvalidated{false} everCaptivePortalDetected{false} lastCaptivePortalDetected{false} }
09-05 22:18:34.842   973  1238 D ConnectivityService: NetworkAgentInfo [WIFI () - 100] EVENT_NETWORK_INFO_CHANGED, going from null to CONNECTING
09-05 22:18:34.842   973  1236 E WifiConfigStore: saveWifiConfigBSSID Setting BSSID for "abc"WPA_PSK to any
09-05 22:18:34.861   973  1236 E WifiConfigStore: saveWifiConfigBSSID Setting BSSID for "abc"WPA_PSK to any
09-05 22:18:34.884  1736  1736 W System  : ClassLoader referenced unknown path: /system/priv-app/Launcher3/lib/arm
09-05 22:18:34.897   154  1033 D CommandListener: Setting iface cfg
09-05 22:18:34.922   973  1236 D WifiStateMachine: Start Dhcp Watchdog 1
09-05 22:18:34.966   973  1767 I OMXClient: Using client-side OMX mux.
09-05 22:18:34.968   973  1238 D ConnectivityService: notifyType CAP_CHANGED for NetworkAgentInfo [WIFI () - 100]
09-05 22:18:34.968   973  1238 D ConnectivityService: updateNetworkScore for NetworkAgentInfo [WIFI () - 100] to 60
09-05 22:18:35.004   973  1770 D DhcpClient: Receive thread started
09-05 22:18:35.087   973  1236 E native  : do suspend false
09-05 22:18:35.116   973  1766 D DhcpClient: Broadcasting DHCPDISCOVER
09-05 22:18:35.144   973  1771 I OMXClient: Using client-side OMX mux.
09-05 22:18:35.193   973  1770 D DhcpClient: Received packet: 98:3b:16:30:07:6d OFFER, ip /192.168.7.104, mask /255.255.255.0, DNS servers: /192.168.7.1 , gateways [/192.168.7.1] lease time 2943, domain null
09-05 22:18:35.194   973  1766 D DhcpClient: Got pending lease: IP address 192.168.7.104/24 Gateway 192.168.7.1  DNS servers: [ 192.168.7.1 ] Domains DHCP server /192.168.7.1 Vendor info null lease 2943 seconds
09-05 22:18:35.198   973  1766 D DhcpClient: Broadcasting DHCPREQUEST ciaddr=0.0.0.0 request=192.168.7.104 serverid=192.168.7.1
09-05 22:18:35.214   973  1770 D DhcpClient: Received packet: 98:3b:16:30:07:6d ACK: your new IP /192.168.7.104, netmask /255.255.255.0, gateways [/192.168.7.1] DNS servers: /192.168.7.1 , lease time 3000
09-05 22:18:35.215   973  1766 D DhcpClient: Confirmed lease: IP address 192.168.7.104/24 Gateway 192.168.7.1  DNS servers: [ 192.168.7.1 ] Domains DHCP server /192.168.7.1 Vendor info null lease 3000 seconds
09-05 22:18:35.217   154  1033 D CommandListener: Setting iface cfg
09-05 22:18:35.226  1267  1307 I art     : Background sticky concurrent mark sweep GC freed 18921(1061KB) AllocSpace objects, 0(0B) LOS objects, 13% free, 7MB/8MB, paused 23.007ms total 61.405ms
09-05 22:18:35.230   973  1766 D DhcpClient: Scheduling renewal in 1499s
09-05 22:18:35.244   973  1236 D WifiStateMachine: WifiStateMachine: handleSuccessfulIpConfiguration and no scan results"abc"WPA_PSK
09-05 22:18:35.245   973  1238 D ConnectivityService: NetworkAgentInfo [WIFI () - 100] EVENT_NETWORK_INFO_CHANGED, going from CONNECTING to CONNECTED
09-05 22:18:35.249   973  1238 D ConnectivityService: Adding iface wlan0 to network 100
09-05 22:18:35.255   973  1236 E WifiStateMachine: Did not find remoteAddress {192.168.7.1} in /proc/net/arp
09-05 22:18:35.356   973   973 I Telecom : Class: TelecomSystem.INSTANCE being set
09-05 22:18:35.360   973   973 W ContextImpl: Calling a method in the system process without a qualified user: android.app.ContextImpl.startService:1221 android.content.ContextWrapper.startService:581 com.android.server.telecom.components.TelecomService.initializeTelecomSystem:107 com.android.server.telecom.components.TelecomService.onBind:46 android.app.ActivityThread.handleBindService:2904
09-05 22:18:35.379   973  1778 I ActivityManager: Start proc 1781:android.process.acore/u0a3 for content provider com.android.providers.contacts/.CallLogProvider
09-05 22:18:35.409   973  1238 E ConnectivityService: Unexpected mtu value: 0, wlan0
09-05 22:18:35.409   973  1238 D ConnectivityService: Adding Route [fe80::/64 -> :: wlan0] to network 100
09-05 22:18:35.411  1743  1743 I PrintSpoolerService: No existing print spooler state.
09-05 22:18:35.412   973  1238 D ConnectivityService: Adding Route [192.168.7.0/24 -> 0.0.0.0 wlan0] to network 100
09-05 22:18:35.414   973  1238 D ConnectivityService: Adding Route [0.0.0.0/0 -> 192.168.7.1 wlan0] to network 100
09-05 22:18:35.417   973  1238 D ConnectivityService: Setting Dns servers for network 100 to [/192.168.7.1]
09-05 22:18:35.426   973  1238 D ConnectivityService: notifyType IP_CHANGED for NetworkAgentInfo [WIFI () - 100]
09-05 22:18:35.452   973  1238 D ConnectivityService: scheduleUnvalidatedPrompt 100
09-05 22:18:35.453   973  1238 D ConnectivityService: updateSignalStrengthThresholds: CONNECT, sending [] to NetworkAgentInfo [WIFI () - 100]
09-05 22:18:35.453   973  1238 D ConnectivityService: rematch for NetworkAgentInfo [WIFI () - 100]
09-05 22:18:35.453   973  1238 D ConnectivityService:    accepting network in place of null
09-05 22:18:35.455   973  1238 D ConnectivityService: Switching to new default network: NetworkAgentInfo{ ni{[type: WIFI[], state: CONNECTED/CONNECTED, reason: (unspecified), extra: "abc", roaming: false, failover: false, isAvailable: true]}  network{100}  lp{{InterfaceName: wlan0 LinkAddresses: [fe80::9a3b:16ff:fe30:76d/64,192.168.7.104/24,]  Routes: [fe80::/64 -> :: wlan0,192.168.7.0/24 -> 0.0.0.0 wlan0,0.0.0.0/0 -> 192.168.7.1 wlan0,] DnsAddresses: [192.168.7.1,] Domains: null MTU: 0 TcpBufferSizes: 524288,1048576,2097152,262144,524288,1048576}}  nc{[ Transports: WIFI Capabilities: INTERNET
&NOT_RESTRICTED&TRUSTED&NOT_VPN LinkUpBandwidth>=1048576Kbps LinkDnBandwidth>=1048576Kbps SignalStrength: -49]}  Score{20}  everValidated{false}  lastValidated{false}  created{true} lingering{false} explicitlySelected{false} acceptUnvalidated{false} everCaptivePortalDetected{false} lastCaptivePortalDetected{false} }
09-05 22:18:35.470  1281  1281 W Binder_4: type=1400 audit(0.0:18): avc: denied { ioctl } for path="socket:[6425]" dev="sockfs" ino=6425 ioctlcmd=7704 scontext=u:r:surfaceflinger:s0 tcontext=u:r:surfaceflinger:s0 tclass=unix_stream_socket permissive=0
09-05 22:18:35.470  1281  1281 W Binder_4: type=1400 audit(0.0:19): avc: denied { ioctl } for path="socket:[6425]" dev="sockfs" ino=6425 ioctlcmd=7704 scontext=u:r:surfaceflinger:s0 tcontext=u:r:surfaceflinger:s0 tclass=unix_stream_socket permissive=0
09-05 22:18:35.519   973  1798 I OMXClient: Using client-side OMX mux.
09-05 22:18:35.558   154  1033 V IdletimerController: runCmd(/system/bin/ip6tables -w -t raw -A idletimer_raw_PREROUTING -i wlan0 -j IDLETIMER --timeout 15 --label 1 --send_nl_msg 1) res_ipv4=0, res_ipv6=0
09-05 22:18:35.558   973   973 D RttService: SCAN_AVAILABLE : 3
09-05 22:18:35.570   973  1249 D wifi    : failed to get capabilities : -95
09-05 22:18:35.570   973  1249 E WifiScanningService: could not get scan capabilities
09-05 22:18:35.571   973  1250 D RttService: DefaultState got{ when=-13ms what=160512 target=com.android.internal.util.StateMachine$SmHandler }
09-05 22:18:35.572   973  1242 D NotificationSQLiteLog: Pruned event entries: 0
09-05 22:18:35.597   973   973 I ActivityManager: Start proc 1808:com.google.android.gms.persistent/u0a7 for broadcast com.google.android.gms/com.google.android.location.internal.NlpNetworkProviderSettingsUpdateReceiver
09-05 22:18:35.604   973   973 V WiredAccessoryManager: init()
09-05 22:18:35.642  1781  1781 W System  : ClassLoader referenced unknown path: /system/priv-app/ContactsProvider/lib/arm
09-05 22:18:35.655   973  1236 D WifiNetworkAgent: NetworkAgent: Received signal strength thresholds: []
09-05 22:18:35.660   973  1236 D WifiNative-HAL: stopRssiMonitoring, cmdId 0
09-05 22:18:35.680   973   988 I art     : Background sticky concurrent mark sweep GC freed 60452(3MB) AllocSpace objects, 24(572KB) LOS objects, 27% free, 14MB/19MB, paused 5.433ms total 186.049ms
09-05 22:18:35.691   154  1033 V IdletimerController: runCmd(/system/bin/ip6tables -w -t mangle -A idletimer_mangle_POSTROUTING -o wlan0 -j IDLETIMER --timeout 15 --label 1 --send_nl_msg 1) res_ipv4=0, res_ipv6=0
09-05 22:18:35.697   973  1238 D ConnectivityService: Setting tx/rx TCP buffers to 524288,1048576,2097152,262144,524288,1048576
09-05 22:18:35.715   973  1238 D CSLegacyTypeTracker: Sending CONNECTED broadcast for type 1 NetworkAgentInfo [WIFI () - 100] isDefaultNetwork=true
09-05 22:18:35.716   973  1238 D ConnectivityService: sendStickyBroadcast: action=android.net.conn.CONNECTIVITY_CHANGE
09-05 22:18:35.718   973  1238 D ConnectivityService: notifyType PRECHECK for NetworkAgentInfo [WIFI () - 100]
09-05 22:18:35.721   150   287 D PermissionCache: checking android.permission.HARDWARE_TEST for uid=1000 => granted (6201 us)
09-05 22:18:35.745  1289  1344 W art     : Suspending all threads took: 7.195ms
09-05 22:18:35.770   973  1825 I OMXClient: Using client-side OMX mux.
09-05 22:18:35.819   973  1101 D BluetoothManagerService: Added callback: android.bluetooth.IBluetoothManagerCallback$Stub$Proxy@b816f78:true
09-05 22:18:35.885   973   973 V BackupManagerService: Connected to transport ComponentInfo{android/com.android.internal.backup.LocalTransportService}
09-05 22:18:35.885   973   973 V BackupManagerService: Registering transport android/com.android.internal.backup.LocalTransportService::android/com.android.internal.backup.LocalTransport = android.app.backup.BackupTransport$TransportImpl@c4046af
09-05 22:18:35.897  1267  1267 D LocalBluetoothProfileManager: Adding local MAP profile
09-05 22:18:35.905  1267  1267 D BluetoothMap: Create BluetoothMap proxy object
09-05 22:18:35.921   973   973 I Choreographer: Skipped 78 frames!  The application may be doing too much work on its main thread.
09-05 22:18:35.928  1267  1267 D LocalBluetoothProfileManager: LocalBluetoothProfileManager construction complete
09-05 22:18:35.957  1808  1808 W System  : ClassLoader referenced unknown path: /system/priv-app/GmsCore/lib/arm
09-05 22:18:35.988   973  1748 D ConnectivityService: listenForNetwork for Listen from uid/pid:10020/1267 for NetworkRequest [ id=3, legacyType=-1, [] ]
09-05 22:18:36.023  1267  1267 I CameraManagerGlobal: Connecting to camera service
09-05 22:18:36.049   160   160 I CameraService: getCameraCharacteristics: Switching to HAL1 shim implementation...
09-05 22:18:36.059   150   291 I [Gralloc]: ion_alloc from ion_client:18 via heap type DMA(mask:16) for 3686400 Bytes cached buffer successfully, usage = 0x00000933
09-05 22:18:36.059   160   160 I CameraService: CameraService::connect call (PID 160 "media", camera ID 0) for HAL version default and Camera API version 1
09-05 22:18:36.064   160   160 E CameraService: getCameraPriorityFromProcState: Received invalid process state -1 from ActivityManagerService!
09-05 22:18:36.064   160   160 D HALCameraFactory: There is 2 attached cameras and 0 removable cameras
09-05 22:18:36.068   160   160 D MediaPlayer: (f:setDataSource, l:164) set BDFolderPlay[0]
09-05 22:18:36.128   160  1829 D NuPlayerDriver: notifyListener_l(0xb5a97860), (1, 0, 0)
09-05 22:18:36.128   160   160 D MediaPlayer: (f:setDataSource, l:164) set BDFolderPlay[0]
09-05 22:18:36.156   160  1831 D NuPlayerDriver: notifyListener_l(0xb5a97bc0), (1, 0, 0)
09-05 22:18:36.156   160   160 D MediaPlayer: (f:setDataSource, l:164) set BDFolderPlay[0]
09-05 22:18:36.159   160  1834 E FileSource: Failed to open file '/system/media/audio/ui/VideoStop.ogg'. (No such file or directory)
09-05 22:18:36.159   160  1834 E GenericSource: Failed to create data source!
09-05 22:18:36.159   160  1833 D NuPlayerDriver: notifyListener_l(0xb5a97c20), (100, 1, -2147483648)
09-05 22:18:36.159   160  1833 E MediaPlayer: error (1, -2147483648)
09-05 22:18:36.165   160   160 I CameraClient: Opening camera 0
09-05 22:18:36.206   973  1101 D Tethering: MasterInitialState.processMessage what=3
09-05 22:18:36.738  1736  1736 V Launcher: LauncherAppState inited
09-05 22:18:36.799   160   160 D HALCameraFactory: Calling process is: /system/bin/mediaserver
09-05 22:18:36.803   160   625 W CameraHardware: CMD_QUEUE_STOP_FACE_DETECTE failed, mFaceDetection not opened.
09-05 22:18:36.915  1736  1736 D Launcher.Model: Old launcher provider: content://com.android.launcher2.settings/favorites?notify=true
09-05 22:18:36.916  1736  1736 D Launcher.Model: Old launcher provider does not exist.
09-05 22:18:36.930   160  1837 D CallbackNotifier: savePictureThread exit, line: 1515
09-05 22:18:36.930   160   160 I CameraFlashlight: Destroying camera 0
09-05 22:18:37.032   160   160 D HALCameraFactory: There is 2 attached cameras and 0 removable cameras
09-05 22:18:37.033   160   160 I CameraService: disconnect: Disconnected client for camera 0 for PID 160
09-05 22:18:37.033   160   160 D NuPlayerDriver: reset(0xb5a97860)
09-05 22:18:37.033   160   160 D NuPlayerDriver: notifyListener_l(0xb5a97860), (8, 0, 0)
09-05 22:18:37.034   160  1829 D NuPlayerDriver: notifyResetComplete(0xb5a97860)
09-05 22:18:37.034   160   160 D NuPlayerDriver: reset(0xb5a97bc0)
09-05 22:18:37.034   160   160 D NuPlayerDriver: notifyListener_l(0xb5a97bc0), (8, 0, 0)
09-05 22:18:37.035   160  1831 D NuPlayerDriver: notifyResetComplete(0xb5a97bc0)
09-05 22:18:37.035   160   160 D NuPlayerDriver: reset(0xb5a97c20)
09-05 22:18:37.035   160   160 D NuPlayerDriver: notifyListener_l(0xb5a97c20), (8, 0, 0)
09-05 22:18:37.036   160  1833 D NuPlayerDriver: notifyResetComplete(0xb5a97c20)
09-05 22:18:37.037   160  1653 I CameraService: getCameraCharacteristics: Switching to HAL1 shim implementation...
09-05 22:18:37.038   160  1653 I CameraService: CameraService::connect call (PID 160 "media", camera ID 1) for HAL version default and Camera API version 1
09-05 22:18:37.038   160  1653 E CameraService: getCameraPriorityFromProcState: Received invalid process state -1 from ActivityManagerService!
09-05 22:18:37.038   160  1653 D HALCameraFactory: There is 2 attached cameras and 0 removable cameras
09-05 22:18:37.038   160  1653 D MediaPlayer: (f:setDataSource, l:164) set BDFolderPlay[0]
09-05 22:18:37.047   973  1729 D AlarmManagerService: Setting time of day to sec=1473085116
09-05 22:18:36.716   160  1839 D NuPlayerDriver: notifyListener_l(0xb5a97980), (1, 0, 0)
09-05 22:18:36.716   160  1653 D MediaPlayer: (f:setDataSource, l:164) set BDFolderPlay[0]
09-05 22:18:36.735   160  1841 D NuPlayerDriver: notifyListener_l(0xb5a97a40), (1, 0, 0)
09-05 22:18:36.735   160  1653 D MediaPlayer: (f:setDataSource, l:164) set BDFolderPlay[0]
09-05 22:18:36.736   160  1844 E FileSource: Failed to open file '/system/media/audio/ui/VideoStop.ogg'. (No such file or directory)
09-05 22:18:36.737   160  1844 E GenericSource: Failed to create data source!
09-05 22:18:36.737   160  1843 D NuPlayerDriver: notifyListener_l(0xb5a97aa0), (100, 1, -2147483648)
09-05 22:18:36.737   160  1843 E MediaPlayer: error (1, -2147483648)
09-05 22:18:36.743   160  1653 I CameraClient: Opening camera 1
09-05 22:18:36.765   160  1136 V audio_hw_primary: adev_set_parameters, A2dpSuspended=false
09-05 22:18:36.933  1781  1781 W System  : ClassLoader referenced unknown path: /system/app/UserDictionaryProvider/lib/arm
09-05 22:18:37.390   160  1653 D HALCameraFactory: Calling process is: /system/bin/mediaserver
09-05 22:18:37.390   160  1653 E V4L2CameraDevice: getFullSize failed
09-05 22:18:37.392   160   631 W CameraHardware: CMD_QUEUE_STOP_FACE_DETECTE failed, mFaceDetection not opened.
09-05 22:18:37.518   160  1849 D CallbackNotifier: savePictureThread exit, line: 1515
09-05 22:18:37.518   160  1653 I CameraFlashlight: Destroying camera 1
09-05 22:18:37.560   291   291 W Binder_2: type=1400 audit(0.0:20): avc: denied { ioctl } for path="socket:[6440]" dev="sockfs" ino=6440 ioctlcmd=7704 scontext=u:r:surfaceflinger:s0 tcontext=u:r:surfaceflinger:s0 tclass=unix_stream_socket permissive=0
09-05 22:18:37.560   291   291 W Binder_2: type=1400 audit(0.0:21): avc: denied { ioctl } for path="socket:[6440]" dev="sockfs" ino=6440 ioctlcmd=7704 scontext=u:r:surfaceflinger:s0 tcontext=u:r:surfaceflinger:s0 tclass=unix_stream_socket permissive=0
09-05 22:18:37.620   160  1653 D HALCameraFactory: There is 2 attached cameras and 0 removable cameras
09-05 22:18:37.621   160  1653 I CameraService: disconnect: Disconnected client for camera 1 for PID 160
09-05 22:18:37.621   160  1653 D NuPlayerDriver: reset(0xb5a97980)
09-05 22:18:37.621   160  1653 D NuPlayerDriver: notifyListener_l(0xb5a97980), (8, 0, 0)
09-05 22:18:37.622   160  1839 D NuPlayerDriver: notifyResetComplete(0xb5a97980)
09-05 22:18:37.623   160  1653 D NuPlayerDriver: reset(0xb5a97a40)
09-05 22:18:37.623   160  1653 D NuPlayerDriver: notifyListener_l(0xb5a97a40), (8, 0, 0)
09-05 22:18:37.624   160  1841 D NuPlayerDriver: notifyResetComplete(0xb5a97a40)
09-05 22:18:37.624   160  1653 D NuPlayerDriver: reset(0xb5a97aa0)
09-05 22:18:37.624   160  1653 D NuPlayerDriver: notifyListener_l(0xb5a97aa0), (8, 0, 0)
09-05 22:18:37.625   160  1843 D NuPlayerDriver: notifyResetComplete(0xb5a97aa0)
09-05 22:18:37.815  1267  1307 I art     : Background sticky concurrent mark sweep GC freed 7642(496KB) AllocSpace objects, 0(0B) LOS objects, 7% free, 7MB/8MB, paused 11.706ms total 34.978ms
09-05 22:18:37.960  1107  1107 W Binder_3: type=1400 audit(0.0:22): avc: denied { ioctl } for path="socket:[6442]" dev="sockfs" ino=6442 ioctlcmd=7704 scontext=u:r:surfaceflinger:s0 tcontext=u:r:surfaceflinger:s0 tclass=unix_stream_socket permissive=0
09-05 22:18:37.960  1107  1107 W Binder_3: type=1400 audit(0.0:23): avc: denied { ioctl } for path="socket:[6442]" dev="sockfs" ino=6442 ioctlcmd=7704 scontext=u:r:surfaceflinger:s0 tcontext=u:r:surfaceflinger:s0 tclass=unix_stream_socket permissive=0
09-05 22:18:37.971  1267  1856 D OpenGLRenderer: Use EGL_SWAP_BEHAVIOR_PRESERVED: false
09-05 22:18:37.971  1267  1856 D OpenGLRenderer: profile bars disabled
09-05 22:18:37.972  1267  1856 D OpenGLRenderer: ambientRatio = 1.50
09-05 22:18:38.030  1330  1330 W Binder_4: type=1400 audit(0.0:24): avc: denied { ioctl } for path="socket:[8558]" dev="sockfs" ino=8558 ioctlcmd=7704 scontext=u:r:system_server:s0 tcontext=u:r:system_server:s0 tclass=unix_stream_socket permissive=0
09-05 22:18:38.058  1267  1267 D PhoneStatusBar: disable: < expand icons alerts system_info back home recent clock search quick_settings >
09-05 22:18:38.030  1330  1330 W Binder_4: type=1400 audit(0.0:25): avc: denied { ioctl } for path="socket:[8558]" dev="sockfs" ino=8558 ioctlcmd=7704 scontext=u:r:system_server:s0 tcontext=u:r:system_server:s0 tclass=unix_stream_socket permissive=0
09-05 22:18:38.110  1054  1054 W Binder_3: type=1400 audit(0.0:26): avc: denied { ioctl } for path="socket:[7975]" dev="sockfs" ino=7975 ioctlcmd=7704 scontext=u:r:system_server:s0 tcontext=u:r:system_server:s0 tclass=unix_stream_socket permissive=0
09-05 22:18:38.120  1054  1054 W Binder_3: type=1400 audit(0.0:27): avc: denied { ioctl } for path="socket:[7975]" dev="sockfs" ino=7975 ioctlcmd=7704 scontext=u:r:system_server:s0 tcontext=u:r:system_server:s0 tclass=unix_stream_socket permissive=0
09-05 22:18:38.120  1034  1034 W Binder_1: type=1400 audit(0.0:28): avc: denied { ioctl } for path="socket:[6451]" dev="sockfs" ino=6451 ioctlcmd=7704 scontext=u:r:system_server:s0 tcontext=u:r:system_server:s0 tclass=unix_stream_socket permissive=0
09-05 22:18:38.130  1034  1034 W Binder_1: type=1400 audit(0.0:29): avc: denied { ioctl } for path="socket:[6451]" dev="sockfs" ino=6451 ioctlcmd=7704 scontext=u:r:system_server:s0 tcontext=u:r:system_server:s0 tclass=unix_stream_socket permissive=0
09-05 22:18:38.212  1267  1267 D PhoneStatusBar: heads up is enabled
09-05 22:18:38.251  1736  1736 D Launcher: mQsb == null
09-05 22:18:38.285  1267  1267 I Choreographer: Skipped 188 frames!  The application may be doing too much work on its main thread.
09-05 22:18:38.290   973  1253 V KeyValueBackupJob: Scheduling k/v pass in 243 minutes
09-05 22:18:38.296  1808  1808 I MultiDex: VM with version 2.1.0 has multidex support
09-05 22:18:38.296  1808  1808 I MultiDex: install
09-05 22:18:38.296  1808  1808 I MultiDex: VM has multidex support, MultiDex support library is disabled.
09-05 22:18:38.298  1267  1267 D ViewRootImpl: changeCanvasOpacity: opaque=true
09-05 22:18:38.498  1267  1856 I OpenGLRenderer: Initialized EGL, version 1.4
09-05 22:18:38.751   150  1107 I [Gralloc]: ion_alloc from ion_client:18 via heap type DMA(mask:16) for 92160 Bytes uncached buffer successfully, usage = 0x00000f02
09-05 22:18:38.764  1781  1846 I ContactLocale: AddressBook Labels [zh-CN]: [, A, B, C, D, E, F, G, H, I, J, K, L, M, N, O, P, Q, R, S, T, U, V, W, X, Y, Z, 螒, 螔, 螕, 螖, 螘, 螙, 螚, 螛, 螜, 螝, 螞, 螠, 螡, 螢, 螣, 螤, 巍, 危, 韦, 违, 桅, 围, 唯, 惟, , 袗, 袘, 袙, 袚, 袛, 袀, 袝, 袆, 袞, 袟, 袠, 袉, 袡, 袌, 袣, 袥, 袎, 袦, 袧, 袏, 袨, 袩, 袪, 小, 孝, 袐, 校, 肖, 啸, 笑, 效, 袕, 楔, 些, 挟, 携, , 讗, 讘, 讙, 讚, 讛, 讜, 讝, 讞, 讟, 讬, 讻, 诇, 诪, 谞, 住, 注, 驻, 爪, 拽, 专, 砖, 转, , 丕, 亘, 鬲, 孬, 噩, 丨, 禺, 丿, 匕, 乇, 夭, 爻, 卮, 氐, 囟, 胤, 馗, 毓, 睾, 賮, 賯, 賰, 賱, 賲, 賳, 賴, 賵,
賷, , 喔? 喔? 喔? 喔? 喔? 喔? 喔? 喔? 喔? 喔? 喔? 喔? 喔? 喔? 喔? 喔? 喔? 喔? 喔? 喔? 喔? 喔? 喔? 喔? 喔? 喔? 喔? 喔? 喔? 喔? 喔? 喔? 喔? 喔? 喔? 喔? 喔? 喔? 喔? 喔? 喔? 喔? 喔? 喔? 喔? 喔? , 銊? 銊? 銊? 銊? 銋? 銋? 銋? 銋? 銋? 銋? 銋? 銋? 銋? 銋? , 銇? 銇? 銇? 銇? 銇? 銇? 銇? 銈? 銈? 銈? #, ]
09-05 22:18:38.784   150   291 I [Gralloc]: ion_alloc from ion_client:18 via heap type DMA(mask:16) for 92160 Bytes uncached buffer successfully, usage = 0x00000f02
09-05 22:18:38.790   150   291 I [Gralloc]: ion_alloc from ion_client:18 via heap type DMA(mask:16) for 92160 Bytes uncached buffer successfully, usage = 0x00000f02
09-05 22:18:38.821   150   287 I [Gralloc]: ion_alloc from ion_client:18 via heap type DMA(mask:16) for 3502080 Bytes cached buffer successfully, usage = 0x00000933
09-05 22:18:38.829   150   291 I [Gralloc]: ion_alloc from ion_client:18 via heap type DMA(mask:16) for 92160 Bytes uncached buffer successfully, usage = 0x00000f02
09-05 22:18:38.895  1736  1736 D Launcher.Utilities: searchComponent = com.google.android.googlequicksearchbox
09-05 22:18:38.923  1708  1708 I GsaVoiceInteractionSrv: onReady
09-05 22:18:38.938   150  1107 I [Gralloc]: ion_alloc from ion_client:18 via heap type DMA(mask:16) for 184320 Bytes uncached buffer successfully, usage = 0x00000f02
09-05 22:18:38.962   973  1748 I ActivityManager: Start proc 1862:com.google.android.googlequicksearchbox:search/u0a21 for service com.google.android.googlequicksearchbox/com.google.android.hotword.service.HotwordService
09-05 22:18:38.973   150   291 I [Gralloc]: ion_alloc from ion_client:18 via heap type DMA(mask:16) for 184320 Bytes uncached buffer successfully, usage = 0x00000f02
09-05 22:18:38.983   150   291 I [Gralloc]: ion_alloc from ion_client:18 via heap type DMA(mask:16) for 184320 Bytes uncached buffer successfully, usage = 0x00000f02
09-05 22:18:38.990   150   291 I [Gralloc]: ion_alloc from ion_client:18 via heap type DMA(mask:16) for 184320 Bytes uncached buffer successfully, usage = 0x00000f02
09-05 22:18:39.010   973  1237 D WifiService: New client listening to asynchronous messages
09-05 22:18:39.139  1736  1838 W Launcher: setApplicationContext called twice! old=android.app.Application@bcb5dbe new=android.app.Application@bcb5dbe
09-05 22:18:39.140   287   287 W Binder_1: type=1400 audit(0.0:30): avc: denied { ioctl } for path="socket:[6455]" dev="sockfs" ino=6455 ioctlcmd=7704 scontext=u:r:surfaceflinger:s0 tcontext=u:r:surfaceflinger:s0 tclass=unix_stream_socket permissive=0
09-05 22:18:39.140   287   287 W Binder_1: type=1400 audit(0.0:31): avc: denied { ioctl } for path="socket:[6455]" dev="sockfs" ino=6455 ioctlcmd=7704 scontext=u:r:surfaceflinger:s0 tcontext=u:r:surfaceflinger:s0 tclass=unix_stream_socket permissive=0
09-05 22:18:39.158  1736  1874 D OpenGLRenderer: Use EGL_SWAP_BEHAVIOR_PRESERVED: false
09-05 22:18:39.173   973  1034 I ActivityManager: Start proc 1876:com.google.process.gapps/u0a7 for content provider com.google.android.gsf/.gservices.GservicesProvider
09-05 22:18:39.230  1881  1881 W Binder_7: type=1400 audit(0.0:32): avc: denied { ioctl } for path="socket:[8575]" dev="sockfs" ino=8575 ioctlcmd=7704 scontext=u:r:system_server:s0 tcontext=u:r:system_server:s0 tclass=unix_stream_socket permissive=0
09-05 22:18:39.271  1267  1307 I art     : Background partial concurrent mark sweep GC freed 12149(639KB) AllocSpace objects, 0(0B) LOS objects, 40% free, 8MB/13MB, paused 2.175ms total 151.946ms
09-05 22:18:39.240  1881  1881 W Binder_7: type=1400 audit(0.0:33): avc: denied { ioctl } for path="socket:[8575]" dev="sockfs" ino=8575 ioctlcmd=7704 scontext=u:r:system_server:s0 tcontext=u:r:system_server:s0 tclass=unix_stream_socket permissive=0
09-05 22:18:39.349  1862  1862 W System  : ClassLoader referenced unknown path: /system/priv-app/Velvet/lib/arm
09-05 22:18:39.486  1876  1876 W System  : ClassLoader referenced unknown path: /system/priv-app/GoogleServicesFramework/lib/arm
09-05 22:18:39.564   973   988 I art     : Background partial concurrent mark sweep GC freed 20821(1252KB) AllocSpace objects, 4(6MB) LOS objects, 33% free, 7MB/11MB, paused 3.020ms total 102.881ms
09-05 22:18:39.648  1781  1846 D ContactDirectoryManager: Found com.google.android.gm.exchange.bundled.directory.provider
09-05 22:18:39.654  1781  1846 D ContactDirectoryManager: Found com.google.contacts.gal.provider
09-05 22:18:39.693   973  1881 I ActivityManager: Start proc 1889:com.google.android.gm/u0a40 for content provider com.google.android.gm/com.android.exchange.provider.ExchangeDirectoryProvider
09-05 22:18:39.809  1876  1876 I GservicesProvider: Gservices pushing to system: true; secure/global: true
09-05 22:18:39.822  1736  1874 I OpenGLRenderer: Initialized EGL, version 1.4
09-05 22:18:40.049   150   287 I [Gralloc]: ion_alloc from ion_client:18 via heap type DMA(mask:16) for 3686400 Bytes uncached buffer successfully, usage = 0x00000f02
09-05 22:18:40.052  1889  1889 W System  : ClassLoader referenced unknown path: /system/app/Gmail2/lib/arm
09-05 22:18:40.180   150  1857 I [Gralloc]: ion_alloc from ion_client:18 via heap type DMA(mask:16) for 3686400 Bytes uncached buffer successfully, usage = 0x00000f02
09-05 22:18:40.287  1876  1876 I GoogleHttpClient: GMS http client unavailable, use old client
09-05 22:18:40.353   150  1857 I [Gralloc]: ion_alloc from ion_client:18 via heap type DMA(mask:16) for 3686400 Bytes uncached buffer successfully, usage = 0x00000f02
09-05 22:18:40.390  1894  1894 W Binder_8: type=1400 audit(0.0:34): avc: denied { ioctl } for path="socket:[8620]" dev="sockfs" ino=8620 ioctlcmd=7704 scontext=u:r:system_server:s0 tcontext=u:r:system_server:s0 tclass=unix_stream_socket permissive=0
09-05 22:18:40.390  1894  1894 W Binder_8: type=1400 audit(0.0:35): avc: denied { ioctl } for path="socket:[8620]" dev="sockfs" ino=8620 ioctlcmd=7704 scontext=u:r:system_server:s0 tcontext=u:r:system_server:s0 tclass=unix_stream_socket permissive=0
09-05 22:18:40.546   150  1857 I [Gralloc]: ion_alloc from ion_client:18 via heap type DMA(mask:16) for 3686400 Bytes uncached buffer successfully, usage = 0x00000f02
09-05 22:18:40.611  1736  1736 I Choreographer: Skipped 79 frames!  The application may be doing too much work on its main thread.
^C
C:\Users\Administrator>