09-05 22:18:20.671   973  1134 W PackageParser: Ignoring duplicate uses-permissions/uses-permissions-sdk-m: android.permission.WRITE_SYNC_SETTINGS in package: com.android.settings at: Binary XML file line #61
09-05 22:18:20.926   973  1134 W PackageParser: No actions in intent filter at /system/priv-app/SetupWizard/SetupWizard.apk Binary XML file line #184
09-05 22:18:20.971   973  1134 W PackageParser: Ignoring duplicate uses-permissions/uses-permissions-sdk-m: android.permission.INSTALL_GRANT_RUNTIME_PERMISSIONS in package: com.android.shell at: Binary XML file line #101
09-05 22:18:21.124   973  1134 W PackageParser: Ignoring duplicate uses-permissions/uses-permissions-sdk-m: android.permission.CONFIGURE_WIFI_DISPLAY in package: com.android.systemui at: Binary XML file line #120
09-05 22:18:21.774   973  1134 W PackageParser: Ignoring duplicate uses-permissions/uses-permissions-sdk-m: android.permission.READ_PHONE_STATE in package: com.google.android.googlequicksearchbox at: Binary XML file line #891
09-05 22:18:21.774   973  1134 W PackageParser: Ignoring duplicate uses-permissions/uses-permissions-sdk-m: android.permission.CAMERA in package: com.google.android.googlequicksearchbox at: Binary XML file line #892
09-05 22:18:21.879   973  1134 W PackageParser: Ignoring duplicate uses-permissions/uses-permissions-sdk-m: android.permission.READ_CONTACTS in package: com.android.bluetooth at: Binary XML file line #58
09-05 22:18:21.879   973   973 W PackageManager: Permission com.google.android.launcher.permission.READ_SETTINGS from package com.google.android.googlequicksearchbox in an unknown group android.permission-group.SYSTEM_TOOLS
09-05 22:18:21.880   973   973 W PackageManager: Permission com.google.android.launcher.permission.WRITE_SETTINGS from package com.google.android.googlequicksearchbox in an unknown group android.permission-group.SYSTEM_TOOLS
09-05 22:18:21.880   973   973 W PackageManager: Permission com.android.launcher.permission.INSTALL_SHORTCUT from package com.google.android.googlequicksearchbox in an unknown group android.permission-group.SYSTEM_TOOLS
09-05 22:18:21.883   973  1134 W PackageParser: No actions in intent filter at /system/app/Bluetooth/Bluetooth.apk Binary XML file line #216
09-05 22:18:22.458   973   973 W PackageManager: Permission com.android.chrome.permission.DEBUG from package com.android.chrome in an unknown group android.permission-group.DEVELOPMENT_TOOLS
09-05 22:18:22.529   973  1134 W PackageParser: Unknown element under <manifest>: user-permission at /system/app/DragonAging/DragonAging.apk Binary XML file line #26
09-05 22:18:22.562   973  1134 W PackageParser: Unknown element under <manifest>: user-permission at /system/app/DragonFire/DragonFire.apk Binary XML file line #27
09-05 22:18:22.989   973   973 W PackageManager: Permission com.google.android.apps.docs.permission.READ_MY_DATA from package com.google.android.apps.docs in an unknown group android.permission-group.PERSONAL_INFO
09-05 22:18:22.989   973   973 W PackageManager: Permission com.google.android.apps.docs.permission.SYNC_STATUS from package com.google.android.apps.docs in an unknown group android.permission-group.PERSONAL_INFO
09-05 22:18:23.285   973  1134 W PackageParser: No actions in intent filter at /system/app/Gmail2/Gmail2.apk Binary XML file line #260
09-05 22:18:23.366   973   973 W PackageManager: Permission com.google.android.gm.email.permission.READ_ATTACHMENT from package com.google.android.gm in an unknown group android.permission-group.MESSAGES
09-05 22:18:23.366   973   973 W PackageManager: Permission com.google.android.gm.permission.READ_GMAIL from package com.google.android.gm in an unknown group android.permission-group.MESSAGES
09-05 22:18:23.366   973   973 W PackageManager: Permission com.google.android.gm.permission.WRITE_GMAIL from package com.google.android.gm in an unknown group android.permission-group.MESSAGES
09-05 22:18:23.366   973   973 W PackageManager: Permission com.google.android.gm.permission.AUTO_SEND from package com.google.android.gm in an unknown group android.permission-group.MESSAGES
09-05 22:18:23.366   973   973 W PackageManager: Permission com.google.android.gm.permission.READ_CONTENT_PROVIDER from package com.google.android.gm in an unknown group android.permission-group.MESSAGES
09-05 22:18:24.680   973  1134 W PackageParser: Ignoring duplicate uses-permissions/uses-permissions-sdk-m: android.permission.WAKE_LOCK in package: com.google.android.apps.maps at: Binary XML file line #108
09-05 22:18:25.509   973  1134 W PackageParser: Problem in package /system/app/Photos/Photos.apk:
09-05 22:18:25.509   973  1134 W PackageParser: Unknown element under <activity>: category at /system/app/Photos/Photos.apk Binary XML file line #1146
09-05 22:18:26.356   973   973 D PackageManager: No files in app dir /data/app-private
09-05 22:18:26.398   973  1209 W PackageParser: Unknown element under <manifest>: receiver at /data/app/zausan.zdevicetest-1/base.apk Binary XML file line #353
09-05 22:18:26.434   973   973 I SELinux : SELinux: Loaded file_contexts contexts from /file_contexts.
09-05 22:18:26.602   973   973 W PackageManager: Package com.google.android.gms desires unavailable shared library com.google.android.ble; ignoring!
09-05 22:18:26.602   973   973 I PackageManager: Adjusting ABI for : com.google.android.backuptransport to armeabi-v7a
09-05 22:18:26.612   973   973 I PackageManager: Adjusting ABI for : com.google.android.gsf to armeabi-v7a
09-05 22:18:26.613   973   973 I PackageManager: Adjusting ABI for : com.google.android.gsf.login to armeabi-v7a
09-05 22:18:26.614   973   973 I PackageManager: Adjusting ABI for : com.android.inputdevices to armeabi-v7a
09-05 22:18:26.614   973   973 I PackageManager: Adjusting ABI for : com.android.location.fused to armeabi-v7a
09-05 22:18:26.614   973   973 I PackageManager: Adjusting ABI for : com.android.server.telecom to armeabi-v7a
09-05 22:18:26.615   973   973 I PackageManager: Adjusting ABI for : com.android.keychain to armeabi-v7a
09-05 22:18:26.615   973   973 I PackageManager: Adjusting ABI for : com.softwinner.dragonphone to armeabi-v7a
09-05 22:18:26.615   973   973 I PackageManager: Adjusting ABI for : com.android.settings to armeabi-v7a
09-05 22:18:26.616   973   973 I PackageManager: Adjusting ABI for : com.android.providers.settings to armeabi-v7a
09-05 22:18:26.620   973   973 I PackageManager: Time to scan packages: 9.421 seconds
09-05 22:18:26.621   973   973 W PackageManager: Not granting permission android.permission.MANAGE_DOCUMENTS to package com.google.android.youtube (protectionLevel=2 flags=0x38583e45)
09-05 22:18:26.622   973   973 W PackageManager: Unknown permission com.google.android.voicesearch.SHORTCUTS_ACCESS in package com.google.android.googlequicksearchbox
09-05 22:18:26.623   973   973 W PackageManager: Unknown permission com.google.android.voicesearch.ACCESS_SETTINGS in package com.google.android.googlequicksearchbox
09-05 22:18:26.623   973   973 W PackageManager: Unknown permission com.android.browser.permission.PRELOAD in package com.google.android.googlequicksearchbox
09-05 22:18:26.623   973   973 W PackageManager: Unknown permission com.google.android.ears.permission.WRITE in package com.google.android.googlequicksearchbox
09-05 22:18:26.623   973   973 W PackageManager: Unknown permission com.google.android.apps.googlevoice.permission.AUTO_SEND in package com.google.android.googlequicksearchbox
09-05 22:18:26.623   973   973 W PackageManager: Unknown permission com.android.chrome.PRERENDER_URL in package com.google.android.googlequicksearchbox
09-05 22:18:26.623   973   973 W PackageManager: Unknown permission com.google.android.launcher.permission.CONTENT_REDIRECT in package com.google.android.googlequicksearchbox
09-05 22:18:26.624   973   973 W PackageManager: Not granting permission com.google.android.googleapps.permission.GOOGLE_AUTH to package com.android.providers.calendar (protectionLevel=2 flags=0x30083e45)
09-05 22:18:26.624   973   973 W PackageManager: Not granting permission com.google.android.googleapps.permission.GOOGLE_AUTH.cl to package com.android.providers.calendar (protectionLevel=2 flags=0x30083e45)
09-05 22:18:26.624   973   973 W PackageManager: Not granting permission android.permission.SEND_DOWNLOAD_COMPLETED_INTENTS to package com.android.vending (protectionLevel=2 flags=0x384abe45)
09-05 22:18:26.624   973   973 W PackageManager: Unknown permission android.permission.SEND_SMS_NO_CONFIRMATION in package com.android.vending
09-05 22:18:26.625   973   973 I PackageManager: Un-granting permission android.permission.INSTALL_GRANT_RUNTIME_PERMISSIONS from package com.android.vending (protectionLevel=770 flags=0x384abe45)
09-05 22:18:26.625   973   973 I PackageManager: Un-granting permission android.permission.GRANT_RUNTIME_PERMISSIONS from package com.android.vending (protectionLevel=770 flags=0x384abe45)
09-05 22:18:26.625   973   973 I PackageManager: Un-granting permission android.permission.REVOKE_RUNTIME_PERMISSIONS from package com.android.vending (protectionLevel=770 flags=0x384abe45)
09-05 22:18:26.625   973   973 W PackageManager: Not granting permission android.permission.BIND_WALLPAPER to package com.android.camera2 (protectionLevel=18 flags=0x3058bc45)
09-05 22:18:26.626   973   973 W PackageManager: Unknown permission com.android.launcher.permission.READ_SETTINGS in package com.android.launcher3
09-05 22:18:26.626   973   973 W PackageManager: Unknown permission com.android.launcher.permission.WRITE_SETTINGS in package com.android.launcher3
09-05 22:18:26.626   973   973 W PackageManager: Unknown permission com.google.android.calendar.permission.READ_OOBE in package com.google.android.gm
09-05 22:18:26.626   973   973 W PackageManager: Unknown permission com.google.android.email.permission.ACCESS_PROVIDER in package com.google.android.gm
09-05 22:18:26.626   973   973 W PackageManager: Unknown permission com.google.android.gm.exchange.BIND in package com.google.android.gm
09-05 22:18:26.626   973   973 W PackageManager: Unknown permission com.android.email.partnerprovider.PARTNER_PROVIDER in package com.google.android.gm
09-05 22:18:26.626   973   973 W PackageManager: Not granting permission com.google.android.googleapps.permission.GOOGLE_AUTH.mail to package com.android.calendar (protectionLevel=2 flags=0x3009be45)
09-05 22:18:26.627   973   973 W PackageManager: Unknown permission android.permission.READ_OWNER_DATA in package com.google.android.setupwizard
09-05 22:18:26.627   973   973 W PackageManager: Unknown permission android.permission.WRITE_OWNER_DATA in package com.google.android.setupwizard
09-05 22:18:26.627   973   973 W PackageManager: Not granting permission android.permission.WRITE_MEDIA_STORAGE to package com.estrongs.android.pop (protectionLevel=18 flags=0x3848be44)
09-05 22:18:26.627   973   973 W PackageManager: Unknown permission android.permission.ACCESS_SUPERUSER in package com.estrongs.android.pop
09-05 22:18:26.627   973   973 W PackageManager: Unknown permission .PERMISSION in package com.estrongs.android.pop
09-05 22:18:26.628   973   973 W PackageManager: Unknown permission android.permission.WRITE_SYNC_STATS in package com.google.android.apps.docs
09-05 22:18:26.628   973   973 W PackageManager: Not granting permission android.permission.INTERACT_ACROSS_USERS to package com.google.android.syncadapters.contacts (protectionLevel=50 flags=0x38083e45)
09-05 22:18:26.628   973   973 W PackageManager: Unknown permission com.chrome.permission.DEVICE_EXTRAS in package com.android.chrome
09-05 22:18:26.628   973   973 W PackageManager: Unknown permission com.sec.enterprise.knox.MDM_CONTENT_PROVIDER in package com.android.chrome
09-05 22:18:26.629   973   973 I PackageManager: Un-granting permission android.permission.CLEAR_APP_USER_DATA from package com.google.android.packageinstaller (protectionLevel=258 flags=0x38483e45)
09-05 22:18:26.629   973   973 I PackageManager: Un-granting permission android.permission.GRANT_RUNTIME_PERMISSIONS from package com.google.android.packageinstaller (protectionLevel=770 flags=0x38483e45)
09-05 22:18:26.629   973   973 I PackageManager: Un-granting permission android.permission.REVOKE_RUNTIME_PERMISSIONS from package com.google.android.packageinstaller (protectionLevel=770 flags=0x38483e45)
09-05 22:18:26.629   973   973 I PackageManager: Un-granting permission android.permission.INSTALL_GRANT_RUNTIME_PERMISSIONS from package com.google.android.packageinstaller (protectionLevel=770 flags=0x38483e45)
09-05 22:18:26.629   973   973 I PackageManager: Un-granting permission android.permission.INTERACT_ACROSS_USERS_FULL from package com.google.android.packageinstaller (protectionLevel=258 flags=0x38483e45)
09-05 22:18:26.629   973   973 I PackageManager: Un-granting permission android.permission.KILL_UID from package com.google.android.packageinstaller (protectionLevel=258 flags=0x38483e45)
09-05 22:18:26.630   973   973 W PackageManager: Unknown permission com.google.android.apps.enterprise.dmagent.permission.AutoSyncPermission in package com.google.android.gms
09-05 22:18:26.630   973   973 W PackageManager: Unknown permission com.google.android.wearable.READ_SETTINGS in package com.google.android.gms
09-05 22:18:26.631   973   973 W PackageManager: Unknown permission com.android.launcher.permission.PRELOAD_WORKSPACE in package com.google.android.partnersetup
09-05 22:18:26.631   973   973 W PackageManager: Not granting permission com.google.android.googleapps.permission.GOOGLE_AUTH to package com.google.android.videos (protectionLevel=2 flags=0x3859be45)
09-05 22:18:26.631   973   973 W PackageManager: Unknown permission com.google.android.gallery3d.permission.PICASA_STORE in package com.google.android.apps.photos
09-05 22:18:26.631   973   973 W PackageManager: Not granting permission android.permission.WRITE_MEDIA_STORAGE to package com.google.android.apps.photos (protectionLevel=18 flags=0x3858be45)
09-05 22:18:26.632   973   973 W PackageManager: Unknown permission com.google.android.gallery3d.permission.PICASA_STORE in package com.android.dreams.phototable
09-05 22:18:26.632   973   973 W PackageManager: Not granting permission android.permission.CONTROL_KEYGUARD to package com.google.android.gsf.login (protectionLevel=2 flags=0x3048be45)
09-05 22:18:26.632   973   973 W PackageManager: Unknown permission com.android.vending.billing.IBillingAccountService.BIND2 in package com.google.android.gsf.login
09-05 22:18:26.632   973   973 W PackageManager: Not granting permission android.permission.READ_LOGS to package com.softwinner.fireplayer (protectionLevel=50 flags=0x3808be44)
09-05 22:18:26.632   973   973 W PackageManager: Unknown permission com.android.launcher.permission.READ_SETTINGS in package com.android.settings
09-05 22:18:26.633   973   973 W PackageManager: Unknown permission com.android.launcher.permission.WRITE_SETTINGS in package com.android.settings
09-05 22:18:26.633   973   973 W PackageManager: Not granting permission android.permission.ACCESS_MOCK_LOCATION to package zausan.zdevicetest (protectionLevel=2 flags=0x1808be44)
09-05 22:18:26.633   973   973 W PackageManager: Not granting permission android.permission.CONTROL_LOCATION_UPDATES to package zausan.zdevicetest (protectionLevel=18 flags=0x1808be44)
09-05 22:18:26.633   973   973 W PackageManager: Unknown permission com.dsi.ant.permission.ANT in package zausan.zdevicetest
09-05 22:18:26.633   973   973 W PackageManager: Unknown permission com.dsi.ant.permission.ANT_ADMIN in package zausan.zdevicetest
09-05 22:18:26.634   973   973 W PackageManager: Not granting permission android.permission.REGISTER_CONNECTION_MANAGER to package com.google.android.talk (protectionLevel=18 flags=0x3849be45)
09-05 22:18:26.635   973   973 W PackageManager: Unknown permission com.google.android.gallery3d.permission.GALLERY_PROVIDER in package com.android.bluetooth
09-05 22:18:26.635   973   973 W PackageManager: Unknown permission com.android.gallery3d.permission.GALLERY_PROVIDER in package com.android.bluetooth
09-05 22:18:26.748   973   973 I art     : Starting a blocking GC Explicit
09-05 22:18:26.789   973   973 I art     : Explicit concurrent mark sweep GC freed 20831(1404KB) AllocSpace objects, 2(40KB) LOS objects, 33% free, 4MB/7MB, paused 664us total 41.031ms
09-05 22:18:26.791   973   973 I SystemServer: User Service
09-05 22:18:26.815   148   148 I lowmemorykiller: ActivityManager connected
09-05 22:18:26.817   973   973 D SensorService: nuSensorService starting...
09-05 22:18:26.929   973   973 E AccelSensors: AccelSensor : set EVIOCSCLOCKID = 7
09-05 22:18:27.409   973   973 I SystemServer: first boot preinstall
09-05 22:18:27.409   973  1212 D SensorService: new thread SensorEventAckReceiver
09-05 22:18:27.409   973   973 I SystemServiceManager: Starting com.android.server.BatteryService
09-05 22:18:27.410   973  1213 D SensorService: nuSensorService thread starting...
09-05 22:18:27.428   973   973 I SystemServiceManager: Starting com.android.server.usage.UsageStatsService
09-05 22:18:27.429   973  1076 E KernelUidCpuTimeReader: Failed to read uid_cputime: /proc/uid_cputime/show_uid_stat: open failed: ENOENT (No such file or directory)
09-05 22:18:27.462   973   973 I SystemServiceManager: Starting com.android.server.webkit.WebViewUpdateService
09-05 22:18:27.473   973   973 I SystemServer: Reading configuration...
09-05 22:18:27.473   973   973 I SystemServer: Scheduling Policy
09-05 22:18:27.475   973   973 I SystemServiceManager: Starting com.android.server.telecom.TelecomLoaderService
09-05 22:18:27.482   973   973 I SystemServer: Telephony Registry
09-05 22:18:27.503   973   973 I SystemServer: Entropy Mixer
09-05 22:18:27.509   973   973 I EntropyMixer: Writing entropy...
09-05 22:18:27.513   973   973 I SystemServer: Camera Service
09-05 22:18:27.516   973   973 I SystemServiceManager: Starting com.android.server.camera.CameraService
09-05 22:18:27.543   973   973 I SystemServer: Account Manager
09-05 22:18:27.556   973   973 I SystemServer: Content Manager
09-05 22:18:27.571   973   973 I SystemServer: System Content Providers
09-05 22:18:27.579   973   973 W System  : ClassLoader referenced unknown path: /system/priv-app/SettingsProvider/lib/arm
09-05 22:18:27.644   973   973 I SystemServer: Vibrator Service
09-05 22:18:27.647   973  1217 I DynamicPManagerService: sayeye has connected
09-05 22:18:27.649   973   973 I SystemServer: Consumer IR Service
09-05 22:18:27.650   973   973 E ConsumerIrService: Can't open consumer IR HW Module, error: -2
09-05 22:18:27.651   973   973 I SystemServiceManager: Starting com.android.server.AlarmManagerService
09-05 22:18:27.663   973   973 D AlarmManagerService: Kernel timezone updated to -480 minutes west of GMT
09-05 22:18:27.677   973   973 I SystemServer: Init Watchdog
09-05 22:18:27.677   973   973 I SystemServer: Input Manager
09-05 22:18:27.679   973   973 I InputManager: Initializing input manager, mUseDevInputEventForAudioJack=false
09-05 22:18:27.691   973   973 I SystemServer: Window Manager
09-05 22:18:27.740   287   287 W Binder_1: type=1400 audit(0.0:8): avc: denied { ioctl } for path="socket:[6271]" dev="sockfs" ino=6271 ioctlcmd=7704 scontext=u:r:surfaceflinger:s0 tcontext=u:r:surfaceflinger:s0 tclass=unix_stream_socket permissive=0
09-05 22:18:27.740   287   287 W Binder_1: type=1400 audit(0.0:9): avc: denied { ioctl } for path="socket:[6271]" dev="sockfs" ino=6271 ioctlcmd=7704 scontext=u:r:surfaceflinger:s0 tcontext=u:r:surfaceflinger:s0 tclass=unix_stream_socket permissive=0
09-05 22:18:27.759   973  1102 I WindowManager: No existing display settings /data/system/display_settings.xml; starting empty
09-05 22:18:27.887   973   973 I InputManager: Starting input manager
09-05 22:18:27.890   973   973 I InputManager-JNI: Setting show touches feature to enabled.
09-05 22:18:27.891   973   973 I SystemServer: Bluetooth Service
09-05 22:18:27.891   973   973 I SystemServiceManager: Starting com.android.server.BluetoothService
09-05 22:18:27.894   973  1220 I EventHub: New device: id=1, fd=79, path='/dev/input/event5', name='gt9xxf_ts', classes=0x14, configuration='/system/usr/idc/tp.idc', keyLayout='', keyCharacterMap='', builtinKeyboard=false, wakeMechanism=EVIOCSSUSPENDBLOCK, usingClockIoctl=true
09-05 22:18:27.894   973  1220 D EventHub: No input device configuration file found for device 'lis3dh_acc'.
09-05 22:18:27.912   973   973 D BluetoothService: onStart: publishing BluetoothManagerService
09-05 22:18:27.914   973   973 I SystemServer: Input Method Service
09-05 22:18:27.957   973  1220 D EventHub: No input device configuration file found for device 'sunxi-keyboard'.
09-05 22:18:27.968   973  1220 W EventHub: Unable to disable kernel key repeat for /dev/input/event3: Function not implemented
09-05 22:18:27.969   973  1220 I EventHub: New device: id=3, fd=81, path='/dev/input/event3', name='sunxi-keyboard', classes=0x1, configuration='', keyLayout='/system/usr/keylayout/sunxi-keyboard.kl', keyCharacterMap='/system/usr/keychars/Generic.kcm', builtinKeyboard=false, wakeMechanism=EVIOCSSUSPENDBLOCK, usingClockIoctl=true
09-05 22:18:27.970   973  1220 D EventHub: No input device configuration file found for device 'axp22-supplyer'.
09-05 22:18:27.980   973  1220 W EventHub: Unable to disable kernel key repeat for /dev/input/event0: Function not implemented
09-05 22:18:27.980   973  1220 I EventHub: New device: id=4, fd=83, path='/dev/input/event0', name='axp22-supplyer', classes=0x1, configuration='', keyLayout='/system/usr/keylayout/Generic.kl', keyCharacterMap='/system/usr/keychars/Generic.kcm', builtinKeyboard=false, wakeMechanism=EVIOCSSUSPENDBLOCK, usingClockIoctl=true
09-05 22:18:27.981   973  1220 D EventHub: No input device configuration file found for device 'sunxi-ths'.
09-05 22:18:27.990   973   973 I SystemServer: Accessibility Manager
09-05 22:18:28.013   973   973 I ActivityManager: Config changes=1df8 {1.0 ?mcc?mnc zh_CN ldltr sw540dp w540dp h961dp 213dpi lrg long port ?uimode ?night -touch -keyb/v/h -nav/h s.2}
09-05 22:18:28.037   973   973 I ActivityManager: Config changes=400 {1.0 ?mcc?mnc zh_CN ldltr sw540dp w540dp h889dp 213dpi lrg long port ?uimode ?night -touch -keyb/v/h -nav/h s.3}
09-05 22:18:28.040   973   973 I SystemServiceManager: Starting com.android.server.MountService$Lifecycle
09-05 22:18:28.052   973  1221 D MountService: Thinking about reset, mSystemReady=false, mDaemonConnected=true
09-05 22:18:28.052   973  1221 D MountService: Thinking about reset, mSystemReady=false, mDaemonConnected=true
09-05 22:18:28.053   973  1221 D CryptdConnector: SND -> {1 cryptfs getfield SystemLocale}
09-05 22:18:28.055   973   973 I SystemServiceManager: Starting com.android.server.UiModeManagerService
09-05 22:18:28.057   973  1220 D EventHub: No input device configuration file found for device 'headset'.
09-05 22:18:28.057   135   157 I Ext4Crypt: ext4 crypto complete called on /data
09-05 22:18:28.057   135   157 I Ext4Crypt: No master key, so not ext4enc
09-05 22:18:28.059   973  1223 D CryptdConnector: RCV <- {200 1 -1}
09-05 22:18:28.060   973   973 I ActivityManager: Config changes=200 {1.0 ?mcc?mnc zh_CN ldltr sw540dp w540dp h889dp 213dpi lrg long port -touch -keyb/v/h -nav/h s.4}
09-05 22:18:28.062   973  1221 W MountService: No primary storage mounted!
09-05 22:18:28.062   973  1221 D VoldConnector: SND -> {1 asec list}
09-05 22:18:28.065   973  1222 D VoldConnector: RCV <- {200 1 asec operation succeeded}
09-05 22:18:28.066   973  1220 W EventHub: Unable to disable kernel key repeat for /dev/input/event1: Function not implemented
09-05 22:18:28.066   973  1220 I EventHub: New device: id=6, fd=90, path='/dev/input/event1', name='headset', classes=0x1, configuration='', keyLayout='/system/usr/keylayout/Generic.kl', keyCharacterMap='/system/usr/keychars/Generic.kcm', builtinKeyboard=false, wakeMechanism=EVIOCSSUSPENDBLOCK, usingClockIoctl=true
09-05 22:18:28.067   973  1220 E EventHub: could not get driver version for /dev/input/mice, Not a typewriter
09-05 22:18:28.070   973  1221 I PackageManager: No secure containers found
09-05 22:18:28.070   973  1221 W PackageManager: Not granting permission android.permission.MANAGE_DOCUMENTS to package com.google.android.youtube (protectionLevel=2 flags=0x38583e45)
09-05 22:18:28.071   973  1221 W PackageManager: Unknown permission com.google.android.voicesearch.SHORTCUTS_ACCESS in package com.google.android.googlequicksearchbox
09-05 22:18:28.071   973  1221 W PackageManager: Unknown permission com.google.android.voicesearch.ACCESS_SETTINGS in package com.google.android.googlequicksearchbox
09-05 22:18:28.071   973  1221 W PackageManager: Unknown permission com.android.browser.permission.PRELOAD in package com.google.android.googlequicksearchbox
09-05 22:18:28.071   973  1221 W PackageManager: Unknown permission com.google.android.ears.permission.WRITE in package com.google.android.googlequicksearchbox
09-05 22:18:28.071   973  1221 W PackageManager: Unknown permission com.google.android.apps.googlevoice.permission.AUTO_SEND in package com.google.android.googlequicksearchbox
09-05 22:18:28.071   973  1221 W PackageManager: Unknown permission com.android.chrome.PRERENDER_URL in package com.google.android.googlequicksearchbox
09-05 22:18:28.071   973  1221 W PackageManager: Unknown permission com.google.android.launcher.permission.CONTENT_REDIRECT in package com.google.android.googlequicksearchbox
09-05 22:18:28.072   973  1221 W PackageManager: Not granting permission com.google.android.googleapps.permission.GOOGLE_AUTH to package com.android.providers.calendar (protectionLevel=2 flags=0x30083e45)
09-05 22:18:28.072   973  1221 W PackageManager: Not granting permission com.google.android.googleapps.permission.GOOGLE_AUTH.cl to package com.android.providers.calendar (protectionLevel=2 flags=0x30083e45)
09-05 22:18:28.072   973  1221 W PackageManager: Not granting permission android.permission.SEND_DOWNLOAD_COMPLETED_INTENTS to package com.android.vending (protectionLevel=2 flags=0x384abe45)
09-05 22:18:28.073   973  1221 W PackageManager: Unknown permission android.permission.SEND_SMS_NO_CONFIRMATION in package com.android.vending
09-05 22:18:28.073   973  1221 W PackageManager: Not granting permission android.permission.BIND_WALLPAPER to package com.android.camera2 (protectionLevel=18 flags=0x3058bc45)
09-05 22:18:28.074   973  1221 W PackageManager: Unknown permission com.android.launcher.permission.READ_SETTINGS in package com.android.launcher3
09-05 22:18:28.074   973  1221 W PackageManager: Unknown permission com.android.launcher.permission.WRITE_SETTINGS in package com.android.launcher3
09-05 22:18:28.074   973  1221 W PackageManager: Unknown permission com.google.android.calendar.permission.READ_OOBE in package com.google.android.gm
09-05 22:18:28.074   973  1221 W PackageManager: Unknown permission com.google.android.email.permission.ACCESS_PROVIDER in package com.google.android.gm
09-05 22:18:28.074   973  1221 W PackageManager: Unknown permission com.google.android.gm.exchange.BIND in package com.google.android.gm
09-05 22:18:28.074   973  1221 W PackageManager: Unknown permission com.android.email.partnerprovider.PARTNER_PROVIDER in package com.google.android.gm
09-05 22:18:28.074   973  1221 W PackageManager: Not granting permission com.google.android.googleapps.permission.GOOGLE_AUTH.mail to package com.android.calendar (protectionLevel=2 flags=0x3009be45)
09-05 22:18:28.075   973  1221 W PackageManager: Unknown permission android.permission.READ_OWNER_DATA in package com.google.android.setupwizard
09-05 22:18:28.075   973  1221 W PackageManager: Unknown permission android.permission.WRITE_OWNER_DATA in package com.google.android.setupwizard
09-05 22:18:28.075   973  1221 W PackageManager: Not granting permission android.permission.WRITE_MEDIA_STORAGE to package com.estrongs.android.pop (protectionLevel=18 flags=0x3848be44)
09-05 22:18:28.075   973  1221 W PackageManager: Unknown permission android.permission.ACCESS_SUPERUSER in package com.estrongs.android.pop
09-05 22:18:28.075   973  1221 W PackageManager: Unknown permission .PERMISSION in package com.estrongs.android.pop
09-05 22:18:28.075   973  1221 W PackageManager: Unknown permission android.permission.WRITE_SYNC_STATS in package com.google.android.apps.docs
09-05 22:18:28.076   973   973 W PackageManager: No disk maintenance in 259956076; running immediately
09-05 22:18:28.076   973  1221 W PackageManager: Not granting permission android.permission.INTERACT_ACROSS_USERS to package com.google.android.syncadapters.contacts (protectionLevel=50 flags=0x38883e45)
09-05 22:18:28.076   973  1221 W PackageManager: Unknown permission com.chrome.permission.DEVICE_EXTRAS in package com.android.chrome
09-05 22:18:28.077   973  1221 W PackageManager: Unknown permission com.sec.enterprise.knox.MDM_CONTENT_PROVIDER in package com.android.chrome
09-05 22:18:28.078   973  1221 W PackageManager: Unknown permission com.google.android.apps.enterprise.dmagent.permission.AutoSyncPermission in package com.google.android.gms
09-05 22:18:28.079   973  1221 W PackageManager: Unknown permission com.google.android.wearable.READ_SETTINGS in package com.google.android.gms
09-05 22:18:28.081   973  1221 W PackageManager: Unknown permission com.android.launcher.permission.PRELOAD_WORKSPACE in package com.google.android.partnersetup
09-05 22:18:28.082   973  1221 W PackageManager: Not granting permission com.google.android.googleapps.permission.GOOGLE_AUTH to package com.google.android.videos (protectionLevel=2 flags=0x3859be45)
09-05 22:18:28.083   973  1221 W PackageManager: Unknown permission com.google.android.gallery3d.permission.PICASA_STORE in package com.google.android.apps.photos
09-05 22:18:28.083   973  1221 W PackageManager: Not granting permission android.permission.WRITE_MEDIA_STORAGE to package com.google.android.apps.photos (protectionLevel=18 flags=0x3858be45)
09-05 22:18:28.084   973  1221 W PackageManager: Unknown permission com.google.android.gallery3d.permission.PICASA_STORE in package com.android.dreams.phototable
09-05 22:18:28.085   973  1221 W PackageManager: Not granting permission android.permission.CONTROL_KEYGUARD to package com.google.android.gsf.login (protectionLevel=2 flags=0x3048be45)
09-05 22:18:28.086   973  1221 W PackageManager: Unknown permission com.android.vending.billing.IBillingAccountService.BIND2 in package com.google.android.gsf.login
09-05 22:18:28.086   973  1221 W PackageManager: Not granting permission android.permission.READ_LOGS to package com.softwinner.fireplayer (protectionLevel=50 flags=0x3808be44)
09-05 22:18:28.088   973  1221 W PackageManager: Unknown permission com.android.launcher.permission.READ_SETTINGS in package com.android.settings
09-05 22:18:28.088   973  1221 W PackageManager: Unknown permission com.android.launcher.permission.WRITE_SETTINGS in package com.android.settings
09-05 22:18:28.089   973  1221 W PackageManager: Not granting permission android.permission.ACCESS_MOCK_LOCATION to package zausan.zdevicetest (protectionLevel=2 flags=0x1808be44)
09-05 22:18:28.089   973  1221 W PackageManager: Not granting permission android.permission.CONTROL_LOCATION_UPDATES to package zausan.zdevicetest (protectionLevel=18 flags=0x1808be44)
09-05 22:18:28.089   973  1221 W PackageManager: Unknown permission com.dsi.ant.permission.ANT in package zausan.zdevicetest
09-05 22:18:28.089   973  1221 W PackageManager: Unknown permission com.dsi.ant.permission.ANT_ADMIN in package zausan.zdevicetest
09-05 22:18:28.090   973  1221 W PackageManager: Not granting permission android.permission.REGISTER_CONNECTION_MANAGER to package com.google.android.talk (protectionLevel=18 flags=0x3849be45)
09-05 22:18:28.092   973  1075 I UsageStatsService: User[0] Rollover scheduled @ 2016-09-06 08:00:00(1473120000000)
09-05 22:18:28.096   973  1221 W PackageManager: Unknown permission com.google.android.gallery3d.permission.GALLERY_PROVIDER in package com.android.bluetooth
09-05 22:18:28.096   973  1221 W PackageManager: Unknown permission com.android.gallery3d.permission.GALLERY_PROVIDER in package com.android.bluetooth
09-05 22:18:28.129   973  1220 I InputReader: Device added: id=-1, name='Virtual', sources=0x00000301
09-05 22:18:28.129   973  1220 I InputReader: Device added: id=6, name='headset', sources=0x00000101
09-05 22:18:28.129   973  1220 I InputReader: Device added: id=4, name='axp22-supplyer', sources=0x00000101
09-05 22:18:28.129   973  1220 I InputReader: Device added: id=3, name='sunxi-keyboard', sources=0x00000101
09-05 22:18:28.132   973  1220 I InputReader:   Touch device 'gt9xxf_ts' could not query the properties of its associated display.  The device will be inoperable until the display size becomes available.
09-05 22:18:28.132   973  1220 I InputReader: Device added: id=1, name='gt9xxf_ts', sources=0x00001002
09-05 22:18:28.133   973  1220 I InputReader: Reconfiguring input devices.  changes=0x0000000c
09-05 22:18:28.178   973  1220 I InputReader: Device reconfigured: id=1, name='gt9xxf_ts', size 720x1280, orientation 0, mode 1, display id 0
09-05 22:18:28.188   973  1219 I ActivityManager: Config changes=8 {1.0 ?mcc?mnc zh_CN ldltr sw540dp w540dp h889dp 213dpi lrg long port finger -keyb/v/h -nav/h s.5}
09-05 22:18:28.218   973  1221 W MountService: No primary storage defined yet; hacking together a stub
09-05 22:18:28.221   973  1221 W MountService: No primary storage defined yet; hacking together a stub
09-05 22:18:28.223   973   973 I SystemServer: LockSettingsService
09-05 22:18:28.224   973  1221 W MountService: No primary storage mounted!
09-05 22:18:28.224   973  1221 D VoldConnector: SND -> {2 asec list}
09-05 22:18:28.225   973  1222 D VoldConnector: RCV <- {200 2 asec operation succeeded}
09-05 22:18:28.226   973  1221 I MountService: Running fstrim idle maintenance
09-05 22:18:28.228   973  1221 D VoldConnector: SND -> {3 fstrim dotrim}
09-05 22:18:28.230   973  1222 D VoldConnector: RCV <- {200 3 Command succeeded}
09-05 22:18:28.233   135  1224 D vold    : Starting trim of /cache
09-05 22:18:28.233   135  1224 W vold    : Trim failed on /cache: Operation not supported on transport endpoint
09-05 22:18:28.233   973  1222 D VoldConnector: RCV <- {662 /cache -1 -1}
09-05 22:18:28.233   973   973 I SystemServiceManager: Starting com.android.server.PersistentDataBlockService
09-05 22:18:28.234   135  1224 D vold    : Starting trim of /logger
09-05 22:18:28.235   135  1224 W vold    : Trim failed on /logger: Operation not supported on transport endpoint
09-05 22:18:28.235   973  1222 D VoldConnector: RCV <- {662 /logger -1 -1}
09-05 22:18:28.236   135  1224 D vold    : Starting trim of /data
09-05 22:18:28.236   135  1224 W vold    : Trim failed on /data: Operation not supported on transport endpoint
09-05 22:18:28.236   135  1224 D vold    : Starting trim of none
09-05 22:18:28.236   135  1224 W vold    : Failed to open none: No such file or directory
09-05 22:18:28.236   973  1222 D VoldConnector: RCV <- {662 /data -1 -1}
09-05 22:18:28.236   973  1078 E VoldConnector: Error handling '662 /cache -1 -1': java.lang.NullPointerException: Attempt to invoke virtual method 'void android.os.DropBoxManager.addText(java.lang.String, java.lang.String)' on a null object reference
09-05 22:18:28.238   973  1078 E VoldConnector: Error handling '662 /logger -1 -1': java.lang.NullPointerException: Attempt to invoke virtual method 'void android.os.DropBoxManager.addText(java.lang.String, java.lang.String)' on a null object reference
09-05 22:18:28.239   973  1078 E VoldConnector: Error handling '662 /data -1 -1': java.lang.NullPointerException: Attempt to invoke virtual method 'void android.os.DropBoxManager.addText(java.lang.String, java.lang.String)' on a null object reference
09-05 22:18:28.303   973  1077 D TypefaceImpl: makeFontCollection adding /system/fonts/Roboto-Regular.ttf
09-05 22:18:28.354   973   973 I SystemServiceManager: Starting com.android.server.DeviceIdleController
09-05 22:18:28.363   973   973 I SystemServiceManager: Starting com.android.server.devicepolicy.DevicePolicyManagerService$Lifecycle
09-05 22:18:28.373   973   973 I SystemServer: Status Bar
09-05 22:18:28.379   973   973 I SystemServer: Clipboard Service
09-05 22:18:28.383   973   973 I SystemServer: NetworkManagement Service
09-05 22:18:28.393   973   973 I SystemServer: Text Service Manager Service
09-05 22:18:28.405   973   973 I SystemServer: Network Score Service
09-05 22:18:28.411   973   973 I SystemServer: NetworkStats Service
09-05 22:18:28.427   973  1077 E Minikin : addFont failed to create font /system/fonts/NanumGothic.ttf
09-05 22:18:28.427   973  1077 E Minikin : addFont failed to create font /system/fonts/DroidSansFallback.ttf
09-05 22:18:28.427   973  1077 E Minikin : addFont failed to create font /system/fonts/MTLmr3m.ttf
09-05 22:18:28.444   973   973 I SystemServer: NetworkPolicy Service
09-05 22:18:28.561   973   973 I SystemServiceManager: Starting com.android.server.wifi.p2p.WifiP2pService
09-05 22:18:28.630  1107  1107 W Binder_3: type=1400 audit(0.0:10): avc: denied { ioctl } for path="socket:[6278]" dev="sockfs" ino=6278 ioctlcmd=7704 scontext=u:r:surfaceflinger:s0 tcontext=u:r:surfaceflinger:s0 tclass=unix_stream_socket permissive=0
09-05 22:18:28.630  1107  1107 W Binder_3: type=1400 audit(0.0:11): avc: denied { ioctl } for path="socket:[6278]" dev="sockfs" ino=6278 ioctlcmd=7704 scontext=u:r:surfaceflinger:s0 tcontext=u:r:surfaceflinger:s0 tclass=unix_stream_socket permissive=0
09-05 22:18:28.630   291   291 W Binder_2: type=1400 audit(0.0:12): avc: denied { ioctl } for path="socket:[6284]" dev="sockfs" ino=6284 ioctlcmd=7704 scontext=u:r:surfaceflinger:s0 tcontext=u:r:surfaceflinger:s0 tclass=unix_stream_socket permissive=0
09-05 22:18:28.630   291   291 W Binder_2: type=1400 audit(0.0:13): avc: denied { ioctl } for path="socket:[6284]" dev="sockfs" ino=6284 ioctlcmd=7704 scontext=u:r:surfaceflinger:s0 tcontext=u:r:surfaceflinger:s0 tclass=unix_stream_socket permissive=0
09-05 22:18:28.644   973  1229 D OpenGLRenderer: Use EGL_SWAP_BEHAVIOR_PRESERVED: false
09-05 22:18:28.679   973  1077 E EmojiFactory_jni: Failed to load libemoji.so: dlopen failed: library "libemoji.so" not found
09-05 22:18:28.726   973   973 I WifiP2pService: Registering wifip2p
09-05 22:18:28.729   973   973 I SystemServiceManager: Starting com.android.server.wifi.WifiService
09-05 22:18:28.806   973  1229 D libEGL  : loaded /system/lib/egl/libGLES_mali.so
09-05 22:18:28.861   973  1229 I OpenGLRenderer: Initialized EGL, version 1.4
09-05 22:18:28.878   150   291 I [Gralloc]: ion_alloc from ion_client:18 via heap type DMA(mask:16) for 809088 Bytes uncached buffer successfully, usage = 0x00000f02
09-05 22:18:28.890   150  1107 I [Gralloc]: ion_alloc from ion_client:18 via heap type DMA(mask:16) for 809088 Bytes uncached buffer successfully, usage = 0x00000f02
09-05 22:18:28.897   150  1107 I [Gralloc]: ion_alloc from ion_client:18 via heap type DMA(mask:16) for 809088 Bytes uncached buffer successfully, usage = 0x00000f02
09-05 22:18:28.905   150  1107 I [Gralloc]: ion_alloc from ion_client:18 via heap type DMA(mask:16) for 809088 Bytes uncached buffer successfully, usage = 0x00000f02
09-05 22:18:29.013   150   287 I SurfaceFlinger: Boot is finished (20969 ms)
09-05 22:18:29.142   973   973 D HS20    : Passpoint is disabled
09-05 22:18:29.160   973  1236 D WifiHW  : Enter wifi_unload_driver Function.
09-05 22:18:29.173   973   973 D WifiController: isAirplaneModeOn = false, isWifiEnabled = true, isScanningAvailable = true
09-05 22:18:29.176   973   973 I WifiService: Registering wifi
09-05 22:18:29.180   973   973 I SystemServiceManager: Starting com.android.server.wifi.WifiScanningService
09-05 22:18:29.180   973   973 I WifiScanningService: Creating wifiscanner
09-05 22:18:29.182   973   973 I WifiScanningService: Starting wifiscanner
09-05 22:18:29.186   973   973 I SystemServiceManager: Starting com.android.server.wifi.RttService
09-05 22:18:29.187   973   973 I RttService: Creating rttmanager
09-05 22:18:29.188   973   973 I RttService: Starting rttmanager
09-05 22:18:29.191   973   973 I SystemServiceManager: Starting com.android.server.ethernet.EthernetService
09-05 22:18:29.195   973   973 I EthernetServiceImpl: Creating EthernetConfigStore
09-05 22:18:29.201   973   973 E IpConfigStore: Error parsing configuration: java.io.FileNotFoundException: /data/misc/ethernet/ipconfig.txt: open failed: ENOENT (No such file or directory)
09-05 22:18:29.201   973   973 W EthernetConfigStore: No Ethernet configuration found. Using default.
09-05 22:18:29.202   973   973 I EthernetServiceImpl: Read stored IP configuration: IP assignment: DHCP
09-05 22:18:29.202   973   973 I EthernetServiceImpl: Proxy settings: NONE
09-05 22:18:29.202   973   973 I EthernetService: Registering service ethernet
09-05 22:18:29.204   973   973 I SystemServer: Connectivity Service
09-05 22:18:29.210   973   973 D ConnectivityService: ConnectivityService starting up
09-05 22:18:29.225   973   973 D ConnectivityService: wifiOnly=false
09-05 22:18:29.226   973   973 E ConnectivityService: Ignoring protectedNetwork 10
09-05 22:18:29.226   973   973 E ConnectivityService: Ignoring protectedNetwork 11
09-05 22:18:29.226   973   973 E ConnectivityService: Ignoring protectedNetwork 12
09-05 22:18:29.226   973   973 E ConnectivityService: Ignoring protectedNetwork 14
09-05 22:18:29.226   973   973 E ConnectivityService: Ignoring protectedNetwork 15
09-05 22:18:29.247   973   973 I SystemServer: Network Service Discovery Service
09-05 22:18:29.255   973   973 D NsdService: Network service discovery enabled true
09-05 22:18:29.259   973   973 I SystemServer: UpdateLock Service
09-05 22:18:29.262   973   973 I SystemServiceManager: Starting com.android.server.notification.NotificationManagerService
09-05 22:18:29.341   973   973 I SystemServiceManager: Starting com.android.server.storage.DeviceStorageMonitorService
09-05 22:18:29.354   973   973 I SystemServer: Location Manager
09-05 22:18:29.362   973   973 I SystemServer: Country Detector
09-05 22:18:29.364   973  1236 D WifiApConfigStore: 2G band allowed channels are:1,6,11
09-05 22:18:29.370   973   973 I SystemServer: Search Service
09-05 22:18:29.378   973   973 I SystemServer: DropBox Service
09-05 22:18:29.384   973   973 I SystemServer: Wallpaper Service
09-05 22:18:29.398   973   973 I SystemServer: Audio Service
09-05 22:18:29.426   973   988 W art     : Suspending all threads took: 11.138ms
09-05 22:18:29.445   973   988 I art     : Background sticky concurrent mark sweep GC freed 7844(623KB) AllocSpace objects, 3(60KB) LOS objects, 11% free, 6MB/7MB, paused 21.433ms total 70.848ms
09-05 22:18:29.454   973   973 W TelecomManager: Telecom Service not found.
09-05 22:18:29.455   160  1136 D PermissionCache: checking android.permission.MODIFY_AUDIO_SETTINGS for uid=1000 => granted (1422 us)
09-05 22:18:29.459   160  1132 E AudioFlinger: no wake lock to update!
09-05 22:18:29.477   160  1129 V audio_hw_primary: adev_set_voice_volume, volume: 0.800000
09-05 22:18:29.497   973   973 I SystemServiceManager: Starting com.android.server.DockObserver
09-05 22:18:29.499   973   973 W DockObserver: This kernel does not have dock station support
09-05 22:18:29.504   973   973 I SystemServer: Wired Accessory Manager
09-05 22:18:29.510   973   973 W WiredAccessoryManager: This kernel does not have usb audio support
09-05 22:18:29.510   973   973 W WiredAccessoryManager: This kernel does not have HDMI audio support
09-05 22:18:29.511   973   973 I SystemServiceManager: Starting com.android.server.midi.MidiService$Lifecycle
09-05 22:18:29.525   973   973 I SystemServiceManager: Starting com.android.server.usb.UsbService$Lifecycle
09-05 22:18:29.574   973   973 I SystemServer: Serial Service
09-05 22:18:29.576   973   973 I SystemServiceManager: Starting com.android.server.twilight.TwilightService
09-05 22:18:29.582   973   973 I SystemServiceManager: Starting com.android.server.job.JobSchedulerService
09-05 22:18:29.603   973   973 I SystemServiceManager: Starting com.android.server.backup.BackupManagerService$Lifecycle
09-05 22:18:29.609   973   973 I SystemServiceManager: Starting com.android.server.appwidget.AppWidgetService
09-05 22:18:29.617   973   973 I SystemServiceManager: Starting com.android.server.voiceinteraction.VoiceInteractionManagerService
09-05 22:18:29.622   160  1136 D PermissionCache: checking android.permission.CAPTURE_AUDIO_HOTWORD for uid=1000 => granted (365 us)
09-05 22:18:29.624   973   973 W SoundTriggerHelper: listModules status=0, # of modules=0
09-05 22:18:29.633   973   973 I SystemServer: Gesture Launcher Service
09-05 22:18:29.634   973   973 I SystemServiceManager: Starting com.android.server.GestureLauncherService
09-05 22:18:29.635   973   973 I SystemServer: DiskStats Service
09-05 22:18:29.639   973   973 I SystemServer: SamplingProfiler Service
09-05 22:18:29.646   973   973 I SystemServer: NetworkTimeUpdateService
09-05 22:18:29.647   973   973 I SystemServer: CommonTimeManagementService
09-05 22:18:29.651   973   973 I SystemServer: CertBlacklister
09-05 22:18:29.655   973   973 I SystemServiceManager: Starting com.android.server.dreams.DreamManagerService
09-05 22:18:29.660   973   973 I SystemServer: Assets Atlas Service
09-05 22:18:29.665   973   973 I SystemServiceManager: Starting com.android.server.print.PrintManagerService
09-05 22:18:29.672   973  1245 D AssetAtlas: Loaded configuration: SliceMinArea (832x2048) flags=0x2 count=360
09-05 22:18:29.680   973   973 I SystemServiceManager: Starting com.android.server.restrictions.RestrictionsManagerService
09-05 22:18:29.685   973   973 I SystemServiceManager: Starting com.android.server.media.MediaSessionService
09-05 22:18:29.701   973   973 I SystemServer: Media Router Service
09-05 22:18:29.707   973   973 I SystemServiceManager: Starting com.android.server.trust.TrustManagerService
09-05 22:18:29.712   150   291 I [Gralloc]: ion_alloc from ion_client:18 via heap type DMA(mask:16) for 6815744 Bytes uncached buffer successfully, usage = 0x00000100
09-05 22:18:29.716   973   973 I SystemServiceManager: Starting com.android.server.fingerprint.FingerprintService
09-05 22:18:29.726   973   973 W FingerprintService: fingerprint service not available
09-05 22:18:29.727   973   973 V FingerprintService: Fingerprint HAL id: 0
09-05 22:18:29.728   973   973 I SystemServer: BackgroundDexOptService
09-05 22:18:29.733   973   973 I SystemServiceManager: Starting com.android.server.pm.LauncherAppsService
09-05 22:18:29.746   973   973 I SystemServiceManager: Starting com.android.server.media.projection.MediaProjectionManagerService
09-05 22:18:29.759   973  1245 D AssetAtlas: Rendered atlas in 26.49ms (0.00+26.49ms)
09-05 22:18:29.779   973   973 I WindowManager: SAFE MODE not enabled
09-05 22:18:29.780   973   973 I SystemServiceManager: Starting com.android.server.MmsServiceBroker
09-05 22:18:29.860   973   973 E LockSettingsStorage: Cannot read file java.io.FileNotFoundException: /data/system/gatekeeper.password.key: open failed: ENOENT (No such file or directory)
09-05 22:18:29.860   973   973 E LockSettingsStorage: Cannot read file java.io.FileNotFoundException: /data/system/password.key: open failed: ENOENT (No such file or directory)
09-05 22:18:29.861   973   973 E LockSettingsStorage: Cannot read file java.io.FileNotFoundException: /data/system/gatekeeper.pattern.key: open failed: ENOENT (No such file or directory)
09-05 22:18:29.862   973   973 E LockSettingsStorage: Cannot read file java.io.FileNotFoundException: /data/system/gatekeeper.gesture.key: open failed: ENOENT (No such file or directory)
09-05 22:18:29.862   973   973 E LockSettingsStorage: Cannot read file java.io.FileNotFoundException: /data/system/gesture.key: open failed: ENOENT (No such file or directory)
09-05 22:18:29.862   973   973 I SystemServiceManager: Starting phase 480
09-05 22:18:29.892   973   973 I SystemServiceManager: Starting phase 500
09-05 22:18:29.895   973   973 D BluetoothService: onBootPhase: PHASE_SYSTEM_SERVICES_READY
09-05 22:18:29.903   973   973 I WifiService: WifiService starting up with Wi-Fi enabled
09-05 22:18:29.909   973   973 D WifiService: setWifiEnabled: true pid=973, uid=1000
09-05 22:18:29.910   973   973 E WifiService: Invoking mWifiStateMachine.setWifiEnabled
09-05 22:18:29.912   973  1237 D WifiController: WifiController msg { when=0 what=155656 target=com.android.internal.util.StateMachine$SmHandler } deferred for 499ms
09-05 22:18:29.913   154  1033 D WifiHW  : Enter: wifi_get_fw_path function, fw_type=0,
09-05 22:18:29.913   154  1033 D WifiHW  : Eneter: wifi_change_fw_path, fwpath = /system/vendor/modules/fw_bcm40181a2.bin.
09-05 22:18:29.913   154  1033 D SoftapController: Softap fwReload - Ok
09-05 22:18:29.918   154  1033 D CommandListener: Setting iface cfg
09-05 22:18:29.918   154  1033 D CommandListener: Trying to bring down wlan0
09-05 22:18:29.920   154  1033 D CommandListener: Clearing all IP addresses on wlan0
09-05 22:18:29.929   973  1236 E WifiMonitor: killSupplicant p2ptrue init.svc.wpa_supplicant=unknown init.svc.p2p_supplicant=unknown
09-05 22:18:29.946   973  1237 D WifiService: New client listening to asynchronous messages
09-05 22:18:29.949   973   973 I WifiScanningService: Registering wifiscanner
09-05 22:18:29.959   973   973 I RttService: Registering rttmanager
09-05 22:18:29.964   973   973 I EthernetServiceImpl: Starting Ethernet service
09-05 22:18:29.969   973   973 D Ethernet: Registering NetworkFactory
09-05 22:18:29.971   973  1238 D ConnectivityService: Got NetworkFactory Messenger for Ethernet
09-05 22:18:29.973   973  1251 D Ethernet: got request NetworkRequest [ id=1, legacyType=-1, [ Capabilities: INTERNET&NOT_RESTRICTED&TRUSTED&NOT_VPN] ] with score 0
