
C:\Users\Administrator>adb shell
tulip-p1:/ # reboot
reboot

C:\Users\Administrator>adb shell logcat
--------- beginning of main
01-04 22:35:29.816  1507  1507 W auditd  : type=2000 audit(0.0:1): initialized
01-04 22:35:31.820  1507  1507 I auditd  : type=1403 audit(0.0:2): policy loaded auid=4294967295 ses=4294967295
01-04 22:35:31.840  1507  1507 W auditd  : type=1404 audit(0.0:3): enforcing=1 old_enforcing=0 auid=4294967295 ses=4294967295
01-04 22:35:37.725  1516  1516 I         : debuggerd: starting
01-04 22:35:37.904  1515  1515 I         : debuggerd: starting
--------- beginning of system
01-04 22:35:37.925  1517  1517 I vold    : Vold 3.0 (the awakening) firing up
01-04 22:35:37.925  1517  1517 V vold    : Detected support for: ext4 vfat
01-04 22:35:38.236  1517  1548 D vold    : e4crypt_init_user0
01-04 22:35:38.236  1517  1548 D vold    : e4crypt_prepare_user_storage for volume null, user 0, serial 0, flags 1
01-04 22:35:38.236  1517  1548 D vold    : Preparing: /data/system/users/0
01-04 22:35:38.236  1517  1548 D vold    : Preparing: /data/misc/profiles/cur/0
01-04 22:35:38.236  1517  1548 D vold    : Preparing: /data/misc/profiles/cur/0/foreign-dex
01-04 22:35:38.237  1517  1548 D vold    : Preparing: /data/system_de/0
01-04 22:35:38.237  1517  1548 D vold    : Preparing: /data/misc_de/0
01-04 22:35:38.237  1517  1548 D vold    : Preparing: /data/user_de/0
01-04 22:35:38.238  1517  1548 D vold    : e4crypt_unlock_user_key 0 serial=0 token_present=0
01-04 22:35:38.238  1517  1548 E vold    : Failed to chmod /data/system_ce/0: No such file or directory
01-04 22:35:38.238  1517  1548 E vold    : Failed to chmod /data/misc_ce/0: No such file or directory
01-04 22:35:38.238  1517  1548 E vold    : Failed to chmod /data/media/0: No such file or directory
01-04 22:35:38.240     1     1 I vdc     : 200 1518 Command succeeded
01-04 22:35:38.281  1549  1549 I /system/bin/tzdatacheck: tzdata file /data/misc/zoneinfo/current/tzdata does not exist. No action required.
01-04 22:35:38.320  1550  1550 W bootclone.sh: type=1400 audit(0.0:4): avc: denied { getattr } for path="/system/bin/sh" dev="nandd" ino=353 scontext=u:r:preinstall:s0 tcontext=u:object_r:shell_exec:s0 tclass=file permissive=0
--------- beginning of crash
01-04 22:35:38.324  1550  1550 F libc    : unable to stat file for the executable "/system/bin/sh": Permission denied
01-04 22:35:38.324  1550  1550 F libc    : Fatal signal 6 (SIGABRT), code -6 in tid 1550 (bootclone.sh)
01-04 22:35:38.325  1516  1516 W         : debuggerd: handling request: pid=1550 uid=0 gid=0 tid=1550
01-04 22:35:38.329  1551  1551 E         : debuggerd: Unable to connect to activity manager (connect failed: No such file or directory)
01-04 22:35:38.379  1551  1551 F DEBUG   : *** *** *** *** *** *** *** *** *** *** *** *** *** *** *** ***
01-04 22:35:38.380  1551  1551 F DEBUG   : Build fingerprint: 'Allwinner/tulip_p1/tulip-p1:7.0/NRD90M/20160905:eng/test-keys'
01-04 22:35:38.380  1551  1551 F DEBUG   : Revision: '0'
01-04 22:35:38.380  1551  1551 F DEBUG   : ABI: 'arm64'
01-04 22:35:38.380  1551  1551 F DEBUG   : pid: 1550, tid: 1550, name: bootclone.sh  >>> /system/bin/sh <<<
01-04 22:35:38.380  1551  1551 F DEBUG   : signal 6 (SIGABRT), code -6 (SI_TKILL), fault addr --------
01-04 22:35:38.380  1551  1551 F DEBUG   :     x0   0000000000000000  x1   000000000000060e  x2   0000000000000006  x3   0000000000000008
01-04 22:35:38.380  1551  1551 F DEBUG   :     x4   ffffffffffffffff  x5   8080808080800000  x6   0000808080808080  x7   fefefefefeff6364
01-04 22:35:38.380  1551  1551 F DEBUG   :     x8   0000000000000083  x9   ffffffffffffffdf  x10  0000000000000000  x11  0000000000000001
01-04 22:35:38.380  1551  1551 F DEBUG   :     x12  ffffffffffffffff  x13  0000000000000000  x14  0000000000000000  x15  001356a6b6410fef
01-04 22:35:38.380  1551  1551 F DEBUG   :     x16  0000007fc43312d0  x17  0000007fc433119f  x18  00000000ffffffff  x19  0000007fb1240b40
01-04 22:35:38.380  1551  1551 F DEBUG   :     x20  0000000000000006  x21  0000007fb1240a98  x22  000000000000000d  x23  0000000000000000
01-04 22:35:38.380  1551  1551 F DEBUG   :     x24  0000000000000000  x25  0000007fb118f000  x26  0000007fb123c6d9  x27  0000000000000000
01-04 22:35:38.380  1551  1551 F DEBUG   :     x28  0000000000000000  x29  0000007fc4331da0  x30  0000007fb1201f74
01-04 22:35:38.380  1551  1551 F DEBUG   :     sp   0000007fc4331d80  pc   0000007fb1202aa4  pstate 0000000060000000
01-04 22:35:38.391  1551  1551 F DEBUG   :
01-04 22:35:38.391  1551  1551 F DEBUG   : backtrace:
01-04 22:35:38.391  1551  1551 F DEBUG   :     #00 pc 0000000000073aa4  /system/bin/linker64 (__dl_tgkill+8)
01-04 22:35:38.391  1551  1551 F DEBUG   :     #01 pc 0000000000072f70  /system/bin/linker64 (__dl_pthread_kill+64)
01-04 22:35:38.391  1551  1551 F DEBUG   :     #02 pc 0000000000066a64  /system/bin/linker64 (__dl_raise+24)
01-04 22:35:38.391  1551  1551 F DEBUG   :     #03 pc 0000000000064438  /system/bin/linker64 (__dl_abort+52)
01-04 22:35:38.391  1551  1551 F DEBUG   :     #04 pc 00000000000665ec  /system/bin/linker64 (__dl___libc_fatal+104)
01-04 22:35:38.391  1551  1551 F DEBUG   :     #05 pc 000000000000fc78  /system/bin/linker64 (__dl__ZL29__linker_init_post_relocationR19KernelArgumentBlocky+3636)
01-04 22:35:38.391  1551  1551 F DEBUG   :     #06 pc 000000000000eda4  /system/bin/linker64 (__dl___linker_init+528)
01-04 22:35:38.391  1551  1551 F DEBUG   :     #07 pc 0000000000006c78  /system/bin/linker64 (_start+4)
01-04 22:35:38.410  1554  1554 W sayeye  : type=1400 audit(0.0:5): avc: denied { read } for name="psched" dev="proc" ino=4026533135 scontext=u:r:sayeye:s0 tcontext=u:object_r:proc_net:s0 tclass=file permissive=0
01-04 22:35:38.423  1555  1555 I lowmemorykiller: Using in-kernel low memory killer interface
01-04 22:35:38.424  1554  1554 I Sayeye  : Sayeye 1.1
01-04 22:35:38.424  1554  1554 E Sayeye  : failed to open /sayeye.sun50iw1p1
01-04 22:35:38.429  1516  1516 W         : debuggerd: resuming target 1550
01-04 22:35:38.429  1516  1516 E         : debuggerd: failed to send signal 18 to target: No such process
01-04 22:35:38.440  1517  1548 D VoldCryptCmdListener: cryptfs mountdefaultencrypted
01-04 22:35:38.527  1517  1567 I Cryptfs : cryptfs_check_passwd
01-04 22:35:38.535  1517  1567 D Cryptfs : crypt_ftr->fs_size = 8798208
01-04 22:35:38.535  1517  1567 I Cryptfs : Using scrypt for cryptfs KDF
01-04 22:35:38.741  1560  1560 I SurfaceFlinger: SurfaceFlinger is starting
01-04 22:35:38.742  1560  1560 I SurfaceFlinger: SurfaceFlinger's main thread ready to run. Initializing graphics H/W...
01-04 22:35:38.782  1560  1560 D libEGL  : loaded /system/lib64/egl/libGLES_mali.so
01-04 22:35:38.918  1560  1560 I [Gralloc]: Dram size is 980 MB
01-04 22:35:38.918  1560  1560 I [Gralloc]: Secure level is 3
01-04 22:35:38.927  1560  1560 D hwcomposer: ############outtype:1.
01-04 22:35:38.927  1560  1560 D hwcomposer: ############outtype:0.
01-04 22:35:38.936  1560  1560 D hwcomposer: ### init hdmi_plug: OUT ###
01-04 22:35:38.936  1560  1560 D hwcomposer: open "/sys/devices/platform/sunxi-ddrfreq/devfreq/sunxi-ddrfreq/max_freq" err.
01-04 22:35:38.936  1560  1560 D hwcomposer: Primary Display[0]: Type:[1] Mode:[31] Width:[800] Height:[1280]
01-04 22:35:38.936  1560  1560 D hwcomposer: VsyncP[16666666] memlimit[37324800] List[0][0][0]
01-04 22:35:38.937  1560  1560 I SurfaceFlinger: Using composer version 1.1
01-04 22:35:38.937  1560  1582 D hwcomposer: ######hwc Commit  Thread(1582)#######
01-04 22:35:38.937  1560  1560 E hwcomposer: unknown display attribute 6
01-04 22:35:38.937  1560  1560 I SurfaceFlinger: EGL information:
01-04 22:35:38.937  1560  1560 I SurfaceFlinger: vendor    : Android
01-04 22:35:38.937  1560  1560 I SurfaceFlinger: version   : 1.4 Android META-EGL
01-04 22:35:38.937  1560  1560 I SurfaceFlinger: extensions: EGL_KHR_get_all_proc_addresses EGL_ANDROID_presentation_time EGL_KHR_swap_buffers_with_damage EGL_ANDROID_create_native_client_buffer EGL_ANDROID_front_buffer_auto_refresh EGL_KHR_image EGL_KHR_image_base EGL_KHR_image_pixmap EGL_KHR_gl_texture_2D_image EGL_KHR_gl_texture_cubemap_image EGL_KHR_gl_renderbuffer_image EGL_KHR_fence_sync EGL_KHR_create_context EGL_EXT_create_context_robustness EGL_ANDROID_image_native_buffer EGL_ANDROID_recordable EGL_KHR_partial_update
01-04 22:35:38.937  1560  1560 I SurfaceFlinger: Client API: OpenGL_ES
01-04 22:35:38.937  1560  1583 D hwcomposer: ######hwc uevent Thread(1583)0x7f982ba320.#######
01-04 22:35:38.937  1560  1560 I SurfaceFlinger: EGLSurface: 8-8-8-8, config=0x60000016
01-04 22:35:38.955  1560  1560 I SurfaceFlinger: OpenGL ES informations:
01-04 22:35:38.955  1560  1560 I SurfaceFlinger: vendor    : ARM
01-04 22:35:38.955  1560  1560 I SurfaceFlinger: renderer  : Mali-400 MP
01-04 22:35:38.955  1560  1560 I SurfaceFlinger: version   : OpenGL ES 2.0
01-04 22:35:38.955  1560  1560 I SurfaceFlinger: extensions: GL_EXT_debug_marker GL_OES_texture_npot GL_OES_vertex_array_object GL_OES_compressed_ETC1_RGB8_texture GL_EXT_compressed_ETC1_RGB8_sub_texture GL_OES_standard_derivatives GL_OES_EGL_image GL_OES_depth24 GL_ARM_rgba8 GL_ARM_mali_shader_binary GL_OES_depth_texture GL_OES_packed_depth_stencil GL_EXT_texture_format_BGRA8888 GL_OES_vertex_half_float GL_EXT_blend_minmax GL_OES_EGL_image_external GL_OES_EGL_sync GL_OES_rgb8_rgba8 GL_EXT_multisampled_render_to_texture GL_EXT_discard_framebuffer GL_OES_get_program_binary GL_ARM_mali_program_b
inary GL_EXT_shader_texture_lod GL_EXT_robustness GL_OES_depth_texture_cube_map GL_KHR_debug GL_ARM_shader_framebuffer_fetch GL_ARM_shader_framebuffer_fetch_depth_stencil GL_OES_mapbuffer
01-04 22:35:38.955  1560  1560 I SurfaceFlinger: GL_MAX_TEXTURE_SIZE = 4096
01-04 22:35:38.955  1560  1560 I SurfaceFlinger: GL_MAX_VIEWPORT_DIMS = 4096
01-04 22:35:38.958  1560  1560 I [Gralloc]: Dram size is 980 MB
01-04 22:35:38.958  1560  1560 I [Gralloc]: Secure level is 3
01-04 22:35:38.960  1560  1560 I [Gralloc]: ion_alloc from ion_client:18 via heap type DMA(mask:16) for 4096000 Bytes uncached buffer successfully, usage = 0x00001e02
01-04 22:35:38.975  1560  1560 D SurfaceFlinger: Set power mode=2, type=0 flinger=0x7f990478c0
01-04 22:35:39.048  1560  1560 D SurfaceFlinger: shader cache generated - 24 shaders in 54.877960 ms
01-04 22:35:39.448  1586  1621 D libEGL  : loaded /system/lib64/egl/libGLES_mali.so
01-04 22:35:39.496  1560  1560 I [Gralloc]: ion_alloc from ion_client:18 via heap type DMA(mask:16) for 4096000 Bytes uncached buffer successfully, usage = 0x00001e02
01-04 22:35:39.512  1560  1575 I [Gralloc]: ion_alloc from ion_client:18 via heap type DMA(mask:16) for 4096000 Bytes uncached buffer successfully, usage = 0x00000f02
01-04 22:35:39.556  1586  1621 D BootAnim_AudioPlayer: card=0
01-04 22:35:39.557  1586  1621 D BootAnim_AudioPlayer: device=0
01-04 22:35:39.557  1586  1621 D BootAnim_AudioPlayer: period_size=1024
01-04 22:35:39.557  1586  1621 D BootAnim_AudioPlayer: period_count=2
01-04 22:35:39.557  1586  1621 D BootAnim_AudioPlayer: name: "Speaker Function" = spk
01-04 22:35:39.557  1586  1621 E BootAnim_AudioPlayer: mixer_get_ctl_by_name failed for Speaker Function
01-04 22:35:40.327  1517  1567 I Cryptfs : Enabling support for allow_discards in dmcrypt.
01-04 22:35:40.361  1517  1522 D vold    : Disk at 254:0 changed
01-04 22:35:41.119  1560  1573 I [Gralloc]: ion_alloc from ion_client:18 via heap type DMA(mask:16) for 4096000 Bytes uncached buffer successfully, usage = 0x00000f02
01-04 22:35:41.189  1560  1573 I [Gralloc]: ion_alloc from ion_client:18 via heap type DMA(mask:16) for 4096000 Bytes uncached buffer successfully, usage = 0x00000f02
01-04 22:35:42.399  1561  1561 D AndroidRuntime: >>>>>> START com.android.internal.os.ZygoteInit uid 0 <<<<<<
01-04 22:35:42.473  1561  1561 D AndroidRuntime: CheckJNI is OFF
01-04 22:35:42.506  1561  1561 I art     : option[0]=-Xzygote
01-04 22:35:42.506  1561  1561 I art     : option[1]=-Xstacktracefile:/data/anr/traces.txt
01-04 22:35:42.506  1561  1561 I art     : option[2]=exit
01-04 22:35:42.506  1561  1561 I art     : option[3]=vfprintf
01-04 22:35:42.506  1561  1561 I art     : option[4]=sensitiveThread
01-04 22:35:42.506  1561  1561 I art     : option[5]=-verbose:gc
01-04 22:35:42.506  1561  1561 I art     : option[6]=-Xms4m
01-04 22:35:42.506  1561  1561 I art     : option[7]=-Xmx16m
01-04 22:35:42.506  1561  1561 I art     : option[8]=-Xusejit:true
01-04 22:35:42.506  1561  1561 I art     : option[9]=-Xjitsaveprofilinginfo
01-04 22:35:42.506  1561  1561 I art     : option[10]=-agentlib:jdwp=transport=dt_android_adb,suspend=n,server=y
01-04 22:35:42.506  1561  1561 I art     : option[11]=-Xlockprofthreshold:500
01-04 22:35:42.506  1561  1561 I art     : option[12]=-Ximage-compiler-option
01-04 22:35:42.506  1561  1561 I art     : option[13]=--runtime-arg
01-04 22:35:42.506  1561  1561 I art     : option[14]=-Ximage-compiler-option
01-04 22:35:42.506  1561  1561 I art     : option[15]=-Xms64m
01-04 22:35:42.506  1561  1561 I art     : option[16]=-Ximage-compiler-option
01-04 22:35:42.506  1561  1561 I art     : option[17]=--runtime-arg
01-04 22:35:42.506  1561  1561 I art     : option[18]=-Ximage-compiler-option
01-04 22:35:42.506  1561  1561 I art     : option[19]=-Xmx64m
01-04 22:35:42.506  1561  1561 I art     : option[20]=-Ximage-compiler-option
01-04 22:35:42.506  1561  1561 I art     : option[21]=--image-classes=/system/etc/preloaded-classes
01-04 22:35:42.507  1561  1561 I art     : option[22]=-Ximage-compiler-option
01-04 22:35:42.507  1561  1561 I art     : option[23]=--compiled-classes=/system/etc/compiled-classes
01-04 22:35:42.507  1561  1561 I art     : option[24]=-Xcompiler-option
01-04 22:35:42.507  1561  1561 I art     : option[25]=--runtime-arg
01-04 22:35:42.507  1561  1561 I art     : option[26]=-Xcompiler-option
01-04 22:35:42.507  1561  1561 I art     : option[27]=-Xms64m
01-04 22:35:42.507  1561  1561 I art     : option[28]=-Xcompiler-option
01-04 22:35:42.507  1561  1561 I art     : option[29]=--runtime-arg
01-04 22:35:42.507  1561  1561 I art     : option[30]=-Xcompiler-option
01-04 22:35:42.507  1561  1561 I art     : option[31]=-Xmx512m
01-04 22:35:42.507  1561  1561 I art     : option[32]=-Ximage-compiler-option
01-04 22:35:42.507  1561  1561 I art     : option[33]=--instruction-set-variant=generic
01-04 22:35:42.507  1561  1561 I art     : option[34]=-Xcompiler-option
01-04 22:35:42.507  1561  1561 I art     : option[35]=--instruction-set-variant=generic
01-04 22:35:42.507  1561  1561 I art     : option[36]=-Ximage-compiler-option
01-04 22:35:42.507  1561  1561 I art     : option[37]=--instruction-set-features=default
01-04 22:35:42.507  1561  1561 I art     : option[38]=-Xcompiler-option
01-04 22:35:42.507  1561  1561 I art     : option[39]=--instruction-set-features=default
01-04 22:35:42.507  1561  1561 I art     : option[40]=-Duser.locale=zh-CN
01-04 22:35:42.507  1561  1561 I art     : option[41]=--cpu-abilist=arm64-v8a
01-04 22:35:42.507  1561  1561 I art     : option[42]=-Xfingerprint:Allwinner/tulip_p1/tulip-p1:7.0/NRD90M/20160905:eng/test-keys
01-04 22:35:42.599  1561  1561 I art     : Pruning dalvik-cache since we are relocating an image and will need to recompile
01-04 22:35:42.599  1561  1561 I art     : RelocateImage: /system/bin/patchoat --input-image-location=/system/framework/boot.art --output-image-file=/data/dalvik-cache/arm64/system@framework@boot.art --instruction-set=arm64 --base-offset-delta=-15671296
01-04 22:35:43.267  1517  1567 I Cryptfs : Password matches
01-04 22:35:43.268  1517  1567 D Cryptfs : test_mount_encrypted_fs(): Master key saved
01-04 22:35:43.371  1517  1567 I Cryptfs : keymaster module name is Keymaster AllSoftwinnertech HAL
01-04 22:35:43.371  1517  1567 I Cryptfs : keymaster version is 2
01-04 22:35:43.371  1517  1567 I Cryptfs : Found keymaster0 module, using keymaster0 API.
01-04 22:35:43.391  1517  1567 D         : *AW-DBG*----:(AWSCHW_load_init-1326):----Enter
01-04 22:35:43.391  1517  1567 D         : *AW-DBG*----:(AWSCHW_load_init-1331):----Test Buf Aw keymaster module get the app init!
01-04 22:35:43.391  1517  1567 D         : *AW-DBG*----:(AWSCHW_load_init-1332):----Exit:ret0
01-04 22:35:43.391  1517  1567 E         : int aw_device_open(const hw_module_t *, const char *, hw_device_t **):AW keymaster open sucessfully!
01-04 22:35:43.392  1517  1567 D Cryptfs : Password is default - restarting filesystem
01-04 22:35:43.392  1517  1567 D Cryptfs : unmounting /data succeeded
01-04 22:35:43.551  1562  1562 F appproc : Error creating cache dir /data/dalvik-cache/arm : No such file or directory
01-04 22:35:43.551  1562  1562 F libc    : Fatal signal 6 (SIGABRT), code -6 in tid 1562 (app_process32)
01-04 22:35:43.552  1515  1515 W         : debuggerd: handling request: pid=1562 uid=0 gid=0 tid=1562
01-04 22:35:43.569  1934  1934 E DEBUG   : debuggerd: failed to find a valid tombstone, default to using tombstone 0.
01-04 22:35:43.569  1934  1934 E DEBUG   : debuggerd: failed to open tombstone file '/data/tombstones/tombstone_00': No such file or directory
01-04 22:35:43.569  1934  1934 E         : debuggerd: failed to open tombstone file: No such file or directory
01-04 22:35:43.570  1515  1515 W         : debuggerd: resuming target 1562
01-04 22:35:43.887  1949  1949 I Netd    : Netd 1.0 starting
01-04 22:35:43.887  1949  1949 D TetherController: Setting IP forward enable = 0
01-04 22:35:44.329  1860  1860 E patchoat: Failed to create symlink at /data/dalvik-cache/arm64/system@framework@boot.oat error(2): No such file or directory
01-04 22:35:44.859  1947  1947 I cameraserver: ServiceManager: 0xf6b99320
01-04 22:35:44.859  1947  1947 I CameraService: CameraService started (pid=1947)
01-04 22:35:44.859  1947  1947 I CameraService: CameraService process starting
01-04 22:35:44.860  1947  1947 W BatteryNotifier: batterystats service unavailable!
01-04 22:35:44.860  1947  1947 W BatteryNotifier: batterystats service unavailable!
01-04 22:35:44.877  1947  1947 E CameraService: Could not load camera HAL module: -2 (No such file or directory)
01-04 22:35:45.386  1945  1945 I         : sMaxFastTracks = 8
01-04 22:35:45.386  1945  1945 I audioserver: ServiceManager: 0xf6a99320
01-04 22:35:45.387  1945  1945 W BatteryNotifier: batterystats service unavailable!
01-04 22:35:45.387  1945  1945 I AudioFlinger: Using default 3000 mSec as standby time.
01-04 22:35:45.388  1945  1945 I AudioPolicyService: AudioPolicyService CSTOR in new mode
01-04 22:35:45.440  1945  1945 I APM::ConfigParsingUtils: loadAudioPolicyConfig() loaded /system/etc/audio_policy.conf
01-04 22:35:45.535  1945  1945 D codec_volume: key_name:PHONE_EARPIECE
01-04 22:35:45.536  1945  1945 D codec_volume: key_name:PHONE_HEADSET
01-04 22:35:45.536  1945  1945 D codec_volume: key_name:PHONE_SPEAKER
01-04 22:35:45.536  1945  1945 D codec_volume: key_name:BLUETOOTH_UP
01-04 22:35:45.536  1945  1945 D codec_volume: key_name:FM_HEADSET
01-04 22:35:45.536  1945  1945 D codec_volume: key_name:FM_SPEAKER
01-04 22:35:45.536  1945  1945 D audio_hw_primary: line:3066,func:adev_open
01-04 22:35:45.536  1945  1945 D bp_audio: get ro.sw.audio.bp_device_name=0
01-04 22:35:45.536  1945  1945 D bp_audio: bp_device_detect index=0
01-04 22:35:45.536  1945  1945 V audio_hw_primary: ******* no_earpiece is : 1
01-04 22:35:45.536  1945  1945 V audio_hw_primary: ****LINE:2961,FUNC:case_init, ret:1
01-04 22:35:45.536  1945  1945 D audio_hw_primary: PROPERTY_VALUE_MAX:92,get ro.sw.audio.codec_plan_name =0
01-04 22:35:45.574  1945  1945 I AudioFlinger: loadHwModule() Loaded primary audio interface from sunxi audio HW HAL (audio) handle 10
01-04 22:35:45.574  1945  1945 I AudioFlinger: openOutput(), module 10 Device 2, SamplingRate 44100, Format 0x000001, Channels 3, flags 2
01-04 22:35:45.574  1945  1945 V audio_hw_primary: adev_open_output_stream, flags: 2
01-04 22:35:45.574  1945  1945 V audio_hw_primary: +++++++++++++++ adev_open_output_stream: req_sample_rate: 44100, fmt: 1, channel_count: 3
01-04 22:35:45.574  1945  1945 I AudioFlinger: HAL output buffer size 1024 frames, normal sink buffer size 1024 frames
01-04 22:35:45.600  1945  1945 I BufferProvider: found effect "Multichannel Downmix To Stereo" from The Android Open Source Project
01-04 22:35:45.601  1945  1945 I AudioFlinger: Using module 10 has the primary audio interface
01-04 22:35:45.616  1945  2191 I AudioFlinger: AudioFlinger's thread 0xf65038c0 ready to run
01-04 22:35:45.617  1945  2191 W BatteryNotifier: batterystats service unavailable!
01-04 22:35:45.617  1945  2191 V audio_hw_primary: out_set_parameters: routing=2
01-04 22:35:45.617  1945  2191 V audio_hw_primary: out_set_parameters, line: 1561
01-04 22:35:45.617  1945  2191 V audio_hw_primary: >>>>>>>> adev->mode:0,adev->out_device is: 2, val is : 2
01-04 22:35:45.617  1945  2191 D audio_hw_primary: out_standby
01-04 22:35:45.617  1945  2191 W BatteryNotifier: batterystats service unavailable!
01-04 22:35:45.618  1945  2152 V audio_hw_primary: adev_set_voice_volume, volume: 1.000000
01-04 22:35:45.618  1945  1945 V audio_hw_primary: to malloc in-buffer: period_size: 1024, frame_size: 4
01-04 22:35:45.619  1945  2191 W BatteryNotifier: batterystats service unavailable!
01-04 22:35:45.619  1945  2191 W AudioFlinger: no wake lock to update, system not ready yet
01-04 22:35:45.620  1945  2196 I AudioFlinger: AudioFlinger's thread 0xf6303c40 ready to run
01-04 22:35:45.620  1945  1945 V codec_audio_iface: phone_record_enable, line: 165
01-04 22:35:45.620  1945  1945 D audio_hw_primary: adev_close_input_stream set voice record status
01-04 22:35:45.629  1945  1945 I bt_a2dp_hw: adev_open:  adev_open in A2dp_hw module
01-04 22:35:45.629  1945  1945 I AudioFlinger: loadHwModule() Loaded a2dp audio interface from A2DP Audio HW HAL (audio) handle 18
01-04 22:35:45.642  1945  1945 I AudioFlinger: loadHwModule() Loaded usb audio interface from USB audio HW HAL (audio) handle 26
01-04 22:35:45.669  1945  1945 I r_submix: adev_open(name=audio_hw_if)
01-04 22:35:45.669  1945  1945 I r_submix: adev_init_check()
01-04 22:35:45.669  1945  1945 I AudioFlinger: loadHwModule() Loaded r_submix audio interface from Wifi Display audio HAL (audio) handle 34
01-04 22:35:45.669  1945  1945 D r_submix: adev_open_input_stream(addr=0)
01-04 22:35:45.669  1945  1945 D r_submix: submix_audio_device_create_pipe_l(addr=0, idx=9)
01-04 22:35:45.669  1945  1945 D r_submix:   now using address 0 for route 9
01-04 22:35:45.679  1948  1948 I mediaserver: ServiceManager: 0xf6699380
01-04 22:35:45.680  1945  2203 I AudioFlinger: AudioFlinger's thread 0xf6283b80 ready to run
01-04 22:35:45.680  1945  1945 D r_submix: adev_close_input_stream()
01-04 22:35:45.680  1945  1945 D r_submix: submix_audio_device_release_pipe_l(idx=9) addr=0
01-04 22:35:45.680  1945  1945 D r_submix: submix_audio_device_destroy_pipe_l(): pipe destroyed
01-04 22:35:45.681  1945  1945 I RadioService: RadioService
01-04 22:35:45.681  1945  1945 I RadioService: onFirstRef
01-04 22:35:45.682  1945  1945 E RadioService: couldn't load radio module radio.primary (No such file or directory)
01-04 22:35:45.683  1945  1945 E SoundTriggerHwService: couldn't load sound trigger module sound_trigger.primary (No such file or directory)
01-04 22:35:45.736  1948  1948 W BatteryNotifier: batterystats service unavailable!
01-04 22:35:45.783  1517  1567 D Cryptfs : Just triggered post_fs_data
01-04 22:35:45.932  1517  1548 D vold    : e4crypt_init_user0
01-04 22:35:45.932  1517  1548 D vold    : e4crypt_prepare_user_storage for volume null, user 0, serial 0, flags 1
01-04 22:35:45.932  1517  1548 D vold    : Preparing: /data/system/users/0
01-04 22:35:45.935  1517  1548 D vold    : Preparing: /data/misc/profiles/cur/0
01-04 22:35:45.937  1517  1548 D vold    : Preparing: /data/misc/profiles/cur/0/foreign-dex
01-04 22:35:45.937  1517  1548 D vold    : Preparing: /data/system_de/0
01-04 22:35:45.939  1517  1548 D vold    : Preparing: /data/misc_de/0
01-04 22:35:45.940  1517  1548 D vold    : Preparing: /data/user_de/0
01-04 22:35:45.942  1517  1548 D vold    : e4crypt_unlock_user_key 0 serial=0 token_present=0
01-04 22:35:45.947     1     1 I vdc     : 200 2239 Command succeeded
01-04 22:35:45.983  2245  2245 I /system/bin/tzdatacheck: tzdata file /data/misc/zoneinfo/current/tzdata does not exist. No action required.
01-04 22:35:46.022  2253  2253 F libc    : unable to stat file for the executable "/system/bin/sh": Permission denied
01-04 22:35:46.022  2253  2253 F libc    : Fatal signal 6 (SIGABRT), code -6 in tid 2253 (bootclone.sh)
01-04 22:35:46.022  1516  1516 W         : debuggerd: handling request: pid=2253 uid=0 gid=0 tid=2253
01-04 22:35:46.034  1517  1567 D Cryptfs : post_fs_data done
01-04 22:35:46.035  1517  1567 D Cryptfs : Just triggered restart_framework
01-04 22:35:46.051  2254  2254 E         : debuggerd: Unable to connect to activity manager (connect failed: Connection refused)
01-04 22:35:46.053  2256  2256 I bootstat: Service started: /system/bin/bootstat -r post_decrypt_time_elapsed
01-04 22:35:46.101  2254  2254 F DEBUG   : *** *** *** *** *** *** *** *** *** *** *** *** *** *** *** ***
01-04 22:35:46.102  2254  2254 F DEBUG   : Build fingerprint: 'Allwinner/tulip_p1/tulip-p1:7.0/NRD90M/20160905:eng/test-keys'
01-04 22:35:46.102  2254  2254 F DEBUG   : Revision: '0'
01-04 22:35:46.102  2254  2254 F DEBUG   : ABI: 'arm64'
01-04 22:35:46.103  2254  2254 F DEBUG   : pid: 2253, tid: 2253, name: bootclone.sh  >>> /system/bin/sh <<<
01-04 22:35:46.103  2254  2254 F DEBUG   : signal 6 (SIGABRT), code -6 (SI_TKILL), fault addr --------
01-04 22:35:46.103  2254  2254 F DEBUG   :     x0   0000000000000000  x1   00000000000008cd  x2   0000000000000006  x3   0000000000000008
01-04 22:35:46.103  2254  2254 F DEBUG   :     x4   ffffffffffffffff  x5   8080808080800000  x6   0000808080808080  x7   fefefefefeff6364
01-04 22:35:46.103  2254  2254 F DEBUG   :     x8   0000000000000083  x9   ffffffffffffffdf  x10  0000000000000000  x11  0000000000000001
01-04 22:35:46.103  2254  2254 F DEBUG   :     x12  ffffffffffffffff  x13  0000000000000000  x14  0000000000000000  x15  000153ce42ecbcec
01-04 22:35:46.103  2254  2254 F DEBUG   :     x16  0000007fceede690  x17  0000007fceede55f  x18  00000000ffffffff  x19  0000007f811cab40
01-04 22:35:46.103  2254  2254 F DEBUG   :     x20  0000000000000006  x21  0000007f811caa98  x22  000000000000000d  x23  0000000000000000
01-04 22:35:46.103  2254  2254 F DEBUG   :     x24  0000000000000000  x25  0000007f81119000  x26  0000007f811c66d9  x27  0000000000000000
01-04 22:35:46.103  2254  2254 F DEBUG   :     x28  0000000000000000  x29  0000007fceedf160  x30  0000007f8118bf74
01-04 22:35:46.103  2254  2254 F DEBUG   :     sp   0000007fceedf140  pc   0000007f8118caa4  pstate 0000000060000000
01-04 22:35:46.115  2254  2254 F DEBUG   :
01-04 22:35:46.115  2254  2254 F DEBUG   : backtrace:
01-04 22:35:46.115  2254  2254 F DEBUG   :     #00 pc 0000000000073aa4  /system/bin/linker64 (__dl_tgkill+8)
01-04 22:35:46.115  2254  2254 F DEBUG   :     #01 pc 0000000000072f70  /system/bin/linker64 (__dl_pthread_kill+64)
01-04 22:35:46.115  2254  2254 F DEBUG   :     #02 pc 0000000000066a64  /system/bin/linker64 (__dl_raise+24)
01-04 22:35:46.115  2254  2254 F DEBUG   :     #03 pc 0000000000064438  /system/bin/linker64 (__dl_abort+52)
01-04 22:35:46.116  2254  2254 F DEBUG   :     #04 pc 00000000000665ec  /system/bin/linker64 (__dl___libc_fatal+104)
01-04 22:35:46.116  2254  2254 F DEBUG   :     #05 pc 000000000000fc78  /system/bin/linker64 (__dl__ZL29__linker_init_post_relocationR19KernelArgumentBlocky+3636)
01-04 22:35:46.116  2254  2254 F DEBUG   :     #06 pc 000000000000eda4  /system/bin/linker64 (__dl___linker_init+528)
01-04 22:35:46.116  2254  2254 F DEBUG   :     #07 pc 0000000000006c78  /system/bin/linker64 (_start+4)
01-04 22:35:46.122  2265  2265 E         : loggger
01-04 22:35:46.122  2265  2265 E         : handlerPrivateLog
01-04 22:35:46.124  2265  2265 E         : handlerPrivateLog private_flag=-1, app_flag=-1, save_log_flag=0, save_log_state=0
01-04 22:35:46.173  2269  2269 I         : installd firing up
01-04 22:35:46.378  2284  2284 I perfprofd: starting Android Wide Profiling daemon
01-04 22:35:46.379  2284  2284 E perfprofd: unable to open configuration file /data/data/com.google.android.gms/files/perfprofd.conf
01-04 22:35:46.379  2284  2284 I perfprofd: random seed set to 344656606
01-04 22:35:46.532  2282  2282 I gatekeeperd: Starting gatekeeperd...
01-04 22:35:46.577  2282  2282 W gatekeeperd: falling back to software GateKeeper
01-04 22:35:46.626  2270  2270 I keystore: Found keymaster0 module Keymaster AllSoftwinnertech HAL, version 2
01-04 22:35:46.626  2270  2270 I SoftKeymaster: system/keymaster/soft_keymaster_device.cpp, Line 131: Creating device
01-04 22:35:46.626  2270  2270 D SoftKeymaster: system/keymaster/soft_keymaster_device.cpp, Line 132: Device address: 0x7f7883d000
01-04 22:35:46.626  2270  2270 D         : *AW-DBG*----:(AWSCHW_load_init-1326):----Enter
01-04 22:35:46.626  2270  2270 D         : *AW-DBG*----:(AWSCHW_load_init-1331):----Test Buf Aw keymaster module get the app init!
01-04 22:35:46.626  2270  2270 D         : *AW-DBG*----:(AWSCHW_load_init-1332):----Exit:ret0
01-04 22:35:46.626  2270  2270 E         : int aw_device_open(const hw_module_t *, const char *, hw_device_t **):AW keymaster open sucessfully!
01-04 22:35:46.627  2270  2270 D keystore: Wrapping keymaster0 module Keymaster AllSoftwinnertech HAL with SoftKeymasterDevice
01-04 22:35:46.627  2270  2270 D SoftKeymaster: system/keymaster/soft_keymaster_device.cpp, Line 150: Reinitializing SoftKeymasterDevice to use HW keymaster0
01-04 22:35:46.627  2270  2270 I SoftKeymaster: system/keymaster/soft_keymaster_device.cpp, Line 131: Creating device
01-04 22:35:46.627  2270  2270 D SoftKeymaster: system/keymaster/soft_keymaster_device.cpp, Line 132: Device address: 0x7f7883d400
01-04 22:35:46.864  1949  1949 I iptables: iptables v1.4.20: Couldn't find target `fw_dozable'
01-04 22:35:46.864  1949  1949 I iptables:
01-04 22:35:46.864  1949  1949 I iptables: Try `iptables -h' or 'iptables --help' for more information.
01-04 22:35:46.865  1949  1949 I iptables: iptables terminated by exit(2)
01-04 22:35:46.865  1949  1949 E Netd    : exec() res=0, status=512 for /system/bin/iptables -w -t filter -D fw_INPUT -j fw_dozable
01-04 22:35:46.879  1949  1949 I ip6tables: ip6tables v1.4.20: Couldn't find target `fw_dozable'
01-04 22:35:46.879  1949  1949 I ip6tables:
01-04 22:35:46.879  1949  1949 I ip6tables: Try `ip6tables -h' or 'ip6tables --help' for more information.
01-04 22:35:46.880  1949  1949 I ip6tables: ip6tables terminated by exit(2)
01-04 22:35:46.881  1949  1949 E Netd    : exec() res=0, status=512 for /system/bin/ip6tables -w -t filter -D fw_INPUT -j fw_dozable
01-04 22:35:46.928  1949  1949 I iptables: iptables v1.4.20: Couldn't find target `fw_standby'
01-04 22:35:46.929  1949  1949 I iptables:
01-04 22:35:46.929  1949  1949 I iptables: Try `iptables -h' or 'iptables --help' for more information.
01-04 22:35:46.929  1949  1949 I iptables: iptables terminated by exit(2)
01-04 22:35:46.929  1949  1949 E Netd    : exec() res=0, status=512 for /system/bin/iptables -w -t filter -D fw_INPUT -j fw_standby
01-04 22:35:46.943  1949  1949 I ip6tables: ip6tables v1.4.20: Couldn't find target `fw_standby'
01-04 22:35:46.943  1949  1949 I ip6tables:
01-04 22:35:46.943  1949  1949 I ip6tables: Try `ip6tables -h' or 'ip6tables --help' for more information.
01-04 22:35:46.943  1949  1949 I ip6tables: ip6tables terminated by exit(2)
01-04 22:35:46.943  1949  1949 E Netd    : exec() res=0, status=512 for /system/bin/ip6tables -w -t filter -D fw_INPUT -j fw_standby
01-04 22:35:46.988  1949  1949 I iptables: iptables v1.4.20: Couldn't find target `fw_powersave'
01-04 22:35:46.988  1949  1949 I iptables:
01-04 22:35:46.988  1949  1949 I iptables: Try `iptables -h' or 'iptables --help' for more information.
01-04 22:35:46.988  1949  1949 I iptables: iptables terminated by exit(2)
01-04 22:35:46.988  1949  1949 E Netd    : exec() res=0, status=512 for /system/bin/iptables -w -t filter -D fw_INPUT -j fw_powersave
01-04 22:35:47.002  1949  1949 I ip6tables: ip6tables v1.4.20: Couldn't find target `fw_powersave'
01-04 22:35:47.002  1949  1949 I ip6tables:
01-04 22:35:47.002  1949  1949 I ip6tables: Try `ip6tables -h' or 'ip6tables --help' for more information.
01-04 22:35:47.003  1949  1949 I ip6tables: ip6tables terminated by exit(2)
01-04 22:35:47.003  1949  1949 E Netd    : exec() res=0, status=512 for /system/bin/ip6tables -w -t filter -D fw_INPUT -j fw_powersave
01-04 22:35:47.052  1949  1949 V NatController: runCmd(/system/bin/iptables -w -F natctrl_FORWARD) res=0
01-04 22:35:47.067  1949  1949 V NatController: runCmd(/system/bin/iptables -w -A natctrl_FORWARD -j DROP) res=0
01-04 22:35:47.083  1949  1949 V NatController: runCmd(/system/bin/iptables -w -t nat -F natctrl_nat_POSTROUTING) res=0
01-04 22:35:47.098  1949  1949 V NatController: runCmd(/system/bin/iptables -w -F natctrl_tether_counters) res=1
01-04 22:35:47.112  1949  1949 V NatController: runCmd(/system/bin/iptables -w -X natctrl_tether_counters) res=1
01-04 22:35:47.129  1949  1949 V NatController: runCmd(/system/bin/iptables -w -N natctrl_tether_counters) res=0
01-04 22:35:47.143  1949  1949 V NatController: runCmd(/system/bin/iptables -w -t mangle -A natctrl_mangle_FORWARD -p tcp --tcp-flags SYN SYN -j TCPMSS --clamp-mss-to-pmtu) res=0
01-04 22:35:47.273  2273  2273 I mediacodec: @@@ mediacodecservice starting
01-04 22:35:47.311  2273  2273 W /system/bin/mediacodec: libminijail: allowing syscall: clock_gettime
01-04 22:35:47.311  2273  2273 W /system/bin/mediacodec: libminijail: allowing syscall: connect
01-04 22:35:47.311  2273  2273 W /system/bin/mediacodec: libminijail: allowing syscall: fcntl64
01-04 22:35:47.311  2273  2273 W /system/bin/mediacodec: libminijail: allowing syscall: socket
01-04 22:35:47.311  2273  2273 W /system/bin/mediacodec: libminijail: allowing syscall: writev
01-04 22:35:47.315  2273  2273 W /system/bin/mediacodec: libminijail: logging seccomp filter failures
01-04 22:35:47.365  1949  1949 E Netd    : cannot find interface dummy0
01-04 22:35:47.368  1949  1949 D MDnsDS  : MDnsSdListener::Hander starting up
01-04 22:35:47.368  1949  2452 D MDnsDS  : MDnsSdListener starting to monitor
01-04 22:35:47.368  1949  2452 D MDnsDS  : Going to poll with pollCount 1
01-04 22:35:47.664  2276  2276 V MediaUtils: physMem: 1028042752
01-04 22:35:47.664  2276  2276 V MediaUtils: requested limit: 205608540
01-04 22:35:47.664  2276  2276 V MediaUtils: actual limit: 205608540
01-04 22:35:47.664  2276  2276 V MediaUtils: original limits: 4294967295/4294967295
01-04 22:35:47.664  2276  2276 V MediaUtils: new limits: 205608540/4294967295
01-04 22:35:47.664  2276  2276 W /system/bin/mediaextractor: libminijail: allowing syscall: clock_gettime
01-04 22:35:47.665  2276  2276 W /system/bin/mediaextractor: libminijail: allowing syscall: connect
01-04 22:35:47.665  2276  2276 W /system/bin/mediaextractor: libminijail: allowing syscall: fcntl64
01-04 22:35:47.665  2276  2276 W /system/bin/mediaextractor: libminijail: allowing syscall: socket
01-04 22:35:47.665  2276  2276 W /system/bin/mediaextractor: libminijail: allowing syscall: writev
01-04 22:35:47.677  2276  2276 W /system/bin/mediaextractor: libminijail: logging seccomp filter failures
01-04 22:35:47.800  1951  1951 D AndroidRuntime: >>>>>> START com.android.internal.os.ZygoteInit uid 0 <<<<<<
01-04 22:35:47.812  2275  2275 I mediaserver: ServiceManager: 0xf6319380
01-04 22:35:47.818  1951  1951 D AndroidRuntime: CheckJNI is OFF
01-04 22:35:47.819  1951  1951 I art     : option[0]=-Xzygote
01-04 22:35:47.819  1951  1951 I art     : option[1]=-Xstacktracefile:/data/anr/traces.txt
01-04 22:35:47.819  1951  1951 I art     : option[2]=exit
01-04 22:35:47.819  1951  1951 I art     : option[3]=vfprintf
01-04 22:35:47.819  1951  1951 I art     : option[4]=sensitiveThread
01-04 22:35:47.819  1951  1951 I art     : option[5]=-verbose:gc
01-04 22:35:47.819  1951  1951 I art     : option[6]=-Xms4m
01-04 22:35:47.819  1951  1951 I art     : option[7]=-Xmx16m
01-04 22:35:47.819  1951  1951 I art     : option[8]=-Xusejit:true
01-04 22:35:47.819  1951  1951 I art     : option[9]=-Xjitsaveprofilinginfo
01-04 22:35:47.819  1951  1951 I art     : option[10]=-agentlib:jdwp=transport=dt_android_adb,suspend=n,server=y
01-04 22:35:47.819  1951  1951 I art     : option[11]=-Xlockprofthreshold:500
01-04 22:35:47.819  1951  1951 I art     : option[12]=-Ximage-compiler-option
01-04 22:35:47.819  1951  1951 I art     : option[13]=--runtime-arg
01-04 22:35:47.819  1951  1951 I art     : option[14]=-Ximage-compiler-option
01-04 22:35:47.819  1951  1951 I art     : option[15]=-Xms64m
01-04 22:35:47.819  1951  1951 I art     : option[16]=-Ximage-compiler-option
01-04 22:35:47.819  1951  1951 I art     : option[17]=--runtime-arg
01-04 22:35:47.819  1951  1951 I art     : option[18]=-Ximage-compiler-option
01-04 22:35:47.819  1951  1951 I art     : option[19]=-Xmx64m
01-04 22:35:47.819  1951  1951 I art     : option[20]=-Ximage-compiler-option
01-04 22:35:47.819  1951  1951 I art     : option[21]=--image-classes=/system/etc/preloaded-classes
01-04 22:35:47.819  1951  1951 I art     : option[22]=-Ximage-compiler-option
01-04 22:35:47.819  1951  1951 I art     : option[23]=--compiled-classes=/system/etc/compiled-classes
01-04 22:35:47.819  1951  1951 I art     : option[24]=-Xcompiler-option
01-04 22:35:47.820  1951  1951 I art     : option[25]=--runtime-arg
01-04 22:35:47.820  1951  1951 I art     : option[26]=-Xcompiler-option
01-04 22:35:47.820  1951  1951 I art     : option[27]=-Xms64m
01-04 22:35:47.820  1951  1951 I art     : option[28]=-Xcompiler-option
01-04 22:35:47.820  1951  1951 I art     : option[29]=--runtime-arg
01-04 22:35:47.820  1951  1951 I art     : option[30]=-Xcompiler-option
01-04 22:35:47.820  1951  1951 I art     : option[31]=-Xmx512m
01-04 22:35:47.820  1951  1951 I art     : option[32]=-Ximage-compiler-option
01-04 22:35:47.820  1951  1951 I art     : option[33]=--instruction-set-variant=generic
01-04 22:35:47.820  1951  1951 I art     : option[34]=-Xcompiler-option
01-04 22:35:47.820  1951  1951 I art     : option[35]=--instruction-set-variant=generic
01-04 22:35:47.820  1951  1951 I art     : option[36]=-Ximage-compiler-option
01-04 22:35:47.820  1951  1951 I art     : option[37]=--instruction-set-features=default
01-04 22:35:47.820  1951  1951 I art     : option[38]=-Xcompiler-option
01-04 22:35:47.820  1951  1951 I art     : option[39]=--instruction-set-features=default
01-04 22:35:47.820  1951  1951 I art     : option[40]=-Duser.locale=zh-CN
01-04 22:35:47.820  1951  1951 I art     : option[41]=--cpu-abilist=arm64-v8a
01-04 22:35:47.820  1951  1951 I art     : option[42]=-Xfingerprint:Allwinner/tulip_p1/tulip-p1:7.0/NRD90M/20160905:eng/test-keys
01-04 22:35:48.037  1941  1941 D AndroidRuntime: >>>>>> START com.android.internal.os.ZygoteInit uid 0 <<<<<<
01-04 22:35:48.044  1941  1941 D AndroidRuntime: CheckJNI is OFF
01-04 22:35:48.045  1941  1941 I art     : option[0]=-Xzygote
01-04 22:35:48.045  1941  1941 I art     : option[1]=-Xstacktracefile:/data/anr/traces.txt
01-04 22:35:48.045  1941  1941 I art     : option[2]=exit
01-04 22:35:48.045  1941  1941 I art     : option[3]=vfprintf
01-04 22:35:48.046  1941  1941 I art     : option[4]=sensitiveThread
01-04 22:35:48.046  1941  1941 I art     : option[5]=-verbose:gc
01-04 22:35:48.046  1941  1941 I art     : option[6]=-Xms4m
01-04 22:35:48.046  1941  1941 I art     : option[7]=-Xmx16m
01-04 22:35:48.046  1941  1941 I art     : option[8]=-Xusejit:true
01-04 22:35:48.046  1941  1941 I art     : option[9]=-Xjitsaveprofilinginfo
01-04 22:35:48.046  1941  1941 I art     : option[10]=-agentlib:jdwp=transport=dt_android_adb,suspend=n,server=y
01-04 22:35:48.046  1941  1941 I art     : option[11]=-Xlockprofthreshold:500
01-04 22:35:48.046  1941  1941 I art     : option[12]=-Ximage-compiler-option
01-04 22:35:48.046  1941  1941 I art     : option[13]=--runtime-arg
01-04 22:35:48.046  1941  1941 I art     : option[14]=-Ximage-compiler-option
01-04 22:35:48.046  1941  1941 I art     : option[15]=-Xms64m
01-04 22:35:48.046  1941  1941 I art     : option[16]=-Ximage-compiler-option
01-04 22:35:48.046  1941  1941 I art     : option[17]=--runtime-arg
01-04 22:35:48.046  1941  1941 I art     : option[18]=-Ximage-compiler-option
01-04 22:35:48.046  1941  1941 I art     : option[19]=-Xmx64m
01-04 22:35:48.046  1941  1941 I art     : option[20]=-Ximage-compiler-option
01-04 22:35:48.046  1941  1941 I art     : option[21]=--image-classes=/system/etc/preloaded-classes
01-04 22:35:48.046  1941  1941 I art     : option[22]=-Ximage-compiler-option
01-04 22:35:48.046  1941  1941 I art     : option[23]=--compiled-classes=/system/etc/compiled-classes
01-04 22:35:48.046  1941  1941 I art     : option[24]=-Xcompiler-option
01-04 22:35:48.046  1941  1941 I art     : option[25]=--runtime-arg
01-04 22:35:48.046  1941  1941 I art     : option[26]=-Xcompiler-option
01-04 22:35:48.046  1941  1941 I art     : option[27]=-Xms64m
01-04 22:35:48.046  1941  1941 I art     : option[28]=-Xcompiler-option
01-04 22:35:48.046  1941  1941 I art     : option[29]=--runtime-arg
01-04 22:35:48.046  1941  1941 I art     : option[30]=-Xcompiler-option
01-04 22:35:48.046  1941  1941 I art     : option[31]=-Xmx512m
01-04 22:35:48.046  1941  1941 I art     : option[32]=-Ximage-compiler-option
01-04 22:35:48.046  1941  1941 I art     : option[33]=--instruction-set-variant=cortex-a15
01-04 22:35:48.046  1941  1941 I art     : option[34]=-Xcompiler-option
01-04 22:35:48.046  1941  1941 I art     : option[35]=--instruction-set-variant=cortex-a15
01-04 22:35:48.046  1941  1941 I art     : option[36]=-Ximage-compiler-option
01-04 22:35:48.046  1941  1941 I art     : option[37]=--instruction-set-features=default
01-04 22:35:48.047  1941  1941 I art     : option[38]=-Xcompiler-option
01-04 22:35:48.047  1941  1941 I art     : option[39]=--instruction-set-features=default
01-04 22:35:48.047  1941  1941 I art     : option[40]=-Duser.locale=zh-CN
01-04 22:35:48.047  1941  1941 I art     : option[41]=--cpu-abilist=armeabi-v7a,armeabi
01-04 22:35:48.047  1941  1941 I art     : option[42]=-Xfingerprint:Allwinner/tulip_p1/tulip-p1:7.0/NRD90M/20160905:eng/test-keys
01-04 22:35:48.107  1516  1516 W         : debuggerd: resuming target 2253
01-04 22:35:48.107  1516  1516 E         : debuggerd: failed to send signal 18 to target: No such process
01-04 22:35:46.010  2253  2253 W bootclone.sh: type=1400 audit(0.0:6): avc: denied { getattr } for path="/system/bin/sh" dev="nandd" ino=353 scontext=u:r:preinstall:s0 tcontext=u:object_r:shell_exec:s0 tclass=file permissive=0
01-04 22:35:46.110  2265  2265 W log_service: type=1400 audit(0.0:7): avc: denied { read } for name="stat" dev="proc" ino=4026533188 scontext=u:r:logger:s0 tcontext=u:object_r:proc:s0 tclass=file permissive=0
01-04 22:35:48.627  1945  2191 W BatteryNotifier: batterystats service unavailable!
01-04 22:35:49.553  1951  1951 D ICU     : No timezone override file found: /data/misc/zoneinfo/current/icu/icu_tzdata.dat
01-04 22:35:50.282  1941  1941 D ICU     : No timezone override file found: /data/misc/zoneinfo/current/icu/icu_tzdata.dat
01-04 22:35:51.307  1951  1951 E memtrack: Couldn't load memtrack module (No such file or directory)
01-04 22:35:51.307  1951  1951 E android.os.Debug: failed to load memtrack module: -2
01-04 22:35:51.330  1951  1951 I Radio-JNI: register_android_hardware_Radio DONE
01-04 22:35:51.503  1951  1951 I SamplingProfilerIntegration: Profiling disabled.
01-04 22:35:51.514  1951  1951 D Zygote  : begin preload
01-04 22:35:51.514  1951  1951 I Zygote  : Installing ICU cache reference pinning...
01-04 22:35:51.528  1951  1951 I Zygote  : Preloading ICU data...
01-04 22:35:51.804  1941  1941 E memtrack: Couldn't load memtrack module (No such file or directory)
01-04 22:35:51.804  1941  1941 E android.os.Debug: failed to load memtrack module: -2
01-04 22:35:51.816  1941  1941 I Radio-JNI: register_android_hardware_Radio DONE
01-04 22:35:51.964  1941  1941 I SamplingProfilerIntegration: Profiling disabled.
01-04 22:35:51.979  1941  1941 D Zygote  : begin preload
01-04 22:35:51.979  1941  1941 I Zygote  : Installing ICU cache reference pinning...
01-04 22:35:51.989  1941  1941 I Zygote  : Preloading ICU data...
01-04 22:35:52.189  1951  1951 I Zygote  : Preloading classes...
01-04 22:35:52.256  1941  1941 I Zygote  : Preloading classes...
01-04 22:35:53.433  1941  1941 E Typeface: Error mapping font file /system/fonts/DroidSansFallback.ttf
01-04 22:35:53.435  1951  1951 E Typeface: Error mapping font file /system/fonts/DroidSansFallback.ttf
01-04 22:35:54.310  1951  2697 W art     : Suspending all threads took: 5.621ms
01-04 22:35:54.343  1951  2697 I art     : Background concurrent mark sweep GC freed 22850(2MB) AllocSpace objects, 124(2MB) LOS objects, 33% free, 2MB/4MB, paused 6.308ms total 91.865ms
01-04 22:35:54.462  1951  1951 I art     : Thread[1,tid=1951,Native,Thread*=0x7f82295a00,peer=0x12c060d0,"main"] recursive attempt to load library "/system/lib64/libmedia_jni.so"
01-04 22:35:54.470  1951  1951 D MtpDeviceJNI: register_android_mtp_MtpDevice
01-04 22:35:54.472  1951  1951 I art     : Thread[1,tid=1951,Native,Thread*=0x7f82295a00,peer=0x12c060d0,"main"] recursive attempt to load library "/system/lib64/libmedia_jni.so"
01-04 22:35:54.473  1951  1951 I art     : Thread[1,tid=1951,Native,Thread*=0x7f82295a00,peer=0x12c060d0,"main"] recursive attempt to load library "/system/lib64/libmedia_jni.so"
01-04 22:35:54.530  1941  1941 I art     : Thread[1,tid=1941,Native,Thread*=0xf4885400,peer=0x12c060d0,"main"] recursive attempt to load library "/system/lib/libmedia_jni.so"
01-04 22:35:54.541  1941  1941 D MtpDeviceJNI: register_android_mtp_MtpDevice
01-04 22:35:54.542  1941  1941 I art     : Thread[1,tid=1941,Native,Thread*=0xf4885400,peer=0x12c060d0,"main"] recursive attempt to load library "/system/lib/libmedia_jni.so"
01-04 22:35:54.542  1941  1941 I art     : Thread[1,tid=1941,Native,Thread*=0xf4885400,peer=0x12c060d0,"main"] recursive attempt to load library "/system/lib/libmedia_jni.so"
01-04 22:35:55.434  1951  1951 I System  : Loaded time zone names for "" in 105ms (99ms in ICU)
01-04 22:35:55.503  1941  1941 I System  : Loaded time zone names for "" in 100ms (97ms in ICU)
01-04 22:35:55.516  1951  1951 I System  : Loaded time zone names for "en_US" in 81ms (58ms in ICU)
01-04 22:35:55.581  1941  1941 I System  : Loaded time zone names for "en_US" in 77ms (61ms in ICU)
01-04 22:35:55.607  1951  1951 I System  : Loaded time zone names for "zh_CN" in 70ms (66ms in ICU)
01-04 22:35:55.660  1941  1941 I System  : Loaded time zone names for "zh_CN" in 79ms (76ms in ICU)
01-04 22:35:55.730  1951  1951 I Zygote  : ...preloaded 4161 classes in 3540ms.
01-04 22:35:55.730  1951  1951 I art     : VMRuntime.preloadDexCaches starting
01-04 22:35:55.780  1941  1941 I Zygote  : ...preloaded 4161 classes in 3524ms.
01-04 22:35:55.780  1941  1941 I art     : VMRuntime.preloadDexCaches starting
01-04 22:35:56.151  1951  1951 I art     : VMRuntime.preloadDexCaches strings total=282266 before=39266 after=39266
01-04 22:35:56.151  1951  1951 I art     : VMRuntime.preloadDexCaches types total=23479 before=7830 after=7857
01-04 22:35:56.151  1951  1951 I art     : VMRuntime.preloadDexCaches fields total=111388 before=40622 after=40836
01-04 22:35:56.151  1951  1951 I art     : VMRuntime.preloadDexCaches methods total=196702 before=82123 after=82683
01-04 22:35:56.151  1951  1951 I art     : VMRuntime.preloadDexCaches finished
01-04 22:35:56.240  1941  1941 I art     : VMRuntime.preloadDexCaches strings total=282266 before=39266 after=39266
01-04 22:35:56.240  1941  1941 I art     : VMRuntime.preloadDexCaches types total=23479 before=7830 after=7857
01-04 22:35:56.240  1941  1941 I art     : VMRuntime.preloadDexCaches fields total=111388 before=40622 after=40836
01-04 22:35:56.240  1941  1941 I art     : VMRuntime.preloadDexCaches methods total=196702 before=82123 after=82683
01-04 22:35:56.240  1941  1941 I art     : VMRuntime.preloadDexCaches finished
01-04 22:35:56.719  1941  1941 I Zygote  : Preloading resources...
01-04 22:35:56.727  1951  1951 I Zygote  : Preloading resources...
01-04 22:35:57.191  1941  1941 I Zygote  : ...preloaded 114 resources in 471ms.
01-04 22:35:57.199  1951  1951 I Zygote  : ...preloaded 114 resources in 471ms.
01-04 22:35:57.206  1951  1951 I Zygote  : ...preloaded 41 resources in 7ms.
01-04 22:35:57.208  1951  1951 D libEGL  : loaded /system/lib64/egl/libGLES_mali.so
01-04 22:35:57.218  1941  1941 I Zygote  : ...preloaded 41 resources in 28ms.
01-04 22:35:57.237  1941  1941 D libEGL  : loaded /system/lib/egl/libGLES_mali.so
01-04 22:35:57.310  1951  1951 I Zygote  : Preloading shared libraries...
01-04 22:35:57.374  1951  1951 I Zygote  : Uninstalled ICU cache reference pinning...
01-04 22:35:57.393  1951  1951 I Zygote  : Installed AndroidKeyStoreProvider in 19ms.
01-04 22:35:57.420  1941  1941 I Zygote  : Preloading shared libraries...
01-04 22:35:57.467  1951  1951 I Zygote  : Warmed up JCA providers in 75ms.
01-04 22:35:57.467  1951  1951 D Zygote  : end preload
01-04 22:35:57.468  1951  1951 I art     : Starting a blocking GC Explicit
01-04 22:35:57.493  1941  1941 I Zygote  : Uninstalled ICU cache reference pinning...
01-04 22:35:57.498  1951  1951 I art     : Explicit concurrent mark sweep GC freed 6751(373KB) AllocSpace objects, 0(0B) LOS objects, 58% free, 2MB/6MB, paused 320us total 30.192ms
01-04 22:35:57.505  1951  1951 I art     : Starting a blocking GC Explicit
01-04 22:35:57.509  1941  1941 I Zygote  : Installed AndroidKeyStoreProvider in 16ms.
