09-05 22:18:29.999   973   973 V BackupManagerService: No ancestral data
09-05 22:18:30.059   973   973 V KeyValueBackupJob: Scheduling k/v pass in 249 minutes
09-05 22:18:30.099   973   973 V BackupManagerService: Starting with transport com.google.android.gms/.backup.BackupTransportService
09-05 22:18:30.099   973   973 V BackupManagerService: Found transports: 2
09-05 22:18:30.100   973   973 I BackupManagerService: Binding to transport host ComponentInfo{android/com.android.internal.backup.LocalTransportService}
09-05 22:18:30.102   973   973 I BackupManagerService: Binding to transport host ComponentInfo{com.google.android.gms/com.google.android.gms.backup.BackupTransportService}
09-05 22:18:30.104   973   973 I BackupManagerService: Found stale backup journal, scheduling
09-05 22:18:30.100  1107  1107 W Binder_3: type=1400 audit(0.0:14): avc: denied { ioctl } for path="socket:[6292]" dev="sockfs" ino=6292 ioctlcmd=7704 scontext=u:r:surfaceflinger:s0 tcontext=u:r:surfaceflinger:s0 tclass=unix_stream_socket permissive=0
09-05 22:18:30.100  1107  1107 W Binder_3: type=1400 audit(0.0:15): avc: denied { ioctl } for path="socket:[6292]" dev="sockfs" ino=6292 ioctlcmd=7704 scontext=u:r:surfaceflinger:s0 tcontext=u:r:surfaceflinger:s0 tclass=unix_stream_socket permissive=0
09-05 22:18:30.130   291   291 W Binder_2: type=1400 audit(0.0:16): avc: denied { ioctl } for path="socket:[6294]" dev="sockfs" ino=6294 ioctlcmd=7704 scontext=u:r:surfaceflinger:s0 tcontext=u:r:surfaceflinger:s0 tclass=unix_stream_socket permissive=0
09-05 22:18:30.130   291   291 W Binder_2: type=1400 audit(0.0:17): avc: denied { ioctl } for path="socket:[6294]" dev="sockfs" ino=6294 ioctlcmd=7704 scontext=u:r:surfaceflinger:s0 tcontext=u:r:surfaceflinger:s0 tclass=unix_stream_socket permissive=0
09-05 22:18:30.145   150   291 D SurfaceFlinger: ####setDisplayParameter: dispId=0, cmd = 2, para0 = 0, para1= 0, para2 = 0
09-05 22:18:30.150   973   973 V DisplayManagerService: update:brightnessLightMode=1
09-05 22:18:30.150   150   287 D SurfaceFlinger: ####setDisplayParameter: dispId=0, cmd = 2, para0 = 1, para1= 0, para2 = 0
09-05 22:18:30.151   150   291 D SurfaceFlinger: ####setDisplayParameter: dispId=0, cmd = 3, para0 = 0, para1= 0, para2 = 0
09-05 22:18:30.152   973   973 V DisplayManagerService: update:hdmiOutputMode=10
09-05 22:18:30.152   150  1107 D SurfaceFlinger: ####setDisplayParameter: dispId=1, cmd = 6, para0 = 4, para1= 10, para2 = 0
09-05 22:18:30.152   973   973 V DisplayManagerService: update:hdmiPersent=25700
09-05 22:18:30.153   150   287 D SurfaceFlinger: ####setDisplayParameter: dispId=1, cmd = 7, para0 = 100, para1= 100, para2 = 0
09-05 22:18:30.156   973  1076 E KernelUidCpuTimeReader: Failed to read uid_cputime: /proc/uid_cputime/show_uid_stat: open failed: ENOENT (No such file or directory)
09-05 22:18:30.158   973  1104 W KeyguardServiceDelegate: onScreenTurningOn(): no keyguard service!
09-05 22:18:30.165   973  1077 I Pointer : Device Enumerated: Input Device -1: Virtual
09-05 22:18:30.165   973  1077 I Pointer :   Descriptor: a718a782d34bc767f4689c232d64d527998ea7fd
09-05 22:18:30.165   973  1077 I Pointer :   Generation: 2
09-05 22:18:30.165   973  1077 I Pointer :   Location: built-in
09-05 22:18:30.165   973  1077 I Pointer :   Keyboard Type: alphabetic
09-05 22:18:30.165   973  1077 I Pointer :   Has Vibrator: false
09-05 22:18:30.165   973  1077 I Pointer :   Has mic: false
09-05 22:18:30.165   973  1077 I Pointer :   Sources: 0x301 ( keyboard dpad )
09-05 22:18:30.165   973  1077 I Pointer : Device Enumerated: Input Device 1: gt9xxf_ts
09-05 22:18:30.165   973  1077 I Pointer :   Descriptor: 9e6143a1bc5dd41251b165ed559e32d49b5aad8f
09-05 22:18:30.165   973  1077 I Pointer :   Generation: 12
09-05 22:18:30.165   973  1077 I Pointer :   Location: built-in
09-05 22:18:30.165   973  1077 I Pointer :   Keyboard Type: none
09-05 22:18:30.165   973  1077 I Pointer :   Has Vibrator: false
09-05 22:18:30.165   973  1077 I Pointer :   Has mic: false
09-05 22:18:30.165   973  1077 I Pointer :   Sources: 0x1002 ( touchscreen )
09-05 22:18:30.165   973  1077 I Pointer :     AXIS_X: source=0x1002 min=0.0 max=719.0 flat=0.0 fuzz=0.0 resolution=0.0
09-05 22:18:30.165   973  1077 I Pointer :     AXIS_Y: source=0x1002 min=0.0 max=1279.0 flat=0.0 fuzz=0.0 resolution=0.0
09-05 22:18:30.165   973  1077 I Pointer :     AXIS_PRESSURE: source=0x1002 min=0.0 max=1.0 flat=0.0 fuzz=0.0 resolution=0.0
09-05 22:18:30.165   973  1077 I Pointer :     AXIS_SIZE: source=0x1002 min=0.0 max=1.0 flat=0.0 fuzz=0.0 resolution=0.0
09-05 22:18:30.165   973  1077 I Pointer :     AXIS_TOUCH_MAJOR: source=0x1002 min=0.0 max=1468.6047 flat=0.0 fuzz=0.0 resolution=0.0
09-05 22:18:30.165   973  1077 I Pointer :     AXIS_TOUCH_MINOR: source=0x1002 min=0.0 max=1468.6047 flat=0.0 fuzz=0.0 resolution=0.0
09-05 22:18:30.165   973  1077 I Pointer :     AXIS_TOOL_MAJOR: source=0x1002 min=0.0 max=1468.6047 flat=0.0 fuzz=0.0 resolution=0.0
09-05 22:18:30.165   973  1077 I Pointer :     AXIS_TOOL_MINOR: source=0x1002 min=0.0 max=1468.6047 flat=0.0 fuzz=0.0 resolution=0.0
09-05 22:18:30.165   973  1077 I Pointer : Device Enumerated: Input Device 3: sunxi-keyboard
09-05 22:18:30.165   973  1077 I Pointer :   Descriptor: 485d69228e24f5e46da1598745890b214130dbc4
09-05 22:18:30.165   973  1077 I Pointer :   Generation: 8
09-05 22:18:30.165   973  1077 I Pointer :   Location: built-in
09-05 22:18:30.165   973  1077 I Pointer :   Keyboard Type: non-alphabetic
09-05 22:18:30.165   973  1077 I Pointer :   Has Vibrator: false
09-05 22:18:30.165   973  1077 I Pointer :   Has mic: false
09-05 22:18:30.165   973  1077 I Pointer :   Sources: 0x101 ( keyboard )
09-05 22:18:30.165   973  1077 I Pointer : Device Enumerated: Input Device 4: axp22-supplyer
09-05 22:18:30.165   973  1077 I Pointer :   Descriptor: d2c52ff0f656fac4cd7b7a118d575e0109a9fe1c
09-05 22:18:30.165   973  1077 I Pointer :   Generation: 6
09-05 22:18:30.165   973  1077 I Pointer :   Location: built-in
09-05 22:18:30.165   973  1077 I Pointer :   Keyboard Type: non-alphabetic
09-05 22:18:30.165   973  1077 I Pointer :   Has Vibrator: false
09-05 22:18:30.165   973  1077 I Pointer :   Has mic: false
09-05 22:18:30.165   973  1077 I Pointer :   Sources: 0x101 ( keyboard )
09-05 22:18:30.166   973  1077 I Pointer : Device Enumerated: Input Device 6: headset
09-05 22:18:30.166   973  1077 I Pointer :   Descriptor: 99d4086daf0596433a6b43722ccf792b235f8bca
09-05 22:18:30.166   973  1077 I Pointer :   Generation: 4
09-05 22:18:30.166   973  1077 I Pointer :   Location: built-in
09-05 22:18:30.166   973  1077 I Pointer :   Keyboard Type: non-alphabetic
09-05 22:18:30.166   973  1077 I Pointer :   Has Vibrator: false
09-05 22:18:30.166   973  1077 I Pointer :   Has mic: false
09-05 22:18:30.166   973  1077 I Pointer :   Sources: 0x101 ( keyboard )
09-05 22:18:30.188   973   973 D BackgroundManagerService: reload inputmethod list: [com.google.android.googlequicksearchbox, com.google.android.inputmethod.pinyin, com.android.inputmethod.latin, jp.co.omronsoft.openwnn]
09-05 22:18:30.216   150   287 I [Gralloc]: ion_alloc from ion_client:18 via heap type DMA(mask:16) for 3686400 Bytes uncached buffer successfully, usage = 0x00000f02
09-05 22:18:30.217   973   973 D BackgroundManagerService: reload account app list: [com.google.android.gm, com.google.android.gm, com.google.android.gms, com.google.android.gm]
09-05 22:18:30.218   973   973 I ActivityManager: System now ready
09-05 22:18:30.224   973   973 I SystemServer: Making services ready
09-05 22:18:30.225   973   973 I SystemServiceManager: Starting phase 550
09-05 22:18:30.229   973  1221 D MountService: Thinking about reset, mSystemReady=true, mDaemonConnected=true
09-05 22:18:30.230   973  1221 D VoldConnector: SND -> {4 volume reset}
09-05 22:18:30.230   973  1076 I ActivityManager: Force stopping com.android.providers.media appid=10005 user=-1: vold reset
09-05 22:18:30.231   973  1222 D VoldConnector: RCV <- {651 emulated 7}
09-05 22:18:30.232   973  1222 D VoldConnector: RCV <- {659 emulated}
09-05 22:18:30.232   973   973 D UsbAlsaManager: Adding ALSA device AlsaDevice: [card: 0, device: 0, type: 1]
09-05 22:18:30.232   973   973 D UsbAlsaManager: Adding ALSA device AlsaDevice: [card: 0, device: 0, type: 2]
09-05 22:18:30.232   973  1222 D VoldConnector: RCV <- {650 emulated 2 "" ""}
09-05 22:18:30.233   973  1222 D VoldConnector: RCV <- {651 emulated 0}
09-05 22:18:30.233   973  1222 D VoldConnector: RCV <- {200 4 Command succeeded}
09-05 22:18:30.234   973  1221 D VoldConnector: SND -> {5 volume user_added 0 0}
09-05 22:18:30.235   973  1222 D VoldConnector: RCV <- {200 5 Command succeeded}
09-05 22:18:30.236   973   973 W MountService: No primary storage defined yet; hacking together a stub
09-05 22:18:30.240   973  1078 V MountService: Found primary storage at VolumeInfo{emulated}:
09-05 22:18:30.240   973  1078 V MountService:     type=EMULATED diskId=null partGuid=null mountFlags=0 mountUserId=-1
09-05 22:18:30.240   973  1078 V MountService:     state=UNMOUNTED
09-05 22:18:30.240   973  1078 V MountService:     fsType=null fsUuid=null fsLabel=null
09-05 22:18:30.240   973  1078 V MountService:     path=null internalPath=null
09-05 22:18:30.240   973   973 I SystemServer: WebViewFactory preparation
09-05 22:18:30.242   973  1221 D VoldConnector: SND -> {6 volume mount emulated 3 -1}
09-05 22:18:30.244   973  1222 D VoldConnector: RCV <- {651 emulated 1}
09-05 22:18:30.245   973  1222 D VoldConnector: RCV <- {656 emulated /data/media}
09-05 22:18:30.245   973  1222 D VoldConnector: RCV <- {655 emulated /storage/emulated}
09-05 22:18:30.247   135   156 V vold    : Waiting for FUSE to spin up...
09-05 22:18:30.267   150  1107 I [Gralloc]: ion_alloc from ion_client:18 via heap type DMA(mask:16) for 3686400 Bytes uncached buffer successfully, usage = 0x00000f02
09-05 22:18:30.273   973   973 I Zygote  : Process: zygote socket opened, supported ABIS: armeabi-v7a,armeabi
09-05 22:18:30.297   135   156 V vold    : Waiting for FUSE to spin up...
09-05 22:18:30.298   973   973 I ActivityManager: Start proc 1259:WebViewLoader-armeabi-v7a/1037 [android.webkit.WebViewFactory$RelroFileCreator] for
09-05 22:18:30.298   973   973 D libcheckfile: checkfile_init
09-05 22:18:30.310   150  1107 I [Gralloc]: ion_alloc from ion_client:18 via heap type DMA(mask:16) for 3686400 Bytes uncached buffer successfully, usage = 0x00000f02
09-05 22:18:30.327   973   973 I ActivityManager: Start proc 1267:com.android.systemui/u0a20 for service com.android.systemui/.SystemUIService
09-05 22:18:30.328   973   973 D NetworkManagement: enabling bandwidth control
09-05 22:18:30.348   150  1107 I [Gralloc]: ion_alloc from ion_client:18 via heap type DMA(mask:16) for 3686400 Bytes uncached buffer successfully, usage = 0x00000f02
09-05 22:18:30.349   973  1222 D VoldConnector: RCV <- {651 emulated 2}
09-05 22:18:30.350   973  1222 D VoldConnector: RCV <- {200 6 Command succeeded}
09-05 22:18:30.356   973  1076 I ActivityManager: Start proc 1275:android.process.media/u0a5 for broadcast com.android.providers.media/.MtpReceiver
09-05 22:18:30.374  1259  1259 V WebViewFactory: RelroFileCreator (64bit = false),  32-bit lib: /system/app/WebViewGoogle/WebViewGoogle.apk!/lib/armeabi-v7a/libwebviewchromium.so, 64-bit lib:
09-05 22:18:30.380   973  1076 I ActivityManager: Start proc 1289:com.android.externalstorage/u0a6 for broadcast com.android.externalstorage/.MountReceiver
09-05 22:18:30.418   973  1237 D WifiController: DEFERRED_TOGGLE handled
09-05 22:18:30.664  1275  1275 W System  : ClassLoader referenced unknown path: /system/priv-app/MediaProvider/lib/arm
09-05 22:18:30.664  1267  1267 W System  : ClassLoader referenced unknown path: /system/priv-app/SystemUI/lib/arm
09-05 22:18:30.758  1289  1289 W System  : ClassLoader referenced unknown path: /system/priv-app/ExternalStorageProvider/lib/arm
09-05 22:18:30.761  1275  1275 W System  : ClassLoader referenced unknown path: /system/priv-app/DownloadProvider/lib/arm
09-05 22:18:30.793  1289  1289 D ExternalStorage: After updating volumes, found 1 active roots
09-05 22:18:30.803  1289  1289 D ExternalStorage: After updating volumes, found 1 active roots
09-05 22:18:30.811  1289  1289 D ExternalStorage: After updating volumes, found 1 active roots
09-05 22:18:31.109  1267  1267 V SystemUIService: Starting SystemUI services.
09-05 22:18:31.112  1259  1259 I art     : System.exit called, status: 0
09-05 22:18:31.112  1259  1259 I AndroidRuntime: VM exiting with result code 0, cleanup skipped.
09-05 22:18:31.168   973  1077 W WindowManager: Keyguard drawn timeout. Setting mKeyguardDrawComplete
09-05 22:18:31.312   973   973 E NetdConnector: NDC Command {8 bandwidth enable} took too long (983ms)
09-05 22:18:31.375   973  1236 D wifi    : set interface wlan0 flags (UP)
09-05 22:18:31.376   973  1236 I WifiHAL : Initializing wifi
09-05 22:18:31.376   973  1236 I WifiHAL : Creating socket
09-05 22:18:31.384   973  1236 E WifiHAL : Could not find group vendor
09-05 22:18:31.384   973  1236 I WifiHAL : Initialized Wifi HAL Successfully; vendor cmd = 103
09-05 22:18:31.385   973  1236 D wifi    : Did set static halHandle = 0xac865ea0
09-05 22:18:31.385   973  1236 D wifi    : halHandle = 0xac865ea0, mVM = 0xb4d7c000, mCls = 0x1005de
09-05 22:18:31.385   973  1236 D wifi    : array field set
09-05 22:18:31.385   973  1236 I WifiNative-HAL: interface[0] = wlan0
09-05 22:18:31.385   973  1236 I WifiNative-HAL: interface[1] = p2p0
09-05 22:18:31.389   973  1404 I WifiNative-HAL: Waiting for HAL events mWifiHalHandle=-1400480096
09-05 22:18:31.389   973  1404 D wifi    : waitForHalEvents called, vm = 0xb4d7c000, obj = 0x1005de, env = 0xaa5091c0
09-05 22:18:31.404   973  1101 D Tethering: sendTetherStateChangedBroadcast 1, 0, 0
09-05 22:18:31.399   973  1236 D WifiMonitor: startMonitoring(wlan0) with mConnected = false
09-05 22:18:31.410   973  1236 E WifiHW  : Unable to open connection to supplicant on "@android:wpa_wlan0": No such file or directory
09-05 22:18:31.417  1275  1275 D MtpService: starting MTP server in MTP mode
09-05 22:18:31.467   154  1033 I iptables: iptables: No chain/target/match by that name.
09-05 22:18:31.478   154  1033 I iptables: iptables terminated by exit(1)
09-05 22:18:31.479   154  1033 E Netd    : exec() res=0, status=256 for /system/bin/iptables -w -F st_penalty_log
09-05 22:18:31.512   154  1033 I ip6tables: ip6tables: No chain/target/match by that name.
09-05 22:18:31.528   154  1033 I ip6tables: ip6tables terminated by exit(1)
09-05 22:18:31.528   154  1033 E Netd    : exec() res=0, status=256 for /system/bin/ip6tables -w -F st_penalty_log
09-05 22:18:31.561   154  1033 I iptables: iptables: No chain/target/match by that name.
09-05 22:18:31.562   154  1033 I iptables: iptables terminated by exit(1)
09-05 22:18:31.563   154  1033 E Netd    : exec() res=0, status=256 for /system/bin/iptables -w -F st_penalty_reject
09-05 22:18:31.594   154  1033 I ip6tables: ip6tables: No chain/target/match by that name.
09-05 22:18:31.598   154  1033 I ip6tables: ip6tables terminated by exit(1)
09-05 22:18:31.599   154  1033 E Netd    : exec() res=0, status=256 for /system/bin/ip6tables -w -F st_penalty_reject
09-05 22:18:31.630   154  1033 I iptables: iptables: No chain/target/match by that name.
09-05 22:18:31.631   154  1033 I iptables: iptables terminated by exit(1)
09-05 22:18:31.632   154  1033 E Netd    : exec() res=0, status=256 for /system/bin/iptables -w -F st_clear_caught
09-05 22:18:31.665   154  1033 I ip6tables: ip6tables: No chain/target/match by that name.
09-05 22:18:31.666   154  1033 I ip6tables: ip6tables terminated by exit(1)
09-05 22:18:31.666   154  1033 E Netd    : exec() res=0, status=256 for /system/bin/ip6tables -w -F st_clear_caught
09-05 22:18:31.679  1407  1407 I wpa_supplicant: Successfully initialized wpa_supplicant
09-05 22:18:31.693   154  1033 I iptables: iptables: No chain/target/match by that name.
09-05 22:18:31.694   154  1033 I iptables: iptables terminated by exit(1)
09-05 22:18:31.694   154  1033 E Netd    : exec() res=0, status=256 for /system/bin/iptables -w -F st_clear_detect
09-05 22:18:31.726   154  1033 I ip6tables: ip6tables: No chain/target/match by that name.
09-05 22:18:31.727   154  1033 I ip6tables: ip6tables terminated by exit(1)
09-05 22:18:31.728   154  1033 E Netd    : exec() res=0, status=256 for /system/bin/ip6tables -w -F st_clear_detect
09-05 22:18:31.771   154  1033 I iptables: iptables: No chain/target/match by that name.
09-05 22:18:31.773   154  1033 I iptables: iptables terminated by exit(1)
09-05 22:18:31.774   154  1033 E Netd    : exec() res=0, status=256 for /system/bin/iptables -w -X st_penalty_log
09-05 22:18:31.783  1407  1407 I wpa_supplicant: rfkill: Cannot open RFKILL control device
09-05 22:18:31.803  1407  1407 I wpa_supplicant: nl80211: Could not re-add multicast membership for vendor events: -2 (No such file or directory)
09-05 22:18:31.831   154  1033 I ip6tables: ip6tables: No chain/target/match by that name.
09-05 22:18:31.832   154  1033 I ip6tables: ip6tables terminated by exit(1)
09-05 22:18:31.832   154  1033 E Netd    : exec() res=0, status=256 for /system/bin/ip6tables -w -X st_penalty_log
09-05 22:18:31.864   154  1033 I iptables: iptables: No chain/target/match by that name.
09-05 22:18:31.865   154  1033 I iptables: iptables terminated by exit(1)
09-05 22:18:31.865   154  1033 E Netd    : exec() res=0, status=256 for /system/bin/iptables -w -X st_penalty_reject
09-05 22:18:31.908   154  1033 I ip6tables: ip6tables: No chain/target/match by that name.
09-05 22:18:31.915   154  1033 I ip6tables: ip6tables terminated by exit(1)
09-05 22:18:31.916   154  1033 E Netd    : exec() res=0, status=256 for /system/bin/ip6tables -w -X st_penalty_reject
09-05 22:18:31.947   154  1033 I iptables: iptables: No chain/target/match by that name.
09-05 22:18:31.960   154  1033 I iptables: iptables terminated by exit(1)
09-05 22:18:31.960   154  1033 E Netd    : exec() res=0, status=256 for /system/bin/iptables -w -X st_clear_caught
09-05 22:18:31.997  1407  1407 I wpa_supplicant: rfkill: Cannot open RFKILL control device
09-05 22:18:31.998   154  1033 I ip6tables: ip6tables: No chain/target/match by that name.
09-05 22:18:31.999   154  1033 I ip6tables: ip6tables terminated by exit(1)
09-05 22:18:32.000   154  1033 E Netd    : exec() res=0, status=256 for /system/bin/ip6tables -w -X st_clear_caught
09-05 22:18:32.030  1407  1407 I wpa_supplicant: nl80211: Could not re-add multicast membership for vendor events: -2 (No such file or directory)
09-05 22:18:32.049   154  1033 I iptables: iptables: No chain/target/match by that name.
09-05 22:18:32.050   154  1033 I iptables: iptables terminated by exit(1)
09-05 22:18:32.050   154  1033 E Netd    : exec() res=0, status=256 for /system/bin/iptables -w -X st_clear_detect
09-05 22:18:32.098   154  1033 I ip6tables: ip6tables: No chain/target/match by that name.
09-05 22:18:32.113   154  1033 I ip6tables: ip6tables terminated by exit(1)
09-05 22:18:32.114   154  1033 E Netd    : exec() res=0, status=256 for /system/bin/ip6tables -w -X st_clear_detect
09-05 22:18:32.199   160   160 D awplayer: <omx_vdec:255>: (f:omx_vdec, l:255)
09-05 22:18:32.200   160   160 D awplayer: <getCallingProcessName:212>: Calling process is: com.android.systemui
09-05 22:18:32.200   160   160 D awplayer: <omx_vdec:343>: ion open fd = 15
09-05 22:18:32.200   160   160 D awplayer: <component_init:513>: (f:component_init, l:513) name = OMX.allwinner.video.decoder.avc
09-05 22:18:32.202   160   160 W awplayer: <get_parameter:1175>: pParamProfileLevel->nProfileIndex[0x30] error!
09-05 22:18:32.202   160   160 E OMXNodeInstance: getParameter(f:allwinner.decoder.avc, ParamVideoProfileLevelQuerySupported(0x600000f)) ERROR: BadParameter(0x80001005)
09-05 22:18:32.206   160  1503 D awplayer: <ComponentThread:4299>:  stop command.
09-05 22:18:32.206   160  1503 D awplayer: <ComponentThread:4301>: (f:ComponentThread, l:4301) wait for OMX_VdrvCommand_Stop
09-05 22:18:32.206   160  1504 D awplayer: <ComponentVdrvThread:4516>: (f:ComponentVdrvThread, l:4516) vdrvThread receive cmd[0x3]
09-05 22:18:32.206   160  1504 D awplayer: <ComponentVdrvThread:4625>: (f:ComponentVdrvThread, l:4625)(OMX_VdrvCommand_Stop)
09-05 22:18:32.206   160  1504 D awplayer: <ComponentVdrvThread:4654>: vdrvThread detect nStopFlag[1], exit!
09-05 22:18:32.207   160  1504 D awplayer: <ComponentVdrvThread:4824>: ***notify: exit the componentVdrvThread!
09-05 22:18:32.207   160  1503 D awplayer: <ComponentThread:4303>: (f:ComponentThread, l:4303) wait for OMX_VdrvCommand_Stop done!
09-05 22:18:32.209   160   160 D awplayer: <component_deinit:2486>: (f:component_deinit, l:2486) two threads exit!
09-05 22:18:32.210   160   160 D awplayer: <~omx_vdec:503>: ~omx_dec done!
09-05 22:18:32.210   160   160 D awplayer: <check_lib_unload:394>:  Unloading the dynamic library for OMX.allwinner.video.decoder.avc
09-05 22:18:32.220   160   160 D awplayer: <omx_vdec:255>: (f:omx_vdec, l:255)
09-05 22:18:32.220   160   160 D awplayer: <getCallingProcessName:212>: Calling process is: com.android.systemui
09-05 22:18:32.221   160   160 D awplayer: <omx_vdec:343>: ion open fd = 15
09-05 22:18:32.221   160   160 D awplayer: <component_init:513>: (f:component_init, l:513) name = OMX.allwinner.video.decoder.mjpeg
09-05 22:18:32.221   160   160 W awplayer: <get_parameter:1169>: OMX_IndexParamVideoProfileLevelQuerySupported, Format[0x8] not support
09-05 22:18:32.221   160   160 E OMXNodeInstance: getParameter(10:allwinner.decoder.mjpeg, ParamVideoProfileLevelQuerySupported(0x600000f)) ERROR: BadParameter(0x80001005)
09-05 22:18:32.234   160  1506 D awplayer: <ComponentThread:4299>:  stop command.
09-05 22:18:32.234   160  1506 D awplayer: <ComponentThread:4301>: (f:ComponentThread, l:4301) wait for OMX_VdrvCommand_Stop
09-05 22:18:32.234   160  1507 D awplayer: <ComponentVdrvThread:4516>: (f:ComponentVdrvThread, l:4516) vdrvThread receive cmd[0x3]
09-05 22:18:32.234   160  1507 D awplayer: <ComponentVdrvThread:4625>: (f:ComponentVdrvThread, l:4625)(OMX_VdrvCommand_Stop)
09-05 22:18:32.234   160  1507 D awplayer: <ComponentVdrvThread:4654>: vdrvThread detect nStopFlag[1], exit!
09-05 22:18:32.234   160  1506 D awplayer: <ComponentThread:4303>: (f:ComponentThread, l:4303) wait for OMX_VdrvCommand_Stop done!
09-05 22:18:32.234   160  1507 D awplayer: <ComponentVdrvThread:4824>: ***notify: exit the componentVdrvThread!
09-05 22:18:32.235   160   160 D awplayer: <component_deinit:2486>: (f:component_deinit, l:2486) two threads exit!
09-05 22:18:32.235   160   160 D awplayer: <~omx_vdec:503>: ~omx_dec done!
09-05 22:18:32.235   160   160 D awplayer: <check_lib_unload:394>:  Unloading the dynamic library for OMX.allwinner.video.decoder.mjpeg
09-05 22:18:32.242   160   160 D awplayer: <omx_vdec:255>: (f:omx_vdec, l:255)
09-05 22:18:32.242   160   160 D awplayer: <getCallingProcessName:212>: Calling process is: com.android.systemui
09-05 22:18:32.243   160   160 D awplayer: <omx_vdec:343>: ion open fd = 15
09-05 22:18:32.243   160   160 D awplayer: <component_init:513>: (f:component_init, l:513) name = OMX.allwinner.video.decoder.mpeg1
09-05 22:18:32.247   160   160 W awplayer: <get_parameter:1169>: OMX_IndexParamVideoProfileLevelQuerySupported, Format[0xd] not support
09-05 22:18:32.247   160   160 E OMXNodeInstance: getParameter(11:allwinner.decoder.mpeg1, ParamVideoProfileLevelQuerySupported(0x600000f)) ERROR: BadParameter(0x80001005)
09-05 22:18:32.248   160  1509 D awplayer: <ComponentThread:4299>:  stop command.
09-05 22:18:32.248   160  1509 D awplayer: <ComponentThread:4301>: (f:ComponentThread, l:4301) wait for OMX_VdrvCommand_Stop
09-05 22:18:32.252   160  1510 D awplayer: <ComponentVdrvThread:4516>: (f:ComponentVdrvThread, l:4516) vdrvThread receive cmd[0x3]
09-05 22:18:32.252   160  1510 D awplayer: <ComponentVdrvThread:4625>: (f:ComponentVdrvThread, l:4625)(OMX_VdrvCommand_Stop)
09-05 22:18:32.252   160  1510 D awplayer: <ComponentVdrvThread:4654>: vdrvThread detect nStopFlag[1], exit!
09-05 22:18:32.252   160  1510 D awplayer: <ComponentVdrvThread:4824>: ***notify: exit the componentVdrvThread!
09-05 22:18:32.252   160  1509 D awplayer: <ComponentThread:4303>: (f:ComponentThread, l:4303) wait for OMX_VdrvCommand_Stop done!
09-05 22:18:32.252   160   160 D awplayer: <component_deinit:2486>: (f:component_deinit, l:2486) two threads exit!
09-05 22:18:32.252   160   160 D awplayer: <~omx_vdec:503>: ~omx_dec done!
09-05 22:18:32.253   160   160 D awplayer: <check_lib_unload:394>:  Unloading the dynamic library for OMX.allwinner.video.decoder.mpeg1
09-05 22:18:32.258   160   160 D awplayer: <omx_vdec:255>: (f:omx_vdec, l:255)
09-05 22:18:32.259   160   160 D awplayer: <getCallingProcessName:212>: Calling process is: com.android.systemui
09-05 22:18:32.259   160   160 D awplayer: <omx_vdec:343>: ion open fd = 15
09-05 22:18:32.259   160   160 D awplayer: <component_init:513>: (f:component_init, l:513) name = OMX.allwinner.video.decoder.mpeg2
09-05 22:18:32.259   160   160 W awplayer: <get_parameter:1169>: OMX_IndexParamVideoProfileLevelQuerySupported, Format[0x2] not support
09-05 22:18:32.260   160   160 E OMXNodeInstance: getParameter(12:allwinner.decoder.mpeg2, ParamVideoProfileLevelQuerySupported(0x600000f)) ERROR: BadParameter(0x80001005)
09-05 22:18:32.262   160  1515 D awplayer: <ComponentThread:4299>:  stop command.
09-05 22:18:32.262   160  1515 D awplayer: <ComponentThread:4301>: (f:ComponentThread, l:4301) wait for OMX_VdrvCommand_Stop
09-05 22:18:32.271   160  1516 D awplayer: <ComponentVdrvThread:4516>: (f:ComponentVdrvThread, l:4516) vdrvThread receive cmd[0x3]
09-05 22:18:32.271   160  1516 D awplayer: <ComponentVdrvThread:4625>: (f:ComponentVdrvThread, l:4625)(OMX_VdrvCommand_Stop)
09-05 22:18:32.271   160  1516 D awplayer: <ComponentVdrvThread:4654>: vdrvThread detect nStopFlag[1], exit!
09-05 22:18:32.271   160  1516 D awplayer: <ComponentVdrvThread:4824>: ***notify: exit the componentVdrvThread!
09-05 22:18:32.271   160  1515 D awplayer: <ComponentThread:4303>: (f:ComponentThread, l:4303) wait for OMX_VdrvCommand_Stop done!
09-05 22:18:32.281   160   160 D awplayer: <component_deinit:2486>: (f:component_deinit, l:2486) two threads exit!
09-05 22:18:32.282   160   160 D awplayer: <~omx_vdec:503>: ~omx_dec done!
09-05 22:18:32.282   160   160 D awplayer: <check_lib_unload:394>:  Unloading the dynamic library for OMX.allwinner.video.decoder.mpeg2
09-05 22:18:32.288   160   160 D awplayer: <omx_vdec:255>: (f:omx_vdec, l:255)
09-05 22:18:32.288   160   160 D awplayer: <getCallingProcessName:212>: Calling process is: com.android.systemui
09-05 22:18:32.288   160   160 D awplayer: <omx_vdec:343>: ion open fd = 15
09-05 22:18:32.288   160   160 D awplayer: <component_init:513>: (f:component_init, l:513) name = OMX.allwinner.video.decoder.mpeg4
09-05 22:18:32.290   160   160 W awplayer: <get_parameter:1175>: pParamProfileLevel->nProfileIndex[0xf] error!
09-05 22:18:32.290   160   160 E OMXNodeInstance: getParameter(13:allwinner.decoder.mpeg4, ParamVideoProfileLevelQuerySupported(0x600000f)) ERROR: BadParameter(0x80001005)
09-05 22:18:32.290   160  1518 D awplayer: <ComponentThread:4299>:  stop command.
09-05 22:18:32.291   160  1518 D awplayer: <ComponentThread:4301>: (f:ComponentThread, l:4301) wait for OMX_VdrvCommand_Stop
09-05 22:18:32.291   160  1519 D awplayer: <ComponentVdrvThread:4516>: (f:ComponentVdrvThread, l:4516) vdrvThread receive cmd[0x3]
09-05 22:18:32.291   160  1519 D awplayer: <ComponentVdrvThread:4625>: (f:ComponentVdrvThread, l:4625)(OMX_VdrvCommand_Stop)
09-05 22:18:32.291   160  1519 D awplayer: <ComponentVdrvThread:4654>: vdrvThread detect nStopFlag[1], exit!
09-05 22:18:32.291   160  1519 D awplayer: <ComponentVdrvThread:4824>: ***notify: exit the componentVdrvThread!
09-05 22:18:32.291   160  1518 D awplayer: <ComponentThread:4303>: (f:ComponentThread, l:4303) wait for OMX_VdrvCommand_Stop done!
09-05 22:18:32.299   160   160 D awplayer: <component_deinit:2486>: (f:component_deinit, l:2486) two threads exit!
09-05 22:18:32.299   160   160 D awplayer: <~omx_vdec:503>: ~omx_dec done!
09-05 22:18:32.299   160   160 D awplayer: <check_lib_unload:394>:  Unloading the dynamic library for OMX.allwinner.video.decoder.mpeg4
09-05 22:18:32.304   160   160 D awplayer: <omx_vdec:255>: (f:omx_vdec, l:255)
09-05 22:18:32.305   160   160 D awplayer: <getCallingProcessName:212>: Calling process is: com.android.systemui
09-05 22:18:32.305   160   160 D awplayer: <omx_vdec:343>: ion open fd = 15
09-05 22:18:32.305   160   160 D awplayer: <component_init:513>: (f:component_init, l:513) name = OMX.allwinner.video.decoder.h263
09-05 22:18:32.308   160   160 W awplayer: <get_parameter:1175>: pParamProfileLevel->nProfileIndex[0x8] error!
09-05 22:18:32.308   160   160 E OMXNodeInstance: getParameter(14:allwinner.decoder.h263, ParamVideoProfileLevelQuerySupported(0x600000f)) ERROR: BadParameter(0x80001005)
09-05 22:18:32.314   160  1524 D awplayer: <ComponentThread:4299>:  stop command.
09-05 22:18:32.315   160  1524 D awplayer: <ComponentThread:4301>: (f:ComponentThread, l:4301) wait for OMX_VdrvCommand_Stop
09-05 22:18:32.315   160  1525 D awplayer: <ComponentVdrvThread:4516>: (f:ComponentVdrvThread, l:4516) vdrvThread receive cmd[0x3]
09-05 22:18:32.315   160  1525 D awplayer: <ComponentVdrvThread:4625>: (f:ComponentVdrvThread, l:4625)(OMX_VdrvCommand_Stop)
09-05 22:18:32.315   160  1525 D awplayer: <ComponentVdrvThread:4654>: vdrvThread detect nStopFlag[1], exit!
09-05 22:18:32.315   160  1524 D awplayer: <ComponentThread:4303>: (f:ComponentThread, l:4303) wait for OMX_VdrvCommand_Stop done!
09-05 22:18:32.315   160  1525 D awplayer: <ComponentVdrvThread:4824>: ***notify: exit the componentVdrvThread!
09-05 22:18:32.317   160   160 D awplayer: <component_deinit:2486>: (f:component_deinit, l:2486) two threads exit!
09-05 22:18:32.317   160   160 D awplayer: <~omx_vdec:503>: ~omx_dec done!
09-05 22:18:32.317   160   160 D awplayer: <check_lib_unload:394>:  Unloading the dynamic library for OMX.allwinner.video.decoder.h263
09-05 22:18:32.325   160   160 D awplayer: <omx_vdec:255>: (f:omx_vdec, l:255)
09-05 22:18:32.325   160   160 D awplayer: <getCallingProcessName:212>: Calling process is: com.android.systemui
09-05 22:18:32.326   160   160 D awplayer: <omx_vdec:343>: ion open fd = 15
09-05 22:18:32.327   160   160 D awplayer: <component_init:513>: (f:component_init, l:513) name = OMX.allwinner.video.decoder.vp6
09-05 22:18:32.329   160   160 W awplayer: <get_parameter:1169>: OMX_IndexParamVideoProfileLevelQuerySupported, Format[0xc] not support
09-05 22:18:32.329   160   160 E OMXNodeInstance: getParameter(15:allwinner.decoder.vp6, ParamVideoProfileLevelQuerySupported(0x600000f)) ERROR: BadParameter(0x80001005)
09-05 22:18:32.330   160  1527 D awplayer: <ComponentThread:4299>:  stop command.
09-05 22:18:32.331   160  1528 D awplayer: <ComponentVdrvThread:4516>: (f:ComponentVdrvThread, l:4516) vdrvThread receive cmd[0x3]
09-05 22:18:32.331   160  1528 D awplayer: <ComponentVdrvThread:4625>: (f:ComponentVdrvThread, l:4625)(OMX_VdrvCommand_Stop)
09-05 22:18:32.331   160  1528 D awplayer: <ComponentVdrvThread:4654>: vdrvThread detect nStopFlag[1], exit!
09-05 22:18:32.331   160  1528 D awplayer: <ComponentVdrvThread:4824>: ***notify: exit the componentVdrvThread!
09-05 22:18:32.331   160  1527 D awplayer: <ComponentThread:4301>: (f:ComponentThread, l:4301) wait for OMX_VdrvCommand_Stop
09-05 22:18:32.332   160  1527 D awplayer: <ComponentThread:4303>: (f:ComponentThread, l:4303) wait for OMX_VdrvCommand_Stop done!
09-05 22:18:32.332   160   160 D awplayer: <component_deinit:2486>: (f:component_deinit, l:2486) two threads exit!
09-05 22:18:32.332   160   160 D awplayer: <~omx_vdec:503>: ~omx_dec done!
09-05 22:18:32.332   160   160 D awplayer: <check_lib_unload:394>:  Unloading the dynamic library for OMX.allwinner.video.decoder.vp6
09-05 22:18:32.339   160   160 D awplayer: <omx_vdec:255>: (f:omx_vdec, l:255)
09-05 22:18:32.339   160   160 D awplayer: <getCallingProcessName:212>: Calling process is: com.android.systemui
09-05 22:18:32.340   160   160 D awplayer: <omx_vdec:343>: ion open fd = 15
09-05 22:18:32.340   160   160 D awplayer: <component_init:513>: (f:component_init, l:513) name = OMX.allwinner.video.decoder.vp8
09-05 22:18:32.340   160   160 W awplayer: <get_parameter:1169>: OMX_IndexParamVideoProfileLevelQuerySupported, Format[0x9] not support
09-05 22:18:32.340   160   160 E OMXNodeInstance: getParameter(16:allwinner.decoder.vp8, ParamVideoProfileLevelQuerySupported(0x600000f)) ERROR: BadParameter(0x80001005)
09-05 22:18:32.341   160  1530 D awplayer: <ComponentThread:4299>:  stop command.
09-05 22:18:32.342   160  1530 D awplayer: <ComponentThread:4301>: (f:ComponentThread, l:4301) wait for OMX_VdrvCommand_Stop
09-05 22:18:32.342   160  1531 D awplayer: <ComponentVdrvThread:4516>: (f:ComponentVdrvThread, l:4516) vdrvThread receive cmd[0x3]
09-05 22:18:32.342   160  1531 D awplayer: <ComponentVdrvThread:4625>: (f:ComponentVdrvThread, l:4625)(OMX_VdrvCommand_Stop)
09-05 22:18:32.342   160  1531 D awplayer: <ComponentVdrvThread:4654>: vdrvThread detect nStopFlag[1], exit!
09-05 22:18:32.342   160  1531 D awplayer: <ComponentVdrvThread:4824>: ***notify: exit the componentVdrvThread!
09-05 22:18:32.343   160  1530 D awplayer: <ComponentThread:4303>: (f:ComponentThread, l:4303) wait for OMX_VdrvCommand_Stop done!
09-05 22:18:32.343   160   160 D awplayer: <component_deinit:2486>: (f:component_deinit, l:2486) two threads exit!
09-05 22:18:32.344   160   160 D awplayer: <~omx_vdec:503>: ~omx_dec done!
09-05 22:18:32.344   160   160 D awplayer: <check_lib_unload:394>:  Unloading the dynamic library for OMX.allwinner.video.decoder.vp8
09-05 22:18:32.352   160   160 D awplayer: <omx_vdec:255>: (f:omx_vdec, l:255)
09-05 22:18:32.352   160   160 D awplayer: <getCallingProcessName:212>: Calling process is: com.android.systemui
09-05 22:18:32.353   160   160 D awplayer: <omx_vdec:343>: ion open fd = 15
09-05 22:18:32.353   160   160 D awplayer: <component_init:513>: (f:component_init, l:513) name = OMX.allwinner.video.decoder.vc1
09-05 22:18:32.355   160   160 W awplayer: <get_parameter:1169>: OMX_IndexParamVideoProfileLevelQuerySupported, Format[0x5] not support
09-05 22:18:32.355   160   160 E OMXNodeInstance: getParameter(17:allwinner.decoder.vc1, ParamVideoProfileLevelQuerySupported(0x600000f)) ERROR: BadParameter(0x80001005)
09-05 22:18:32.367   160  1534 D awplayer: <ComponentThread:4299>:  stop command.
09-05 22:18:32.367   160  1534 D awplayer: <ComponentThread:4301>: (f:ComponentThread, l:4301) wait for OMX_VdrvCommand_Stop
09-05 22:18:32.367   160  1535 D awplayer: <ComponentVdrvThread:4516>: (f:ComponentVdrvThread, l:4516) vdrvThread receive cmd[0x3]
09-05 22:18:32.367   160  1535 D awplayer: <ComponentVdrvThread:4625>: (f:ComponentVdrvThread, l:4625)(OMX_VdrvCommand_Stop)
09-05 22:18:32.367   160  1535 D awplayer: <ComponentVdrvThread:4654>: vdrvThread detect nStopFlag[1], exit!
09-05 22:18:32.367   160  1534 D awplayer: <ComponentThread:4303>: (f:ComponentThread, l:4303) wait for OMX_VdrvCommand_Stop done!
09-05 22:18:32.367   160  1535 D awplayer: <ComponentVdrvThread:4824>: ***notify: exit the componentVdrvThread!
09-05 22:18:32.368   160   160 D awplayer: <component_deinit:2486>: (f:component_deinit, l:2486) two threads exit!
09-05 22:18:32.368   160   160 D awplayer: <~omx_vdec:503>: ~omx_dec done!
09-05 22:18:32.368   160   160 D awplayer: <check_lib_unload:394>:  Unloading the dynamic library for OMX.allwinner.video.decoder.vc1
09-05 22:18:32.372   160   160 D awplayer: <omx_vdec:255>: (f:omx_vdec, l:255)
09-05 22:18:32.373   160   160 D awplayer: <getCallingProcessName:212>: Calling process is: com.android.systemui
09-05 22:18:32.373   160   160 D awplayer: <omx_vdec:343>: ion open fd = 15
09-05 22:18:32.373   160   160 D awplayer: <component_init:513>: (f:component_init, l:513) name = OMX.allwinner.video.decoder.msmpeg4v1
09-05 22:18:32.374   160   160 W awplayer: <get_parameter:1169>: OMX_IndexParamVideoProfileLevelQuerySupported, Format[0xf] not support
09-05 22:18:32.374   160   160 E OMXNodeInstance: getParameter(18:allwinner.decoder.msmpeg4v1, ParamVideoProfileLevelQuerySupported(0x600000f)) ERROR: BadParameter(0x80001005)
09-05 22:18:32.376   160  1539 D awplayer: <ComponentThread:4299>:  stop command.
09-05 22:18:32.376   160  1539 D awplayer: <ComponentThread:4301>: (f:ComponentThread, l:4301) wait for OMX_VdrvCommand_Stop
09-05 22:18:32.383   160  1540 D awplayer: <ComponentVdrvThread:4516>: (f:ComponentVdrvThread, l:4516) vdrvThread receive cmd[0x3]
09-05 22:18:32.383   160  1540 D awplayer: <ComponentVdrvThread:4625>: (f:ComponentVdrvThread, l:4625)(OMX_VdrvCommand_Stop)
09-05 22:18:32.383   160  1540 D awplayer: <ComponentVdrvThread:4654>: vdrvThread detect nStopFlag[1], exit!
09-05 22:18:32.383   160  1540 D awplayer: <ComponentVdrvThread:4824>: ***notify: exit the componentVdrvThread!
09-05 22:18:32.383   160  1539 D awplayer: <ComponentThread:4303>: (f:ComponentThread, l:4303) wait for OMX_VdrvCommand_Stop done!
09-05 22:18:32.383   160   160 D awplayer: <component_deinit:2486>: (f:component_deinit, l:2486) two threads exit!
09-05 22:18:32.383   160   160 D awplayer: <~omx_vdec:503>: ~omx_dec done!
09-05 22:18:32.384   160   160 D awplayer: <check_lib_unload:394>:  Unloading the dynamic library for OMX.allwinner.video.decoder.msmpeg4v1
09-05 22:18:32.389   160   160 D awplayer: <omx_vdec:255>: (f:omx_vdec, l:255)
09-05 22:18:32.390   160   160 D awplayer: <getCallingProcessName:212>: Calling process is: com.android.systemui
09-05 22:18:32.390   160   160 D awplayer: <omx_vdec:343>: ion open fd = 15
09-05 22:18:32.390   160   160 D awplayer: <component_init:513>: (f:component_init, l:513) name = OMX.allwinner.video.decoder.msmpeg4v2
09-05 22:18:32.391   160   160 W awplayer: <get_parameter:1169>: OMX_IndexParamVideoProfileLevelQuerySupported, Format[0x10] not support
09-05 22:18:32.391   160   160 E OMXNodeInstance: getParameter(19:allwinner.decoder.msmpeg4v2, ParamVideoProfileLevelQuerySupported(0x600000f)) ERROR: BadParameter(0x80001005)
09-05 22:18:32.391   160  1542 D awplayer: <ComponentThread:4299>:  stop command.
09-05 22:18:32.391   160  1542 D awplayer: <ComponentThread:4301>: (f:ComponentThread, l:4301) wait for OMX_VdrvCommand_Stop
09-05 22:18:32.391   160  1543 D awplayer: <ComponentVdrvThread:4516>: (f:ComponentVdrvThread, l:4516) vdrvThread receive cmd[0x3]
09-05 22:18:32.391   160  1543 D awplayer: <ComponentVdrvThread:4625>: (f:ComponentVdrvThread, l:4625)(OMX_VdrvCommand_Stop)
09-05 22:18:32.391   160  1543 D awplayer: <ComponentVdrvThread:4654>: vdrvThread detect nStopFlag[1], exit!
09-05 22:18:32.391   160  1542 D awplayer: <ComponentThread:4303>: (f:ComponentThread, l:4303) wait for OMX_VdrvCommand_Stop done!
09-05 22:18:32.391   160  1543 D awplayer: <ComponentVdrvThread:4824>: ***notify: exit the componentVdrvThread!
09-05 22:18:32.392   160   160 D awplayer: <component_deinit:2486>: (f:component_deinit, l:2486) two threads exit!
09-05 22:18:32.392   160   160 D awplayer: <~omx_vdec:503>: ~omx_dec done!
09-05 22:18:32.392   160   160 D awplayer: <check_lib_unload:394>:  Unloading the dynamic library for OMX.allwinner.video.decoder.msmpeg4v2
09-05 22:18:32.402   160   160 D awplayer: <omx_vdec:255>: (f:omx_vdec, l:255)
09-05 22:18:32.402   160   160 D awplayer: <getCallingProcessName:212>: Calling process is: com.android.systemui
09-05 22:18:32.403   160   160 D awplayer: <omx_vdec:343>: ion open fd = 15
09-05 22:18:32.403   160   160 D awplayer: <component_init:513>: (f:component_init, l:513) name = OMX.allwinner.video.decoder.divx
09-05 22:18:32.403   160   160 W awplayer: <get_parameter:1169>: OMX_IndexParamVideoProfileLevelQuerySupported, Format[0x11] not support
09-05 22:18:32.403   160   160 E OMXNodeInstance: getParameter(1a:allwinner.decoder.divx, ParamVideoProfileLevelQuerySupported(0x600000f)) ERROR: BadParameter(0x80001005)
09-05 22:18:32.406   160  1548 D awplayer: <ComponentThread:4299>:  stop command.
09-05 22:18:32.406   160  1548 D awplayer: <ComponentThread:4301>: (f:ComponentThread, l:4301) wait for OMX_VdrvCommand_Stop
09-05 22:18:32.407   160  1549 D awplayer: <ComponentVdrvThread:4516>: (f:ComponentVdrvThread, l:4516) vdrvThread receive cmd[0x3]
09-05 22:18:32.407   160  1549 D awplayer: <ComponentVdrvThread:4625>: (f:ComponentVdrvThread, l:4625)(OMX_VdrvCommand_Stop)
09-05 22:18:32.407   160  1549 D awplayer: <ComponentVdrvThread:4654>: vdrvThread detect nStopFlag[1], exit!
09-05 22:18:32.407   160  1549 D awplayer: <ComponentVdrvThread:4824>: ***notify: exit the componentVdrvThread!
09-05 22:18:32.407   160  1548 D awplayer: <ComponentThread:4303>: (f:ComponentThread, l:4303) wait for OMX_VdrvCommand_Stop done!
09-05 22:18:32.409   160   160 D awplayer: <component_deinit:2486>: (f:component_deinit, l:2486) two threads exit!
09-05 22:18:32.410   160   160 D awplayer: <~omx_vdec:503>: ~omx_dec done!
09-05 22:18:32.410   160   160 D awplayer: <check_lib_unload:394>:  Unloading the dynamic library for OMX.allwinner.video.decoder.divx
09-05 22:18:32.438   973  1236 D WifiConfigStore: Loading config and enabling all networks
09-05 22:18:32.439   160   160 D awplayer: <omx_vdec:255>: (f:omx_vdec, l:255)
09-05 22:18:32.439   160   160 D awplayer: <getCallingProcessName:212>: Calling process is: com.android.systemui
09-05 22:18:32.439   160   160 D awplayer: <omx_vdec:343>: ion open fd = 15
09-05 22:18:32.440   160   160 D awplayer: <component_init:513>: (f:component_init, l:513) name = OMX.allwinner.video.decoder.xvid
09-05 22:18:32.442   160   160 W awplayer: <get_parameter:1169>: OMX_IndexParamVideoProfileLevelQuerySupported, Format[0x12] not support
09-05 22:18:32.442   160   160 E OMXNodeInstance: getParameter(1b:allwinner.decoder.xvid, ParamVideoProfileLevelQuerySupported(0x600000f)) ERROR: BadParameter(0x80001005)
09-05 22:18:32.454   160  1553 D awplayer: <ComponentThread:4299>:  stop command.
09-05 22:18:32.454   160  1553 D awplayer: <ComponentThread:4301>: (f:ComponentThread, l:4301) wait for OMX_VdrvCommand_Stop
09-05 22:18:32.457   160  1554 D awplayer: <ComponentVdrvThread:4516>: (f:ComponentVdrvThread, l:4516) vdrvThread receive cmd[0x3]
09-05 22:18:32.457   160  1554 D awplayer: <ComponentVdrvThread:4625>: (f:ComponentVdrvThread, l:4625)(OMX_VdrvCommand_Stop)
09-05 22:18:32.457   160  1554 D awplayer: <ComponentVdrvThread:4654>: vdrvThread detect nStopFlag[1], exit!
09-05 22:18:32.457   160  1554 D awplayer: <ComponentVdrvThread:4824>: ***notify: exit the componentVdrvThread!
09-05 22:18:32.457   160  1553 D awplayer: <ComponentThread:4303>: (f:ComponentThread, l:4303) wait for OMX_VdrvCommand_Stop done!
09-05 22:18:32.459   160   160 D awplayer: <component_deinit:2486>: (f:component_deinit, l:2486) two threads exit!
09-05 22:18:32.460   160   160 D awplayer: <~omx_vdec:503>: ~omx_dec done!
09-05 22:18:32.460   160   160 D awplayer: <check_lib_unload:394>:  Unloading the dynamic library for OMX.allwinner.video.decoder.xvid
09-05 22:18:32.471   160   160 D awplayer: <omx_vdec:255>: (f:omx_vdec, l:255)
09-05 22:18:32.471   160   160 D awplayer: <getCallingProcessName:212>: Calling process is: com.android.systemui
09-05 22:18:32.471   160   160 D awplayer: <omx_vdec:343>: ion open fd = 15
09-05 22:18:32.471   160   160 D awplayer: <component_init:513>: (f:component_init, l:513) name = OMX.allwinner.video.decoder.s263
09-05 22:18:32.472   160   160 W awplayer: <get_parameter:1169>: OMX_IndexParamVideoProfileLevelQuerySupported, Format[0xe] not support
09-05 22:18:32.472   160   160 E OMXNodeInstance: getParameter(1c:allwinner.decoder.s263, ParamVideoProfileLevelQuerySupported(0x600000f)) ERROR: BadParameter(0x80001005)
09-05 22:18:32.473   160  1559 D awplayer: <ComponentThread:4299>:  stop command.
09-05 22:18:32.473   160  1560 D awplayer: <ComponentVdrvThread:4516>: (f:ComponentVdrvThread, l:4516) vdrvThread receive cmd[0x3]
09-05 22:18:32.473   160  1560 D awplayer: <ComponentVdrvThread:4625>: (f:ComponentVdrvThread, l:4625)(OMX_VdrvCommand_Stop)
09-05 22:18:32.473   160  1560 D awplayer: <ComponentVdrvThread:4654>: vdrvThread detect nStopFlag[1], exit!
09-05 22:18:32.473   160  1560 D awplayer: <ComponentVdrvThread:4824>: ***notify: exit the componentVdrvThread!
09-05 22:18:32.473   160  1559 D awplayer: <ComponentThread:4301>: (f:ComponentThread, l:4301) wait for OMX_VdrvCommand_Stop
09-05 22:18:32.474   160  1559 D awplayer: <ComponentThread:4303>: (f:ComponentThread, l:4303) wait for OMX_VdrvCommand_Stop done!
09-05 22:18:32.474   160   160 D awplayer: <component_deinit:2486>: (f:component_deinit, l:2486) two threads exit!
09-05 22:18:32.474   160   160 D awplayer: <~omx_vdec:503>: ~omx_dec done!
09-05 22:18:32.474   160   160 D awplayer: <check_lib_unload:394>:  Unloading the dynamic library for OMX.allwinner.video.decoder.s263
09-05 22:18:32.478   973  1236 D WifiConfigStore: loaded 0 passpoint configs
09-05 22:18:32.479   973  1236 E WifiConfigStore: Error parsing configuration: java.io.FileNotFoundException: /data/misc/wifi/ipconfig.txt: open failed: ENOENT (No such file or directory)
09-05 22:18:32.490   973  1236 W WifiConfigStore: Upgrading network 0 to android.uid.system:1000
09-05 22:18:32.491   973  1236 E WifiConfigStore: readAutoJoinStatus: Error parsing configurationjava.io.FileNotFoundException: /data/misc/wifi/autojoinconfig.txt: open failed: ENOENT (No such file or directory)
09-05 22:18:32.492   973  1236 E WifiConfigStore: buildPnoList sortedWifiConfigurations size 1
09-05 22:18:32.492   973  1236 E WifiConfigStore: found sortedWifiConfigurations : "abc"WPA_PSK
09-05 22:18:32.504   160   160 D awplayer: <omx_vdec:255>: (f:omx_vdec, l:255)
09-05 22:18:32.504   160   160 D awplayer: <getCallingProcessName:212>: Calling process is: com.android.systemui
09-05 22:18:32.504   160   160 D awplayer: <omx_vdec:343>: ion open fd = 15
09-05 22:18:32.505   160   160 D awplayer: <component_init:513>: (f:component_init, l:513) name = OMX.allwinner.video.decoder.rxg2
09-05 22:18:32.505   160   160 W awplayer: <get_parameter:1169>: OMX_IndexParamVideoProfileLevelQuerySupported, Format[0x13] not support
09-05 22:18:32.505   160   160 E OMXNodeInstance: getParameter(1d:allwinner.decoder.rxg2, ParamVideoProfileLevelQuerySupported(0x600000f)) ERROR: BadParameter(0x80001005)
09-05 22:18:32.516   973  1236 D WifiNative-HAL: Setting external_sim to 1
09-05 22:18:32.517   160  1562 D awplayer: <ComponentThread:4299>:  stop command.
09-05 22:18:32.518   160  1563 D awplayer: <ComponentVdrvThread:4516>: (f:ComponentVdrvThread, l:4516) vdrvThread receive cmd[0x3]
09-05 22:18:32.518   160  1563 D awplayer: <ComponentVdrvThread:4625>: (f:ComponentVdrvThread, l:4625)(OMX_VdrvCommand_Stop)
09-05 22:18:32.518   160  1563 D awplayer: <ComponentVdrvThread:4654>: vdrvThread detect nStopFlag[1], exit!
09-05 22:18:32.518   160  1563 D awplayer: <ComponentVdrvThread:4824>: ***notify: exit the componentVdrvThread!
09-05 22:18:32.519   973  1236 D wifi    : setting dfs flag to true, 0xaf6fa830
09-05 22:18:32.521   160  1562 D awplayer: <ComponentThread:4301>: (f:ComponentThread, l:4301) wait for OMX_VdrvCommand_Stop
09-05 22:18:32.521   160  1562 D awplayer: <ComponentThread:4303>: (f:ComponentThread, l:4303) wait for OMX_VdrvCommand_Stop done!
09-05 22:18:32.521   160   160 D awplayer: <component_deinit:2486>: (f:component_deinit, l:2486) two threads exit!
09-05 22:18:32.522   973  1236 D WifiStateMachine: Setting OUI to DA-A1-19
09-05 22:18:32.522   160   160 D awplayer: <~omx_vdec:503>: ~omx_dec done!
09-05 22:18:32.522   160   160 D awplayer: <check_lib_unload:394>:  Unloading the dynamic library for OMX.allwinner.video.decoder.rxg2
09-05 22:18:32.522   973  1236 D wifi    : setting scan oui 0xaf6fa830
09-05 22:18:32.522   973  1236 D WifiHAL : Sending mac address OUI
09-05 22:18:32.522   973  1236 E WifiHAL : failed to set scanning mac OUI; result = -95
09-05 22:18:32.530   160   160 D awplayer: <omx_vdec:255>: (f:omx_vdec, l:255)
09-05 22:18:32.531   160   160 D awplayer: <getCallingProcessName:212>: Calling process is: com.android.systemui
09-05 22:18:32.531   160   160 D awplayer: <omx_vdec:343>: ion open fd = 15
09-05 22:18:32.531   160   160 D awplayer: <component_init:513>: (f:component_init, l:513) name = OMX.allwinner.video.decoder.wmv1
09-05 22:18:32.532   160   160 W awplayer: <get_parameter:1169>: OMX_IndexParamVideoProfileLevelQuerySupported, Format[0x14] not support
09-05 22:18:32.532   160   160 E OMXNodeInstance: getParameter(1e:allwinner.decoder.wmv1, ParamVideoProfileLevelQuerySupported(0x600000f)) ERROR: BadParameter(0x80001005)
09-05 22:18:32.534   160  1568 D awplayer: <ComponentThread:4299>:  stop command.
09-05 22:18:32.534   160  1568 D awplayer: <ComponentThread:4301>: (f:ComponentThread, l:4301) wait for OMX_VdrvCommand_Stop
09-05 22:18:32.540   160  1569 D awplayer: <ComponentVdrvThread:4516>: (f:ComponentVdrvThread, l:4516) vdrvThread receive cmd[0x3]
09-05 22:18:32.540   160  1569 D awplayer: <ComponentVdrvThread:4625>: (f:ComponentVdrvThread, l:4625)(OMX_VdrvCommand_Stop)
09-05 22:18:32.540   160  1568 D awplayer: <ComponentThread:4303>: (f:ComponentThread, l:4303) wait for OMX_VdrvCommand_Stop done!
09-05 22:18:32.541   160  1569 D awplayer: <ComponentVdrvThread:4654>: vdrvThread detect nStopFlag[1], exit!
09-05 22:18:32.541   160  1569 D awplayer: <ComponentVdrvThread:4824>: ***notify: exit the componentVdrvThread!
09-05 22:18:32.542   160   160 D awplayer: <component_deinit:2486>: (f:component_deinit, l:2486) two threads exit!
09-05 22:18:32.542   160   160 D awplayer: <~omx_vdec:503>: ~omx_dec done!
