01-04 22:35:57.545  1951  1951 I art     : Explicit concurrent mark sweep GC freed 12(304B) AllocSpace objects, 0(0B) LOS objects, 58% free, 2MB/6MB, paused 166us total 40.202ms
01-04 22:35:57.547  1951  2697 I art     : Starting a blocking GC HeapTrim
01-04 22:35:57.559  1951  1951 I art     : Starting a blocking GC Background
01-04 22:35:57.587  1941  1941 I Zygote  : Warmed up JCA providers in 79ms.
01-04 22:35:57.588  1941  1941 D Zygote  : end preload
01-04 22:35:57.588  1941  1941 I art     : Starting a blocking GC Explicit
01-04 22:35:57.664  1941  1941 I art     : Explicit concurrent mark sweep GC freed 35032(2MB) AllocSpace objects, 0(0B) LOS objects, 58% free, 2MB/6MB, paused 288us total 67.093ms
01-04 22:35:57.665  1941  1941 I art     : Starting a blocking GC Explicit
01-04 22:35:57.690  1951  1951 I Zygote  : System server process 3161 has been created
01-04 22:35:57.692  1951  1951 I Zygote  : Accepting command socket connections
01-04 22:35:57.709  1941  1941 I art     : Explicit concurrent mark sweep GC freed 2624(107KB) AllocSpace objects, 0(0B) LOS objects, 59% free, 2MB/6MB, paused 261us total 42.327ms
01-04 22:35:57.710  1941  1941 I Zygote  : Accepting command socket connections
01-04 22:35:57.735  3161  3161 I Zygote  : Process: zygote socket opened, supported ABIS: armeabi-v7a,armeabi
01-04 22:35:57.736  3161  3161 I InstallerConnection: connecting...
01-04 22:35:57.736  2269  2269 I         : new connection
01-04 22:35:57.787  3161  3161 I InstallerConnection: disconnecting...
01-04 22:35:57.787  2269  2269 E         : eof
01-04 22:35:57.788  2269  2269 E         : failed to read size
01-04 22:35:57.788  2269  2269 I         : closing connection
01-04 22:35:57.979  3161  3161 I SystemServer: Entered the Android system server!
01-04 22:35:58.470  3161  3161 I SystemServiceManager: Starting com.android.server.pm.Installer
01-04 22:35:58.492  3161  3161 I Installer: Waiting for installd to be ready.
01-04 22:35:58.492  3161  3161 I InstallerConnection: connecting...
01-04 22:35:58.492  2269  2269 I         : new connection
01-04 22:35:58.493  3161  3161 I SystemServiceManager: Starting com.android.server.am.ActivityManagerService$Lifecycle
01-04 22:35:58.599  3161  3161 I ActivityManager: Memory class: 16
01-04 22:35:58.711  3161  3161 D BatteryStatsImpl: Reading daily items from /data/system/batterystats-daily.xml
01-04 22:35:58.842  3161  3161 I AppOps  : No existing app ops /data/system/appops.xml; starting empty
01-04 22:35:58.957  3161  3161 I IntentFirewall: Read new rules (A:0 B:0 S:0)
01-04 22:35:58.994  3161  3161 D AppOps  : AppOpsService published
01-04 22:35:58.994  3161  3161 I SystemServiceManager: Starting com.android.server.power.PowerManagerService
01-04 22:35:59.007  3161  3161 W libsuspend: Error writing 'on' to /sys/power/state: Invalid argument
01-04 22:35:59.008  3161  3161 I libsuspend: Selected wakeup count
01-04 22:35:59.024  3161  3161 I SystemServiceManager: Starting com.android.server.lights.LightsService
01-04 22:35:59.047  3161  3161 I SystemServiceManager: Starting com.android.server.display.DisplayManagerService
01-04 22:35:59.080  3161  3161 I SystemServiceManager: Starting phase 100
01-04 22:35:59.093  3161  3261 I DisplayManagerService: Display device added: DisplayDeviceInfo{"": uniqueId="local:0", 800 x 1280, modeId 1, defaultModeId 1, supportedModes [{id=1, width=800, height=1280, fps=60.000004}], colorTransformId 1, defaultColorTransformId 1, supportedColorTransforms [{id=1, colorTransform=-22}], HdrCapabilities android.view.Display$HdrCapabilities@8971b92, density 213, 188.148 x 189.023 dpi, appVsyncOff 0, presDeadline 17666666, touch INTERNAL, rotation 0, type BUILT_IN, state UNKNOWN, FLAG_DEFAULT_DISPLAY, FLAG_ROTATES_WITH_CONTENT, FLAG_SECURE, FLAG_SU
PPORTS_PROTECTED_BUFFERS}
01-04 22:35:59.094  1560  1560 D SurfaceFlinger: Set power mode=2, type=0 flinger=0x7f990478c0
01-04 22:35:59.094  1560  1560 D SurfaceFlinger: Screen type=0 is already mode=2
01-04 22:35:59.095  3161  3261 I DisplayManagerService: Display device changed state: "", ON
01-04 22:35:59.106  3161  3161 I SystemServer: StartPackageManagerService
01-04 22:35:59.271  3161  3161 W SystemConfig: No directory /system/etc/sysconfig, skipping
01-04 22:35:59.362  3161  3161 D SELinuxMMAC: Using policy file /system/etc/security/mac_permissions.xml
01-04 22:35:59.603  3161  3161 E art     : DexFile_getDexOptNeeded file '/system/framework/org.apache.http.legacy.jar' does not exist
01-04 22:35:59.604  3161  3161 W PackageManager: Library not found: /system/framework/org.apache.http.legacy.jar
01-04 22:35:59.657  3161  3161 E art     : DexFile_getDexOptNeeded file '/system/framework/org.apache.http.legacy.jar' does not exist
01-04 22:35:59.657  3161  3161 W PackageManager: Library not found: /system/framework/org.apache.http.legacy.jar
01-04 22:35:59.673  3161  3161 D PackageManager: No files in app dir /vendor/overlay
01-04 22:35:59.689  3161  3161 W PackageManager: Failed to parse /system/framework/arm: Missing base APK in /system/framework/arm
01-04 22:35:59.690  3161  3161 W PackageManager: Failed to parse /system/framework/arm64: Missing base APK in /system/framework/arm64
01-04 22:35:59.906  3161  3161 W PackageParser: No actions in intent filter at /system/priv-app/Contacts/Contacts.apk Binary XML file line #403
01-04 22:36:00.043  3161  3161 W PackageManager: Permission android.permission.DOWNLOAD_WITHOUT_NOTIFICATION from package com.android.providers.downloads in an unknown group android.permission-group.NETWORK
01-04 22:36:00.205  3161  3161 W PackageManager: Permission com.android.launcher.permission.INSTALL_SHORTCUT from package com.android.launcher3 in an unknown group android.permission-group.SYSTEM_TOOLS
01-04 22:36:00.205  3161  3161 W PackageManager: Permission com.android.launcher3.permission.READ_SETTINGS from package com.android.launcher3 in an unknown group android.permission-group.SYSTEM_TOOLS
01-04 22:36:00.205  3161  3161 W PackageManager: Permission com.android.launcher3.permission.WRITE_SETTINGS from package com.android.launcher3 in an unknown group android.permission-group.SYSTEM_TOOLS
01-04 22:36:00.748  3161  3161 W PackageParser: Ignoring duplicate uses-permissions/uses-permissions-sdk-m: android.permission.USE_CREDENTIALS in package: com.android.settings at: Binary XML file line #53
01-04 22:36:00.748  3161  3161 W PackageParser: Ignoring duplicate uses-permissions/uses-permissions-sdk-m: android.permission.READ_SYNC_SETTINGS in package: com.android.settings at: Binary XML file line #58
01-04 22:36:00.748  3161  3161 W PackageParser: Ignoring duplicate uses-permissions/uses-permissions-sdk-m: android.permission.WRITE_SYNC_SETTINGS in package: com.android.settings at: Binary XML file line #59
01-04 22:36:00.901  3161  3161 W PackageParser: Ignoring duplicate uses-permissions/uses-permissions-sdk-m: android.permission.INSTALL_GRANT_RUNTIME_PERMISSIONS in package: com.android.shell at: Binary XML file line #102
01-04 22:36:01.062  3161  3161 W PackageParser: Ignoring duplicate uses-permissions/uses-permissions-sdk-m: android.permission.CONFIGURE_WIFI_DISPLAY in package: com.android.systemui at: Binary XML file line #123
01-04 22:36:01.396  3161  3161 W PackageParser: Ignoring duplicate uses-permissions/uses-permissions-sdk-m: android.permission.READ_CONTACTS in package: com.android.bluetooth at: Binary XML file line #61
01-04 22:36:01.398  3161  3161 W PackageParser: No actions in intent filter at /system/app/Bluetooth/Bluetooth.apk Binary XML file line #223
01-04 22:36:01.496  3161  3161 W PackageManager: Non-privileged app; cap priority to 0; package: com.android.calendar activity: com.android.calendar.GoogleCalendarUriIntentFilter origPrio: 50
01-04 22:36:01.604  3161  3161 W PackageManager: Non-privileged app; cap priority to 0; package: com.android.cts.ctsshim activity: com.android.cts.ctsshim.InstallPriority origPrio: 100
01-04 22:36:01.604  3161  3161 W PackageManager: Non-privileged app; cap priority to 0; package: com.android.cts.ctsshim activity: com.android.cts.ctsshim.InstallPriority origPrio: 100
01-04 22:36:01.604  3161  3161 W PackageManager: Non-privileged app; cap priority to 0; package: com.android.cts.ctsshim activity: com.android.cts.ctsshim.InstallPriority origPrio: 100
01-04 22:36:01.604  3161  3161 W PackageManager: Non-privileged app; cap priority to 0; package: com.android.cts.ctsshim activity: com.android.cts.ctsshim.InstallPriority origPrio: 100
01-04 22:36:01.605  3161  3161 W PackageManager: Non-privileged app; cap priority to 0; package: com.android.cts.ctsshim activity: com.android.cts.ctsshim.InstallPriority origPrio: 100
01-04 22:36:01.731  3161  3161 W PackageParser: Unknown element under <manifest>: user-permission at /system/app/DragonAging/DragonAging.apk Binary XML file line #26
01-04 22:36:01.758  3161  3161 W PackageParser: Unknown element under <manifest>: user-permission at /system/app/DragonFire/DragonFire.apk Binary XML file line #27
01-04 22:36:01.876  3161  3161 W PackageParser: Ignoring duplicate uses-permissions/uses-permissions-sdk-m: android.permission.WRITE_CONTACTS in package: com.android.email at: Binary XML file line #40
01-04 22:36:02.016  3161  3161 W PackageParser: Unknown element under <application>: permission at /system/app/Gallery2/Gallery2.apk Binary XML file line #238
01-04 22:36:02.017  3161  3161 W PackageParser: Unknown element under <application>: permission at /system/app/Gallery2/Gallery2.apk Binary XML file line #241
01-04 22:36:02.456  3161  3161 D PackageManager: No files in app dir /system/vendor/app
01-04 22:36:02.456  3161  3161 D PackageManager: No files in app dir /oem/app
01-04 22:36:02.460  3161  3161 D PackageManager: No files in app dir /data/app
01-04 22:36:02.460  3161  3161 D PackageManager: No files in app dir /data/app-private
01-04 22:36:02.462  3161  3161 D PackageManager: No files in app dir /data/app-ephemeral
01-04 22:36:02.464  3161  3161 W PackageManager: Protected action; cap priority to 0; package: com.android.cts.priv.ctsshim activity: com.android.cts.priv.ctsshim.InstallPriority origPrio: 100
01-04 22:36:02.464  3161  3161 W PackageManager: Protected action; cap priority to 0; package: com.android.cts.priv.ctsshim activity: com.android.cts.priv.ctsshim.InstallPriority origPrio: 100
01-04 22:36:02.464  3161  3161 W PackageManager: Protected action; cap priority to 0; package: com.android.cts.priv.ctsshim activity: com.android.cts.priv.ctsshim.InstallPriority origPrio: 100
01-04 22:36:02.464  3161  3161 W PackageManager: Protected action; cap priority to 0; package: com.android.cts.priv.ctsshim activity: com.android.cts.priv.ctsshim.InstallPriority origPrio: 100
01-04 22:36:02.464  3161  3161 W PackageManager: Package com.android.gallery3d desires unavailable shared library com.google.android.media.effects; ignoring!
01-04 22:36:02.464  3161  3161 W PackageManager: Package com.android.gallery3d desires unavailable shared library com.google.android.media.effects; ignoring!
01-04 22:36:02.464  3161  3161 I PackageManager: Adjusting ABI for com.android.providers.media to arm64-v8a (requirer=com.android.mtp, scannedPackage=null)
01-04 22:36:02.465  3161  3161 I PackageManager: Adjusting ABI for com.android.providers.downloads.ui to arm64-v8a (requirer=com.android.mtp, scannedPackage=null)
01-04 22:36:02.466  3161  3161 I PackageManager: Adjusting ABI for com.android.providers.downloads to arm64-v8a (requirer=com.android.mtp, scannedPackage=null)
01-04 22:36:02.467  3161  3161 I PackageManager: Adjusting ABI for com.android.server.telecom to arm64-v8a (requirer=android, scannedPackage=null)
01-04 22:36:02.467  3161  3161 I PackageManager: Adjusting ABI for com.android.inputdevices to arm64-v8a (requirer=android, scannedPackage=null)
01-04 22:36:02.468  3161  3161 I PackageManager: Adjusting ABI for com.android.wallpaperbackup to arm64-v8a (requirer=android, scannedPackage=null)
01-04 22:36:02.468  3161  3161 I PackageManager: Adjusting ABI for com.android.settings to arm64-v8a (requirer=android, scannedPackage=null)
01-04 22:36:02.469  3161  3161 I PackageManager: Adjusting ABI for com.android.providers.settings to arm64-v8a (requirer=android, scannedPackage=null)
01-04 22:36:02.471  3161  3161 I PackageManager: Adjusting ABI for com.android.keychain to arm64-v8a (requirer=android, scannedPackage=null)
01-04 22:36:02.472  3161  3161 I PackageManager: Adjusting ABI for com.softwinner.dragonphone to arm64-v8a (requirer=android, scannedPackage=null)
01-04 22:36:02.473  3161  3161 I PackageManager: Adjusting ABI for com.android.location.fused to arm64-v8a (requirer=android, scannedPackage=null)
01-04 22:36:02.474  3161  3161 I PackageManager: Time to scan packages: 2.937 seconds
01-04 22:36:02.475  3161  3161 W PackageManager: Unknown permission com.google.android.googleapps.permission.GOOGLE_AUTH in package com.android.providers.calendar
01-04 22:36:02.475  3161  3161 W PackageManager: Unknown permission com.google.android.googleapps.permission.GOOGLE_AUTH.cl in package com.android.providers.calendar
01-04 22:36:02.475  3161  3161 W PackageManager: Not granting permission android.permission.GLOBAL_SEARCH to package com.android.quicksearchbox (protectionLevel=18 flags=0x3808be45)
01-04 22:36:02.476  3161  3161 W PackageManager: Not granting permission android.permission.BIND_WALLPAPER to package com.android.camera2 (protectionLevel=18 flags=0x3058bc45)
01-04 22:36:02.476  3161  3161 W PackageManager: Unknown permission com.android.launcher.permission.READ_SETTINGS in package com.android.launcher3
01-04 22:36:02.476  3161  3161 W PackageManager: Unknown permission com.android.launcher.permission.WRITE_SETTINGS in package com.android.launcher3
01-04 22:36:02.476  3161  3161 W PackageManager: Unknown permission com.google.android.googleapps.permission.GOOGLE_AUTH.mail in package com.android.calendar
01-04 22:36:02.476  3161  3161 W PackageManager: Unknown permission com.android.launcher.permission.READ_SETTINGS in package com.android.onetimeinitializer
01-04 22:36:02.476  3161  3161 W PackageManager: Unknown permission com.android.launcher.permission.WRITE_SETTINGS in package com.android.onetimeinitializer
01-04 22:36:02.476  3161  3161 W PackageManager: Unknown permission com.google.android.permission.INSTALL_WEARABLE_PACKAGES in package com.android.packageinstaller
01-04 22:36:02.476  3161  3161 W PackageManager: Not granting permission android.permission.DELETE_PACKAGES to package com.svox.pico (protectionLevel=18 flags=0x3808be45)
01-04 22:36:02.477  3161  3161 W PackageManager: Unknown permission android.permission.RUN_INSTRUMENTATION in package org.chromium.webview_shell
01-04 22:36:02.477  3161  3161 W PackageManager: Unknown permission com.google.android.gallery3d.permission.PICASA_STORE in package com.android.dreams.phototable
01-04 22:36:02.477  3161  3161 W PackageManager: Unknown permission com.google.android.googleapps.permission.GOOGLE_AUTH in package com.android.settings
01-04 22:36:02.477  3161  3161 W PackageManager: Unknown permission com.android.launcher.permission.READ_SETTINGS in package com.android.settings
01-04 22:36:02.477  3161  3161 W PackageManager: Unknown permission com.android.launcher.permission.WRITE_SETTINGS in package com.android.settings
01-04 22:36:02.479  3161  3161 W PackageManager: Unknown permission com.google.android.gallery3d.permission.GALLERY_PROVIDER in package com.android.bluetooth
01-04 22:36:02.479  3161  3161 V PackageManager: reconcileAppsData for null u0 0x3
01-04 22:36:02.728  3161  3161 V PackageManager: reconcileAppsData finished 73 packages; restoreconNeeded was false
01-04 22:36:02.812  3161  3161 E PackageManager: There should probably be exactly one verifier; found []
01-04 22:36:02.819  3161  3161 I art     : Starting a blocking GC Explicit
01-04 22:36:02.820  3161  3229 W art     : Long monitor contention with owner main (3161) at int android.net.LocalSocketImpl.readba_native(byte[], int, int, java.io.FileDescriptor)(LocalSocketImpl.java:-2) waiters=0 in void com.android.server.pm.Settings$RuntimePermissionPersistence.writePermissionsSync(int) for 137ms
01-04 22:36:02.879  3161  3161 I art     : Explicit concurrent mark sweep GC freed 33132(1942KB) AllocSpace objects, 3(60KB) LOS objects, 33% free, 4MB/6MB, paused 611us total 56.194ms
01-04 22:36:02.896  3161  3161 I SystemServer: StartOtaDexOptService
01-04 22:36:02.898  3161  3161 I SystemServer: StartUserManagerService
01-04 22:36:02.898  3161  3161 I SystemServiceManager: Starting com.android.server.pm.UserManagerService$LifeCycle
01-04 22:36:02.924  1555  1555 I lowmemorykiller: ActivityManager connected
01-04 22:36:02.927  3161  3161 D SensorService: nuSensorService starting...
01-04 22:36:02.941  3161  3161 E AccelSensors: AccelSensor : set EVIOCSCLOCKID = 7
01-04 22:36:03.477  3161  3161 D SensorBase: Could not open (write-only) SysFs attribute "enable" (Permission denied).
01-04 22:36:03.482  3161  3161 I SystemServiceManager: Starting com.android.server.BatteryService
01-04 22:36:03.484  3161  3542 D SensorService: nuSensorService thread starting...
01-04 22:36:03.485  3161  3541 D SensorService: new thread SensorEventAckReceiver
01-04 22:36:03.501  3161  3238 E BatteryStatsService: power: Missing API
01-04 22:36:03.504  3161  3231 E KernelUidCpuTimeReader: Failed to read uid_cputime: /proc/uid_cputime/show_uid_stat (No such file or directory)
01-04 22:36:03.512  3161  3161 I SystemServiceManager: Starting com.android.server.usage.UsageStatsService
01-04 22:36:03.560  3161  3161 I SystemServiceManager: Starting com.android.server.webkit.WebViewUpdateService
01-04 22:36:03.579  3161  3161 I SystemServer: Reading configuration...
01-04 22:36:03.579  3161  3161 I SystemServer: StartSchedulingPolicyService
01-04 22:36:03.582  3161  3161 I SystemServiceManager: Starting com.android.server.telecom.TelecomLoaderService
01-04 22:36:03.583  3161  3161 I SystemServer: StartTelephonyRegistry
01-04 22:36:03.592  3161  3161 I SystemServer: StartEntropyMixer
01-04 22:36:03.595  3161  3161 I EntropyMixer: Writing entropy...
01-04 22:36:03.612  3161  3161 I SystemServer: Camera Service
01-04 22:36:03.612  3161  3161 I SystemServiceManager: Starting com.android.server.camera.CameraService
01-04 22:36:03.622  3161  3161 I SystemServer: StartAccountManagerService
01-04 22:36:03.628  3161  3161 I SystemServiceManager: Starting com.android.server.accounts.AccountManagerService$Lifecycle
01-04 22:36:03.644  3161  3161 I SystemServer: StartContentService
01-04 22:36:03.649  3161  3161 I SystemServiceManager: Starting com.android.server.content.ContentService$Lifecycle
01-04 22:36:03.659  3161  3161 I SystemServer: InstallSystemProviders
01-04 22:36:03.685  3161  3161 W System  : ClassLoader referenced unknown path: /system/priv-app/SettingsProvider/lib/arm64
01-04 22:36:03.754  3161  3161 I SystemServer: StartVibratorService
01-04 22:36:03.758  3161  3161 E         : Vibrator file does not exist : -1
01-04 22:36:03.758  3161  3161 E         : Vibrator device does not exist. Cannot start vibrator
01-04 22:36:03.758  3161  3161 W VibratorService: Tried to stop vibrating but there is no vibrator device.
01-04 22:36:03.761  3161  3161 I SystemServer: StartConsumerIrService
01-04 22:36:03.762  3161  3161 E ConsumerIrService: Can't open consumer IR HW Module, error: -2
01-04 22:36:03.763  3161  3161 I SystemServer: StartAlarmManagerService
01-04 22:36:03.763  3161  3161 I SystemServiceManager: Starting com.android.server.AlarmManagerService
01-04 22:36:03.765  3161  3161 D AlarmManagerService: Kernel timezone updated to -480 minutes west of GMT
01-04 22:36:03.772  3161  3161 I SystemServer: InitWatchdog
01-04 22:36:03.773  3161  3161 I SystemServer: StartInputManagerService
01-04 22:36:03.783  3161  3161 I InputManager: Initializing input manager, mUseDevInputEventForAudioJack=false
01-04 22:36:03.784  3161  3161 I InputReader: Reconfiguring input devices.  changes
01-04 22:36:03.784  3161  3161 I InputReader: Hekang Reconfiguring input devices.  changes=0x00000000
01-04 22:36:03.788  3161  3161 I SystemServer: StartWindowManagerService
01-04 22:36:03.879  3161  3261 I WindowManager: No existing display settings /data/system/display_settings.xml; starting empty
01-04 22:36:03.959  3161  3161 I SystemServer: StartVrManagerService
01-04 22:36:03.959  3161  3161 I SystemServiceManager: Starting com.android.server.vr.VrManagerService
01-04 22:36:03.964  3161  3161 W VrManagerService: init_native: Could not open VR hardware module, error No such file or directory (-2).
01-04 22:36:03.973  3161  3161 I VrManagerService: No VR packages found, disabling VR components
01-04 22:36:03.979  3161  3161 I InputManager: Starting input manager
01-04 22:36:03.989  3161  3579 D EventHub: No input device configuration file found for device 'bma250'.
01-04 22:36:03.992  3161  3161 I SystemServiceManager: Starting com.android.server.BluetoothService
01-04 22:36:04.011  3161  3161 D BluetoothManagerService: Loading stored name and address
01-04 22:36:04.012  3161  3161 D BluetoothManagerService: Stored bluetooth Name=tulip-p1,Address=22:22:A7:A3:0D:32
01-04 22:36:04.012  3161  3161 I SystemServer: ConnectivityMetricsLoggerService
01-04 22:36:04.012  3161  3161 I SystemServiceManager: Starting com.android.server.connectivity.MetricsLoggerService
01-04 22:36:04.024  3161  3161 I SystemServer: PinnerService
01-04 22:36:04.024  3161  3161 I SystemServiceManager: Starting com.android.server.PinnerService
01-04 22:36:04.024  3161  3161 E PinnerService: Starting PinnerService
01-04 22:36:04.026  3161  3161 I SystemServiceManager: Starting com.android.server.InputMethodManagerService$Lifecycle
01-04 22:36:04.057  3161  3579 E EventHub: could not get driver version for /dev/input/js0, Invalid argument
01-04 22:36:04.115  3161  3173 I art     : Background sticky concurrent mark sweep GC freed 14838(951KB) AllocSpace objects, 12(240KB) LOS objects, 22% free, 4MB/6MB, paused 5.436ms total 34.300ms
01-04 22:36:04.133  3161  3161 I SystemServer: StartAccessibilityManagerService
01-04 22:36:04.150  3161  3161 I ActivityManager: Config changes=1df8 {1.0 ?mcc?mnc [zh_CN] ldltr sw600dp w600dp h961dp 213dpi lrg port ?uimode ?night -touch -keyb/v/h -nav/h s.2}
01-04 22:36:04.159  3161  3229 I UsageStatsService: User[0] Rollover scheduled @ 2016-01-05 22:36:04(1452004564151)
01-04 22:36:04.159  3161  3229 E AppIdleHistory: Unable to read app idle file for user 0
01-04 22:36:04.166  3161  3261 I ActivityManager: Config changes=400 {1.0 ?mcc?mnc [zh_CN] ldltr sw600dp w600dp h889dp 213dpi lrg port ?uimode ?night -touch -keyb/v/h -nav/h s.3}
01-04 22:36:04.186  3161  3161 I SystemServiceManager: Starting com.android.server.MountService$Lifecycle
01-04 22:36:04.209  3161  3579 I EventHub: New device: id=2, fd=95, path='/dev/input/event4', name='gslX680', classes=0x14, configuration='/system/usr/idc/tp.idc', keyLayout='', keyCharacterMap='', builtinKeyboard=false, wakeMechanism=EPOLLWAKEUP, usingClockIoctl=true
01-04 22:36:04.210  3161  3579 D EventHub: No input device configuration file found for device 'sunxi-keyboard'.
01-04 22:36:04.222  3161  3579 W EventHub: Unable to disable kernel key repeat for /dev/input/event3: Function not implemented
01-04 22:36:04.222  3161  3579 I EventHub: New device: id=3, fd=96, path='/dev/input/event3', name='sunxi-keyboard', classes=0x1, configuration='', keyLayout='/system/usr/keylayout/sunxi-keyboard.kl', keyCharacterMap='/system/usr/keychars/Generic.kcm', builtinKeyboard=false, wakeMechanism=EPOLLWAKEUP, usingClockIoctl=true
01-04 22:36:04.222  3161  3579 D EventHub: No input device configuration file found for device 'axp81x-supplyer'.
01-04 22:36:04.224  3161  3161 I SystemServiceManager: Starting com.android.server.UiModeManagerService
01-04 22:36:04.228  3161  3579 W EventHub: Unable to disable kernel key repeat for /dev/input/event0: Function not implemented
01-04 22:36:04.229  3161  3579 I EventHub: New device: id=4, fd=97, path='/dev/input/event0', name='axp81x-supplyer', classes=0x1, configuration='', keyLayout='/system/usr/keylayout/Generic.kl', keyCharacterMap='/system/usr/keychars/Generic.kcm', builtinKeyboard=false, wakeMechanism=EPOLLWAKEUP, usingClockIoctl=true
01-04 22:36:04.229  3161  3579 D EventHub: No input device configuration file found for device 'sunxi-ths'.
01-04 22:36:04.232  3161  3161 I ActivityManager: Config changes=200 {1.0 ?mcc?mnc [zh_CN] ldltr sw600dp w600dp h889dp 213dpi lrg port -touch -keyb/v/h -nav/h s.4}
01-04 22:36:04.239  3161  3593 D MountService: Thinking about init, mSystemReady=false, mDaemonConnected=true
01-04 22:36:04.239  3161  3593 D MountService: Thinking about reset, mSystemReady=false, mDaemonConnected=true
01-04 22:36:04.241  3161  3593 D MountService: Thinking about init, mSystemReady=false, mDaemonConnected=true
01-04 22:36:04.241  3161  3593 D MountService: Thinking about reset, mSystemReady=false, mDaemonConnected=true
01-04 22:36:04.241  3161  3593 D CryptdConnector: SND -> {1 cryptfs getfield SystemLocale}
01-04 22:36:04.251  3161  3596 D CryptdConnector: RCV <- {200 1 -1}
01-04 22:36:04.256  3161  3593 W MountService: No primary storage mounted!
01-04 22:36:04.257  3161  3593 D VoldConnector: SND -> {1 asec list}
01-04 22:36:04.258  3161  3161 I SystemServer: StartLockSettingsService
01-04 22:36:04.259  3161  3595 D VoldConnector: RCV <- {200 1 asec operation succeeded}
01-04 22:36:04.261  3161  3593 I PackageManager: No secure containers found
01-04 22:36:04.261  3161  3593 W PackageManager: Unknown permission com.google.android.googleapps.permission.GOOGLE_AUTH in package com.android.providers.calendar
01-04 22:36:04.261  3161  3593 W PackageManager: Unknown permission com.google.android.googleapps.permission.GOOGLE_AUTH.cl in package com.android.providers.calendar
01-04 22:36:04.261  3161  3593 W PackageManager: Not granting permission android.permission.GLOBAL_SEARCH to package com.android.quicksearchbox (protectionLevel=18 flags=0x3888be45)
01-04 22:36:04.262  3161  3593 W PackageManager: Not granting permission android.permission.BIND_WALLPAPER to package com.android.camera2 (protectionLevel=18 flags=0x30d8bc45)
01-04 22:36:04.262  3161  3593 W PackageManager: Unknown permission com.android.launcher.permission.READ_SETTINGS in package com.android.launcher3
01-04 22:36:04.262  3161  3593 W PackageManager: Unknown permission com.android.launcher.permission.WRITE_SETTINGS in package com.android.launcher3
01-04 22:36:04.262  3161  3593 W PackageManager: Unknown permission com.google.android.googleapps.permission.GOOGLE_AUTH.mail in package com.android.calendar
01-04 22:36:04.262  3161  3593 W PackageManager: Unknown permission com.android.launcher.permission.READ_SETTINGS in package com.android.onetimeinitializer
01-04 22:36:04.262  3161  3593 W PackageManager: Unknown permission com.android.launcher.permission.WRITE_SETTINGS in package com.android.onetimeinitializer
01-04 22:36:04.262  3161  3593 W PackageManager: Unknown permission com.google.android.permission.INSTALL_WEARABLE_PACKAGES in package com.android.packageinstaller
01-04 22:36:04.262  3161  3593 W PackageManager: Not granting permission android.permission.DELETE_PACKAGES to package com.svox.pico (protectionLevel=18 flags=0x3888be45)
01-04 22:36:04.263  3161  3593 W PackageManager: Unknown permission android.permission.RUN_INSTRUMENTATION in package org.chromium.webview_shell
01-04 22:36:04.263  3161  3593 W PackageManager: Unknown permission com.google.android.gallery3d.permission.PICASA_STORE in package com.android.dreams.phototable
01-04 22:36:04.263  3161  3593 W PackageManager: Unknown permission com.google.android.googleapps.permission.GOOGLE_AUTH in package com.android.settings
01-04 22:36:04.263  3161  3593 W PackageManager: Unknown permission com.android.launcher.permission.READ_SETTINGS in package com.android.settings
01-04 22:36:04.263  3161  3593 W PackageManager: Unknown permission com.android.launcher.permission.WRITE_SETTINGS in package com.android.settings
01-04 22:36:04.264  3161  3161 I SystemServiceManager: Starting com.android.server.LockSettingsService$Lifecycle
01-04 22:36:04.269  3161  3593 W PackageManager: Unknown permission com.google.android.gallery3d.permission.GALLERY_PROVIDER in package com.android.bluetooth
01-04 22:36:04.294  3161  3161 I SystemServiceManager: Starting com.android.server.PersistentDataBlockService
01-04 22:36:04.316  3161  3579 E EventHub: could not get driver version for /dev/input/mice, Not a typewriter
01-04 22:36:04.361  3161  3593 W MountService: No primary storage defined yet; hacking together a stub
01-04 22:36:04.362  3161  3593 W MountService: No primary storage defined yet; hacking together a stub
01-04 22:36:04.363  3161  3593 W MountService: No primary storage mounted!
01-04 22:36:04.363  3161  3593 D VoldConnector: SND -> {2 asec list}
01-04 22:36:04.364  3161  3595 D VoldConnector: RCV <- {200 2 asec operation succeeded}
01-04 22:36:04.366  3161  3161 E PersistentDataBlockService: not able to find package
01-04 22:36:04.366  3161  3161 E PersistentDataBlockService: android.content.pm.PackageManager$NameNotFoundException:
01-04 22:36:04.366  3161  3161 E PersistentDataBlockService:    at android.app.ApplicationPackageManager.getPackageUidAsUser(ApplicationPackageManager.java:256)
01-04 22:36:04.366  3161  3161 E PersistentDataBlockService:    at com.android.server.PersistentDataBlockService.getAllowedUid(PersistentDataBlockService.java:101)
01-04 22:36:04.366  3161  3161 E PersistentDataBlockService:    at com.android.server.PersistentDataBlockService.<init>(PersistentDataBlockService.java:92)
01-04 22:36:04.366  3161  3161 E PersistentDataBlockService:    at java.lang.reflect.Constructor.newInstance0(Native Method)
01-04 22:36:04.366  3161  3161 E PersistentDataBlockService:    at java.lang.reflect.Constructor.newInstance(Constructor.java:430)
01-04 22:36:04.366  3161  3161 E PersistentDataBlockService:    at com.android.server.SystemServiceManager.startService(SystemServiceManager.java:92)
01-04 22:36:04.366  3161  3161 E PersistentDataBlockService:    at com.android.server.SystemServer.startOtherServices(SystemServer.java:743)
01-04 22:36:04.366  3161  3161 E PersistentDataBlockService:    at com.android.server.SystemServer.run(SystemServer.java:324)
01-04 22:36:04.366  3161  3161 E PersistentDataBlockService:    at com.android.server.SystemServer.main(SystemServer.java:209)
01-04 22:36:04.366  3161  3161 E PersistentDataBlockService:    at java.lang.reflect.Method.invoke(Native Method)
01-04 22:36:04.366  3161  3161 E PersistentDataBlockService:    at com.android.internal.os.ZygoteInit$MethodAndArgsCaller.run(ZygoteInit.java:865)
01-04 22:36:04.366  3161  3161 E PersistentDataBlockService:    at com.android.internal.os.ZygoteInit.main(ZygoteInit.java:755)
01-04 22:36:04.392  3161  3161 I SystemServiceManager: Starting com.android.server.DeviceIdleController
01-04 22:36:04.397  3161  3579 D EventHub: No input device configuration file found for device 'audiocodec sunxi Audio Jack'.
01-04 22:36:04.401  3161  3579 W EventHub: Unable to disable kernel key repeat for /dev/input/event1: Function not implemented
01-04 22:36:04.401  3161  3579 I EventHub: New device: id=6, fd=100, path='/dev/input/event1', name='audiocodec sunxi Audio Jack', classes=0x81, configuration='', keyLayout='/system/usr/keylayout/Generic.kl', keyCharacterMap='/system/usr/keychars/Generic.kcm', builtinKeyboard=false, wakeMechanism=EPOLLWAKEUP, usingClockIoctl=true
01-04 22:36:04.408  3161  3579 I InputReader: Device added: id=-1, name='Virtual', sources=0x00000301
01-04 22:36:04.408  3161  3579 I InputReader: Device added: id=6, name='audiocodec sunxi Audio Jack', sources=0x80000101
01-04 22:36:04.408  3161  3579 I InputReader: Device added: id=4, name='axp81x-supplyer', sources=0x00000101
01-04 22:36:04.408  3161  3579 I InputReader: Device added: id=3, name='sunxi-keyboard', sources=0x00000101
01-04 22:36:04.410  3161  3579 I InputReader:   Touch device 'gslX680' could not query the properties of its associated display.  The device will be inoperable until the display size becomes available.
01-04 22:36:04.410  3161  3579 I InputReader: Device added: id=2, name='gslX680', sources=0x00001002
01-04 22:36:04.411  3161  3579 I InputReader: Hekang Reconfiguring input devices. loopOnce changes=0x00000004
01-04 22:36:04.411  3161  3579 I InputReader: Hekang Reconfiguring input devices.  changes=0x00000004
01-04 22:36:04.411  3161  3579 I InputReader: Reconfiguring input devices.  changes=0x00000004
01-04 22:36:04.412  3161  3579 I InputReader: Device reconfigured: id=2, name='gslX680', size 800x1280, orientation 0, mode 1, display id 0
01-04 22:36:04.413  3161  3578 I ActivityManager: Config changes=8 {1.0 ?mcc?mnc [zh_CN] ldltr sw600dp w600dp h889dp 213dpi lrg port finger -keyb/v/h -nav/h s.5}
01-04 22:36:04.427  3161  3161 I SystemServiceManager: Starting com.android.server.devicepolicy.DevicePolicyManagerService$Lifecycle
01-04 22:36:04.464  3161  3161 I SystemServer: StartStatusBarManagerService
01-04 22:36:04.471  3161  3161 I SystemServer: StartClipboardService
01-04 22:36:04.474  3161  3161 I SystemServer: StartNetworkManagementService
01-04 22:36:04.492  3161  3613 I NetworkManagement: onDaemonConnected()
01-04 22:36:04.496  3161  3161 I SystemServiceManager: Starting com.android.server.TextServicesManagerService$Lifecycle
01-04 22:36:04.511  3161  3173 I art     : Background partial concurrent mark sweep GC freed 21288(1282KB) AllocSpace objects, 4(80KB) LOS objects, 33% free, 4MB/7MB, paused 5.467ms total 96.932ms
01-04 22:36:04.518  3161  3161 I SystemServer: StartNetworkScoreService
01-04 22:36:04.522  3161  3161 I SystemServer: StartNetworkStatsService
01-04 22:36:04.549  3161  3161 I SystemServer: StartNetworkPolicyManagerService
01-04 22:36:04.567  3161  3161 I SystemServer: No Wi-Fi NAN Service (NAN support Not Present)
01-04 22:36:04.619  3161  3161 I SystemServiceManager: Starting com.android.server.wifi.p2p.WifiP2pService
01-04 22:36:04.716  3161  3161 I WifiP2pService: Registering wifip2p
01-04 22:36:04.718  3161  3161 I SystemServiceManager: Starting com.android.server.wifi.WifiService
01-04 22:36:04.781  3161  3161 D HS20    : Passpoint is disabled
01-04 22:36:04.803  3161  3638 E IpManager.wlan0: Failed to clear addresses or disable IPv6java.lang.IllegalStateException: command '1 interface ipv6 wlan0 disable' failed with '400 1 Failed to change IPv6 state (No such file or directory)'
01-04 22:36:05.001  3161  3635 D WifiApConfigStore: 2G band allowed channels are:1,6,11
01-04 22:36:05.004  3161  3161 E WifiLogger: no ring buffers found
01-04 22:36:05.004  3161  3161 E WifiLogger: Failed to start packet fate monitoring
01-04 22:36:05.010  3161  3161 D WifiController: isAirplaneModeOn = false, isWifiEnabled = false, isScanningAvailable = false
01-04 22:36:05.014  3161  3161 I WifiService: Registering wifi
01-04 22:36:05.020  3161  3161 I SystemServiceManager: Starting com.android.server.wifi.scanner.WifiScanningService
01-04 22:36:05.020  3161  3161 I WifiScanningService: Creating wifiscanner
01-04 22:36:05.028  3161  3161 I WifiScanningService: Publishing wifiscanner
01-04 22:36:05.029  3161  3161 I SystemServiceManager: Starting com.android.server.wifi.RttService
01-04 22:36:05.030  3161  3161 I RttService: Creating rttmanager
01-04 22:36:05.032  3161  3161 I RttService: Starting rttmanager
01-04 22:36:05.034  3161  3161 I SystemServiceManager: Starting com.android.server.ethernet.EthernetService
01-04 22:36:05.035  3161  3161 I EthernetServiceImpl: Creating EthernetConfigStore
01-04 22:36:05.037  3161  3161 E IpConfigStore: Error parsing configuration: java.io.FileNotFoundException: /data/misc/ethernet/ipconfig.txt (No such file or directory)
01-04 22:36:05.037  3161  3161 W EthernetConfigStore: No Ethernet configuration found. Using default.
01-04 22:36:05.037  3161  3161 I EthernetServiceImpl: Read stored IP configuration: IP assignment: DHCP
01-04 22:36:05.037  3161  3161 I EthernetServiceImpl: Proxy settings: NONE
01-04 22:36:05.038  3161  3161 I EthernetService: Registering service ethernet
01-04 22:36:05.039  3161  3161 I SystemServer: StartConnectivityService
01-04 22:36:05.050  3161  3161 D ConnectivityService: ConnectivityService starting up
01-04 22:36:05.055  3161  3161 D ConnectivityService: wifiOnly=false
01-04 22:36:05.055  3161  3161 E ConnectivityService: Ignoring protectedNetwork 10
01-04 22:36:05.055  3161  3161 E ConnectivityService: Ignoring protectedNetwork 11
01-04 22:36:05.055  3161  3161 E ConnectivityService: Ignoring protectedNetwork 12
01-04 22:36:05.055  3161  3161 E ConnectivityService: Ignoring protectedNetwork 14
01-04 22:36:05.055  3161  3161 E ConnectivityService: Ignoring protectedNetwork 15
01-04 22:36:05.071  3161  3161 I SystemServer: StartNsdService
01-04 22:36:05.079  3161  3161 I SystemServer: StartUpdateLockService
01-04 22:36:05.083  3161  3161 I SystemServiceManager: Starting com.android.server.RecoverySystemService
01-04 22:36:05.090  3161  3161 I SystemServiceManager: Starting com.android.server.notification.NotificationManagerService
01-04 22:36:05.128  3161  3161 D ConditionProviders.SCP: new ScheduleConditionProvider()
01-04 22:36:05.140  3161  3161 D ZenLog  : config: readXml,ZenModeConfig[user=0,allowCalls=true,allowRepeatCallers=false,allowMessages=false,allowCallsFrom=contacts,allowMessagesFrom=contacts,allowReminders=true,allowEvents=true,allowWhenScreenOff=true,allowWhenScreenOn=true,automaticRules={4f2e719a1e6548fb94e82a794e8487cf=ZenRule[enabled=false,snoozing=false,name=?zenMode=ZEN_MODE_ALARMS,conditionId=condition://android/schedule?days=1.2.3.4.5&start=22.0&end=7.0&exitAtAlarm=false,condition=Condition[id=condition://android/schedule?days=1.2.3.4.5&start=22.0&end=7.0&exitAtAla
rm=false,summary=...,line1=...,line2=...,icon=0,state=STATE_TRUE,flags=2],component=ComponentInfo{android/com.android.server.notification.ScheduleConditionProvider},id=4f2e719a1e6548fb94e82a794e8487cf,creationTime=1451917945809], d5b4ecbd060f40969e5cc250c162f9f4=ZenRule[enabled=false,snoozing=false,name=,zenMode=ZEN_MODE_ALARMS,conditionId=condition://android/event?userId=-10000&calendar=&reply=1,condition=Condition[id=condition://android/event?userId=-10000&calendar=&reply=1,summary=...,line1=...,line2=...,icon=0,state=STATE_FALSE,flags=2],component=ComponentInfo{android/com.android.ser
ver.notification.EventConditionProvider},id=d5b4ecbd060f40969e5cc250c162f9f4,creationTime=1451917945810], 2416f490f1644d1e9a2e04fcd42111b8=ZenRule[enabled=false,snoozing=false,name=,zenMode=ZEN_MODE_ALARMS,conditionId=condition://android/schedule?days=6.7&start=23.30&end=10.0&exitAtAlarm=false,condition=Condition[id=condition://android/schedule?days=6.7&start=23.30&end=10.0&exitAtAlarm=false,summary=...,line1=...,line2=...,icon=0,state=STATE_FALSE,flags=2],component=ComponentInfo{android/com.android.server.notification.ScheduleConditionProvider},id=2416f490f1644d1e9a2e04fcd42111b8,creati
onTime=1451917945809]},manualRule=null],Diff[automaticRule[7b5e4af069804cba9f65a17a468fbcf8]:delete,automaticRule[1455c460b68f4ec597cc8c207bb54c75]:delete,automaticRule[4f2e719a1e6548fb94e82a794e8487cf]:insert,automaticRule[d5b4ecbd060f40969e5cc250c162f9f4]:insert,automaticRule[09a714e58361475f849c8c4e676757a7]:delete,automaticRule[2416f490f1644d1e9a2e04fcd42111b8]:insert]
01-04 22:36:05.155  3161  3161 D ZenLog  : set_zen_mode: off,init
01-04 22:36:05.161  3161  3161 I SystemServiceManager: Starting com.android.server.storage.DeviceStorageMonitorService
01-04 22:36:05.169  3161  3161 I SystemServer: StartLocationManagerService
01-04 22:36:05.181  3161  3161 I SystemServer: StartCountryDetectorService
01-04 22:36:05.185  3161  3161 I SystemServer: StartSearchManagerService
01-04 22:36:05.185  3161  3161 I SystemServiceManager: Starting com.android.server.search.SearchManagerService$Lifecycle
01-04 22:36:05.189  3161  3161 I SystemServiceManager: Starting com.android.server.DropBoxManagerService
01-04 22:36:05.193  3161  3161 I SystemServer: StartWallpaperManagerService
01-04 22:36:05.194  3161  3161 I SystemServiceManager: Starting com.android.server.wallpaper.WallpaperManagerService$Lifecycle
01-04 22:36:05.199  3161  3161 E BitmapFactory: Unable to decode stream: java.io.FileNotFoundException: /data/system/users/0/wallpaper_orig (No such file or directory)
01-04 22:36:05.199  3161  3161 E WallpaperManagerService: Invalid wallpaper data
01-04 22:36:05.199  3161  3161 E WallpaperManagerService: Unable to apply new wallpaper
01-04 22:36:05.203  3161  3161 I SystemServer: StartAudioService
01-04 22:36:05.203  3161  3161 I SystemServiceManager: Starting com.android.server.audio.AudioService$Lifecycle
01-04 22:36:05.218  1945  2206 D PermissionCache: checking android.permission.MODIFY_AUDIO_SETTINGS for uid=1000 => granted (983 us)
01-04 22:36:05.223  3161  3161 W TelecomManager: Telecom Service not found.
01-04 22:36:05.228  3161  3181 E BatteryStatsService: power: Missing API
01-04 22:36:05.230  3161  3231 E KernelUidCpuTimeReader: Failed to read uid_cputime: /proc/uid_cputime/show_uid_stat (No such file or directory)
01-04 22:36:05.230  1945  2191 W AudioFlinger: no wake lock to update, system not ready yet
01-04 22:36:05.254  3161  3161 I SystemServiceManager: Starting com.android.server.DockObserver
01-04 22:36:05.255  3161  3161 W DockObserver: This kernel does not have dock station support
01-04 22:36:05.257  3161  3161 I SystemServer: StartWiredAccessoryManager
01-04 22:36:05.258  3161  3161 W WiredAccessoryManager: This kernel does not have wired headset support
01-04 22:36:05.258  3161  3161 W WiredAccessoryManager: This kernel does not have usb audio support
01-04 22:36:05.259  3161  3161 I SystemServiceManager: Starting com.android.server.midi.MidiService$Lifecycle
01-04 22:36:05.265  3161  3161 I SystemServiceManager: Starting com.android.server.usb.UsbService$Lifecycle
01-04 22:36:05.304  3161  3161 I SystemServer: StartSerialService
01-04 22:36:05.308  3161  3161 E HardwarePropertiesManagerService-JNI: Couldn't load thermal module (No such file or directory)
01-04 22:36:05.310  3161  3161 I SystemServiceManager: Starting com.android.server.twilight.TwilightService
01-04 22:36:05.315  3161  3161 I SystemServiceManager: Starting com.android.server.job.JobSchedulerService
01-04 22:36:05.327  3161  3161 I SystemServiceManager: Starting com.android.server.soundtrigger.SoundTriggerService
01-04 22:36:05.330  3161  3161 I SystemServiceManager: Starting com.android.server.backup.BackupManagerService$Lifecycle
01-04 22:36:05.337  3161  3161 I SystemServiceManager: Starting com.android.server.appwidget.AppWidgetService
01-04 22:36:05.378  3161  3161 I SystemServiceManager: Starting com.android.server.voiceinteraction.VoiceInteractionManagerService
01-04 22:36:05.383  3161  3161 I SystemServer: Gesture Launcher Service
01-04 22:36:05.383  3161  3161 I SystemServiceManager: Starting com.android.server.GestureLauncherService
01-04 22:36:05.383  3161  3161 I SystemServiceManager: Starting com.android.server.SensorNotificationService
01-04 22:36:05.383  3161  3161 I SystemServiceManager: Starting com.android.server.ContextHubSystemService
01-04 22:36:05.390  3161  3161 E ContextHubService: ** Could not load context_hub module : err No such file or directory
01-04 22:36:05.390  3161  3161 W ContextHubService: No Context Hub Module present
01-04 22:36:05.390  3161  3161 I SystemServer: StartDiskStatsService
01-04 22:36:05.391  3161  3161 I SystemServer: StartSamplingProfilerService
01-04 22:36:05.405  3161  3161 I SystemServer: StartNetworkTimeUpdateService
01-04 22:36:05.407  3161  3161 I SystemServer: StartCommonTimeManagementService
01-04 22:36:05.409  3161  3161 I SystemServer: CertBlacklister
01-04 22:36:05.414  3161  3161 I SystemServiceManager: Starting com.android.server.dreams.DreamManagerService
01-04 22:36:05.417  3161  3161 I SystemServer: StartAssetAtlasService
01-04 22:36:05.423  3161  3161 I SystemServiceManager: Starting com.android.server.print.PrintManagerService
01-04 22:36:05.429  3161  3688 D AssetAtlas: Loaded configuration: SliceMinArea (576x576) flags=0x2 count=98
01-04 22:36:05.432  1560  1575 I [Gralloc]: ion_alloc from ion_client:18 via heap type DMA(mask:16) for 1327104 Bytes uncached buffer successfully, usage = 0x00000100
01-04 22:36:05.462  3161  3161 I SystemServiceManager: Starting com.android.server.restrictions.RestrictionsManagerService
01-04 22:36:05.465  3161  3161 I SystemServiceManager: Starting com.android.server.media.MediaSessionService
01-04 22:36:05.491  3161  3161 I SystemServer: StartMediaRouterService
01-04 22:36:05.493  3161  3161 I SystemServiceManager: Starting com.android.server.trust.TrustManagerService
01-04 22:36:05.496  3161  3161 I SystemServer: StartBackgroundDexOptService
01-04 22:36:05.500  3161  3173 I art     : Background sticky concurrent mark sweep GC freed 790(79KB) AllocSpace objects, 1(20KB) LOS objects, 0% free, 6MB/7MB, paused 9.451ms total 55.742ms
01-04 22:36:05.502  3161  3688 D AssetAtlas: Rendered atlas in 56.36ms (23.99+32.37ms)
01-04 22:36:05.510  3161  3161 I SystemServiceManager: Starting com.android.server.pm.ShortcutService$Lifecycle
01-04 22:36:05.519  3161  3161 I SystemServiceManager: Starting com.android.server.pm.LauncherAppsService
01-04 22:36:05.522  3161  3161 I SystemServiceManager: Starting com.android.server.media.projection.MediaProjectionManagerService
01-04 22:36:05.539  3161  3161 V MediaRouter: Adding route: RouteInfo{ name=, description=null, status=null, category=RouteCategory{ name=null types=ROUTE_TYPE_LIVE_AUDIO ROUTE_TYPE_LIVE_VIDEO  groupable=false }, supportedTypes=ROUTE_TYPE_LIVE_AUDIO ROUTE_TYPE_LIVE_VIDEO , presentationDisplay=null }
01-04 22:36:05.542  3161  3161 V MediaRouter: Updating audio routes: AudioRoutesInfo{ type=SPEAKER }
01-04 22:36:05.544  3161  3161 V MediaRouter: Selecting route: RouteInfo{ name=, description=null, status=null, category=RouteCategory{ name=null types=ROUTE_TYPE_LIVE_AUDIO ROUTE_TYPE_LIVE_VIDEO  groupable=false }, supportedTypes=ROUTE_TYPE_LIVE_AUDIO ROUTE_TYPE_LIVE_VIDEO , presentationDisplay=null }
01-04 22:36:05.556  3161  3161 I WindowManager: SAFE MODE not enabled
01-04 22:36:05.560  3161  3161 I SystemServiceManager: Starting com.android.server.MmsServiceBroker
01-04 22:36:05.564  3161  3161 W VibratorService: Tried to stop vibrating but there is no vibrator device.
01-04 22:36:05.614  3161  3161 E LockSettingsStorage: Cannot read file java.io.FileNotFoundException: /data/system/gatekeeper.password.key: open failed: ENOENT (No such file or directory)
01-04 22:36:05.615  3161  3161 E LockSettingsStorage: Cannot read file java.io.FileNotFoundException: /data/system/password.key: open failed: ENOENT (No such file or directory)
01-04 22:36:05.616  3161  3161 E LockSettingsStorage: Cannot read file java.io.FileNotFoundException: /data/system/gatekeeper.pattern.key: open failed: ENOENT (No such file or directory)
01-04 22:36:05.617  3161  3161 E LockSettingsStorage: Cannot read file java.io.FileNotFoundException: /data/system/gatekeeper.gesture.key: open failed: ENOENT (No such file or directory)
01-04 22:36:05.617  3161  3161 E LockSettingsStorage: Cannot read file java.io.FileNotFoundException: /data/system/gesture.key: open failed: ENOENT (No such file or directory)
01-04 22:36:05.617  3161  3161 I SystemServiceManager: Starting phase 480
01-04 22:36:05.627  3161  3161 I DevicePolicyManagerService: Set ro.device_owner property to false
01-04 22:36:05.632  3161  3161 I SystemServiceManager: Starting phase 500
01-04 22:36:05.639  3161  3161 D ConnectivityMetricsLoggerService: onBootPhase: PHASE_SYSTEM_SERVICES_READY
01-04 22:36:05.649  3161  3161 I WifiService: WifiService starting up with Wi-Fi disabled
01-04 22:36:05.654  3161  3161 I WifiScanningService: Starting wifiscanner
01-04 22:36:05.660  3161  3161 I RttService: Registering rttmanager
01-04 22:36:05.663  3161  3161 I EthernetServiceImpl: Starting Ethernet service
01-04 22:36:05.667  3161  3161 D Ethernet: Registering NetworkFactory
01-04 22:36:05.668  3161  3657 D ConnectivityService: Got NetworkFactory Messenger for Ethernet
01-04 22:36:05.675  3161  3161 D ZenLog  : config: cleanUpZenRules,ZenModeConfig[user=0,allowCalls=true,allowRepeatCallers=false,allowMessages=false,allowCallsFrom=contacts,allowMessagesFrom=contacts,allowReminders=true,allowEvents=true,allowWhenScreenOff=true,allowWhenScreenOn=true,automaticRules={4f2e719a1e6548fb94e82a794e8487cf=ZenRule[enabled=false,snoozing=false,name=?zenMode=ZEN_MODE_ALARMS,conditionId=condition://android/schedule?days=1.2.3.4.5&start=22.0&end=7.0&exitAtAlarm=false,condition=Condition[id=condition://android/schedule?days=1.2.3.4.5&start=22.0&end=7.0&e
xitAtAlarm=false,summary=...,line1=...,line2=...,icon=0,state=STATE_TRUE,flags=2],component=ComponentInfo{android/com.android.server.notification.ScheduleConditionProvider},id=4f2e719a1e6548fb94e82a794e8487cf,creationTime=1451917945809], d5b4ecbd060f40969e5cc250c162f9f4=ZenRule[enabled=false,snoozing=false,name=,zenMode=ZEN_MODE_ALARMS,conditionId=condition://android/event?userId=-10000&calendar=&reply=1,condition=Condition[id=condition://android/event?userId=-10000&calendar=&reply=1,summary=...,line1=...,line2=...,icon=0,state=STATE_FALSE,flags=2],component=ComponentInfo{android/com.and
