01-04 22:36:13.081  3734  4194 I art     : Starting a blocking GC Alloc
01-04 22:36:13.090  3734  4194 I art     : Alloc sticky concurrent mark sweep GC freed 4(536B) AllocSpace objects, 0(0B) LOS objects, 40% free, 5MB/8MB, paused 540us total 7.940ms
01-04 22:36:13.090  3734  4194 I art     : Starting a blocking GC Alloc
01-04 22:36:13.120  3734  4194 I art     : Alloc partial concurrent mark sweep GC freed 6(144B) AllocSpace objects, 0(0B) LOS objects, 40% free, 5MB/8MB, paused 1.117ms total 29.353ms
01-04 22:36:13.120  3734  4194 I art     : Starting a blocking GC Alloc
01-04 22:36:13.163  3734  4194 I art     : Alloc concurrent mark sweep GC freed 3(72B) AllocSpace objects, 0(0B) LOS objects, 40% free, 5MB/8MB, paused 601us total 42.832ms
01-04 22:36:13.163  3734  4194 I art     : Forcing collection of SoftReferences for 17MB allocation
01-04 22:36:13.163  3734  4194 I art     : Starting a blocking GC Alloc
01-04 22:36:13.207  3734  4194 I art     : Alloc concurrent mark sweep GC freed 3(72B) AllocSpace objects, 0(0B) LOS objects, 40% free, 5MB/8MB, paused 562us total 43.226ms
01-04 22:36:13.207  3734  4194 W art     : Throwing OutOfMemoryError "Failed to allocate a 17902092 byte allocation with 3643824 free bytes and 10MB until OOM"
01-04 22:36:13.403  3734  4194 W WallpaperManager: Can't decode stream
01-04 22:36:13.403  3734  4194 W WallpaperManager: java.lang.OutOfMemoryError: Failed to allocate a 17902092 byte allocation with 3643824 free bytes and 10MB until OOM
01-04 22:36:13.403  3734  4194 W WallpaperManager:      at dalvik.system.VMRuntime.newNonMovableArray(Native Method)
01-04 22:36:13.403  3734  4194 W WallpaperManager:      at android.graphics.BitmapFactory.nativeDecodeAsset(Native Method)
01-04 22:36:13.403  3734  4194 W WallpaperManager:      at android.graphics.BitmapFactory.decodeStream(BitmapFactory.java:620)
01-04 22:36:13.403  3734  4194 W WallpaperManager:      at android.app.WallpaperManager$Globals.getDefaultWallpaperLocked(WallpaperManager.java:369)
01-04 22:36:13.403  3734  4194 W WallpaperManager:      at android.app.WallpaperManager$Globals.peekWallpaperBitmap(WallpaperManager.java:321)
01-04 22:36:13.403  3734  4194 W WallpaperManager:      at android.app.WallpaperManager.getBitmapAsUser(WallpaperManager.java:710)
01-04 22:36:13.403  3734  4194 W WallpaperManager:      at android.app.WallpaperManager.getBitmap(WallpaperManager.java:701)
01-04 22:36:13.403  3734  4194 W WallpaperManager:      at com.android.systemui.ImageWallpaper$DrawableEngine$1.doInBackground(ImageWallpaper.java:455)
01-04 22:36:13.403  3734  4194 W WallpaperManager:      at com.android.systemui.ImageWallpaper$DrawableEngine$1.doInBackground(ImageWallpaper.java:452)
01-04 22:36:13.403  3734  4194 W WallpaperManager:      at android.os.AsyncTask$2.call(AsyncTask.java:304)
01-04 22:36:13.403  3734  4194 W WallpaperManager:      at java.util.concurrent.FutureTask.run(FutureTask.java:237)
01-04 22:36:13.403  3734  4194 W WallpaperManager:      at java.util.concurrent.ThreadPoolExecutor.runWorker(ThreadPoolExecutor.java:1133)
01-04 22:36:13.403  3734  4194 W WallpaperManager:      at java.util.concurrent.ThreadPoolExecutor$Worker.run(ThreadPoolExecutor.java:607)
01-04 22:36:13.403  3734  4194 W WallpaperManager:      at java.lang.Thread.run(Thread.java:761)
01-04 22:36:13.405  3734  3734 W art     : Long monitor contention with owner AsyncTask #1 (4194) at java.lang.Object dalvik.system.VMRuntime.newNonMovableArray!(java.lang.Class, int)(VMRuntime.java:-2) waiters=0 in void android.app.WallpaperManager$Globals.forgetLoadedWallpaper() for 755ms
01-04 22:36:13.416  3734  3734 W KeyguardUpdateMonitor: invalid subId in handleSimStateChange()
01-04 22:36:13.418  3734  3734 I Choreographer: Skipped 122 frames!  The application may be doing too much work on its main thread.
01-04 22:36:13.439  3734  3734 D ViewRootImpl[StatusBar]: changeCanvasOpacity: opaque=true
01-04 22:36:13.821  3734  4178 I OpenGLRenderer: Initialized EGL, version 1.4
01-04 22:36:13.821  3734  4178 D OpenGLRenderer: Swap behavior 1
01-04 22:36:13.828  1560  3715 I [Gralloc]: ion_alloc from ion_client:18 via heap type DMA(mask:16) for 102400 Bytes uncached buffer successfully, usage = 0x00000f02
01-04 22:36:13.829  1560  3715 I [Gralloc]: ion_alloc from ion_client:18 via heap type DMA(mask:16) for 102400 Bytes uncached buffer successfully, usage = 0x00000f02
01-04 22:36:13.831  1560  3715 I [Gralloc]: ion_alloc from ion_client:18 via heap type DMA(mask:16) for 102400 Bytes uncached buffer successfully, usage = 0x00000f02
01-04 22:36:13.832  1560  3715 I [Gralloc]: ion_alloc from ion_client:18 via heap type DMA(mask:16) for 102400 Bytes uncached buffer successfully, usage = 0x00000f02
01-04 22:36:13.846  1560  3712 I [Gralloc]: ion_alloc from ion_client:18 via heap type DMA(mask:16) for 4096000 Bytes uncached buffer successfully, usage = 0x00000f02
01-04 22:36:13.912  1560  2464 I [Gralloc]: ion_alloc from ion_client:18 via heap type DMA(mask:16) for 204800 Bytes uncached buffer successfully, usage = 0x00000900
01-04 22:36:13.913  1560  2464 I [Gralloc]: ion_alloc from ion_client:18 via heap type DMA(mask:16) for 204800 Bytes uncached buffer successfully, usage = 0x00000900
01-04 22:36:13.914  1560  2464 I [Gralloc]: ion_alloc from ion_client:18 via heap type DMA(mask:16) for 204800 Bytes uncached buffer successfully, usage = 0x00000900
01-04 22:36:13.934  3161  3633 D WifiService: New client listening to asynchronous messages
01-04 22:36:13.964  3734  3734 W KeyguardUpdateMonitor: invalid subId in handleServiceStateChange()
01-04 22:36:13.974  3734  3734 D PhoneStatusBar: disable: < expand* icons alerts system_info back* home* recent* clock search* quick_settings >
01-04 22:36:14.013  3734  3734 I Choreographer: Skipped 35 frames!  The application may be doing too much work on its main thread.
01-04 22:36:14.050  1560  2464 I [Gralloc]: ion_alloc from ion_client:18 via heap type DMA(mask:16) for 204800 Bytes uncached buffer successfully, usage = 0x00000f02
01-04 22:36:14.081  3734  4332 I art     : Starting a blocking GC Alloc
01-04 22:36:14.081  3734  4332 I art     : Starting a blocking GC Alloc
01-04 22:36:14.108  3734  4332 I art     : Alloc sticky concurrent mark sweep GC freed 9605(418KB) AllocSpace objects, 4(100KB) LOS objects, 33% free, 5MB/8MB, paused 535us total 24.110ms
01-04 22:36:14.108  3734  4332 I art     : Starting a blocking GC Alloc
01-04 22:36:14.147  3734  4332 I art     : Alloc partial concurrent mark sweep GC freed 2533(140KB) AllocSpace objects, 0(0B) LOS objects, 40% free, 5MB/9MB, paused 777us total 36.063ms
01-04 22:36:14.147  3734  4332 I art     : Starting a blocking GC Alloc
01-04 22:36:14.195  3734  4332 I art     : Alloc concurrent mark sweep GC freed 1735(182KB) AllocSpace objects, 0(0B) LOS objects, 39% free, 5MB/9MB, paused 567us total 46.927ms
01-04 22:36:14.195  3734  4332 I art     : Forcing collection of SoftReferences for 17MB allocation
01-04 22:36:14.195  3734  4332 I art     : Starting a blocking GC Alloc
01-04 22:36:14.243  3734  4332 I art     : Alloc concurrent mark sweep GC freed 35(1096B) AllocSpace objects, 0(0B) LOS objects, 39% free, 5MB/9MB, paused 863us total 47.254ms
01-04 22:36:14.243  3734  4332 W art     : Throwing OutOfMemoryError "Failed to allocate a 17902092 byte allocation with 3807626 free bytes and 10MB until OOM"
01-04 22:36:14.243  3734  4332 I art     : Starting a blocking GC Alloc
01-04 22:36:14.243  3734  4332 I art     : Starting a blocking GC Alloc
01-04 22:36:14.253  3734  4332 I art     : Alloc sticky concurrent mark sweep GC freed 4(536B) AllocSpace objects, 0(0B) LOS objects, 39% free, 5MB/9MB, paused 606us total 9.669ms
01-04 22:36:14.253  3734  4332 I art     : Starting a blocking GC Alloc
01-04 22:36:14.287  3734  4332 I art     : Alloc partial concurrent mark sweep GC freed 6(144B) AllocSpace objects, 0(0B) LOS objects, 39% free, 5MB/9MB, paused 1.025ms total 33.752ms
01-04 22:36:14.287  3734  4332 I art     : Starting a blocking GC Alloc
01-04 22:36:14.333  3734  4332 I art     : Alloc concurrent mark sweep GC freed 3(72B) AllocSpace objects, 0(0B) LOS objects, 39% free, 5MB/9MB, paused 576us total 44.616ms
01-04 22:36:14.333  3734  4332 I art     : Forcing collection of SoftReferences for 17MB allocation
01-04 22:36:14.333  3734  4332 I art     : Starting a blocking GC Alloc
01-04 22:36:14.378  3734  4332 I art     : Alloc concurrent mark sweep GC freed 3(72B) AllocSpace objects, 0(0B) LOS objects, 39% free, 5MB/9MB, paused 621us total 44.471ms
01-04 22:36:14.378  3734  4332 W art     : Throwing OutOfMemoryError "Failed to allocate a 17902092 byte allocation with 3807626 free bytes and 10MB until OOM"
01-04 22:36:14.379  3734  4332 W WallpaperManager: Can't decode stream
01-04 22:36:14.379  3734  4332 W WallpaperManager: java.lang.OutOfMemoryError: Failed to allocate a 17902092 byte allocation with 3807626 free bytes and 10MB until OOM
01-04 22:36:14.379  3734  4332 W WallpaperManager:      at dalvik.system.VMRuntime.newNonMovableArray(Native Method)
01-04 22:36:14.379  3734  4332 W WallpaperManager:      at android.graphics.BitmapFactory.nativeDecodeAsset(Native Method)
01-04 22:36:14.379  3734  4332 W WallpaperManager:      at android.graphics.BitmapFactory.decodeStream(BitmapFactory.java:620)
01-04 22:36:14.379  3734  4332 W WallpaperManager:      at android.app.WallpaperManager$Globals.getDefaultWallpaperLocked(WallpaperManager.java:369)
01-04 22:36:14.379  3734  4332 W WallpaperManager:      at android.app.WallpaperManager$Globals.peekWallpaperBitmap(WallpaperManager.java:321)
01-04 22:36:14.379  3734  4332 W WallpaperManager:      at android.app.WallpaperManager.getBitmapAsUser(WallpaperManager.java:710)
01-04 22:36:14.379  3734  4332 W WallpaperManager:      at android.app.WallpaperManager.getBitmap(WallpaperManager.java:701)
01-04 22:36:14.379  3734  4332 W WallpaperManager:      at com.android.systemui.ImageWallpaper$DrawableEngine$1.doInBackground(ImageWallpaper.java:455)
01-04 22:36:14.379  3734  4332 W WallpaperManager:      at com.android.systemui.ImageWallpaper$DrawableEngine$1.doInBackground(ImageWallpaper.java:452)
01-04 22:36:14.379  3734  4332 W WallpaperManager:      at android.os.AsyncTask$2.call(AsyncTask.java:304)
01-04 22:36:14.379  3734  4332 W WallpaperManager:      at java.util.concurrent.FutureTask.run(FutureTask.java:237)
01-04 22:36:14.379  3734  4332 W WallpaperManager:      at java.util.concurrent.ThreadPoolExecutor.runWorker(ThreadPoolExecutor.java:1133)
01-04 22:36:14.379  3734  4332 W WallpaperManager:      at java.util.concurrent.ThreadPoolExecutor$Worker.run(ThreadPoolExecutor.java:607)
01-04 22:36:14.379  3734  4332 W WallpaperManager:      at java.lang.Thread.run(Thread.java:761)
01-04 22:36:14.380  3734  3734 W art     : Long monitor contention with owner AsyncTask #2 (4332) at android.graphics.Bitmap android.app.WallpaperManager$Globals.peekWallpaperBitmap(android.content.Context, boolean, int, int)(WallpaperManager.java:295) waiters=0 in void android.app.WallpaperManager$Globals.forgetLoadedWallpaper() for 300ms
01-04 22:36:14.505  1560  3712 I [Gralloc]: ion_alloc from ion_client:18 via heap type DMA(mask:16) for 204800 Bytes uncached buffer successfully, usage = 0x00000f02
01-04 22:36:16.512  4645  4645 I bootstat: Service started: /system/bin/bootstat --record_boot_complete
01-04 22:36:16.515  4645  4645 I bootstat: Logging histogram: bootstat_mtime_matches_content 1
01-04 22:36:16.515  4645  4645 I bootstat: Logging histogram: bootstat_mtime_matches_content 1
01-04 22:36:16.550  4648  4648 I bootstat: Service started: /system/bin/bootstat --record_boot_reason
01-04 22:36:16.550  4648  4648 I bootstat: Unknown boot reason:
01-04 22:36:16.583  4651  4651 I bootstat: Service started: /system/bin/bootstat --record_time_since_factory_reset
01-04 22:36:16.583  4651  4651 I bootstat: Logging histogram: factory_reset_current_time 1451918176
01-04 22:36:16.585  4651  4651 I bootstat: Logging histogram: bootstat_mtime_matches_content 1
01-04 22:36:16.585  4651  4651 I bootstat: Logging histogram: factory_reset_record_value 1451917962
01-04 22:36:16.618  4655  4655 I bootstat: Service started: /system/bin/bootstat -l
01-04 22:36:16.618  4655  4655 I bootstat: Logging histogram: bootstat_mtime_matches_content 1
01-04 22:36:16.619  4655  4655 I bootstat: Logging histogram: bootstat_mtime_matches_content 1
01-04 22:36:16.619  4655  4655 I bootstat: Logging histogram: bootstat_mtime_matches_content 1
01-04 22:36:16.620  4655  4655 I bootstat: Logging histogram: bootstat_mtime_matches_content 1
01-04 22:36:16.621  4655  4655 I bootstat: Logging histogram: bootstat_mtime_matches_content 1
01-04 22:36:16.621  4655  4655 I bootstat: Logging histogram: bootstat_mtime_matches_content 1
01-04 22:36:16.621  4655  4655 I bootstat: Logging histogram: bootstat_mtime_matches_content 1
01-04 22:36:16.621  4655  4655 I bootstat: Logging histogram: bootstat_mtime_matches_content 1
01-04 22:36:16.622  4655  4655 I bootstat: Logging histogram: bootstat_mtime_matches_content 1
01-04 22:36:16.622  4655  4655 I bootstat: Logging histogram: bootstat_mtime_matches_content 1
01-04 22:36:16.622  4655  4655 I bootstat: Logging histogram: bootstat_mtime_matches_content 1
01-04 22:36:16.622  4655  4655 I bootstat: Logging histogram: bootstat_mtime_matches_content 1
01-04 22:36:16.622  4655  4655 I bootstat: Logging histogram: post_decrypt_time_elapsed 17
01-04 22:36:16.622  4655  4655 I bootstat: Logging histogram: build_date 1473082528
01-04 22:36:16.622  4655  4655 I bootstat: Logging histogram: boot_decryption_complete 47
01-04 22:36:16.622  4655  4655 I bootstat: Logging histogram: ota_boot_complete_post_decrypt 115
01-04 22:36:16.622  4655  4655 I bootstat: Logging histogram: ota_boot_complete 181
01-04 22:36:16.622  4655  4655 I bootstat: Logging histogram: boot_reason 1
01-04 22:36:16.622  4655  4655 I bootstat: Logging histogram: factory_reset_current_time 1451918176
01-04 22:36:16.622  4655  4655 I bootstat: Logging histogram: factory_reset 1451917962
01-04 22:36:16.622  4655  4655 I bootstat: Logging histogram: boot_complete_post_decrypt 30
01-04 22:36:16.623  4655  4655 I bootstat: Logging histogram: boot_complete 47
01-04 22:36:16.623  4655  4655 I bootstat: Logging histogram: factory_reset_record_value 1451917962
01-04 22:36:16.623  4655  4655 I bootstat: Logging histogram: time_since_factory_reset 214
01-04 22:36:16.685  3161  3261 I SystemServiceManager: Starting phase 1000
01-04 22:36:16.707  3161  3261 I ActivityManager: Start proc 4664:android.ext.services/u0a9 for on-hold
01-04 22:36:16.709  3161  3261 D ActivityManager: Finishing user boot 0
01-04 22:36:16.712  3161  3261 D CryptdConnector: SND -> {3 cryptfs prepare_user_storage ! 0 0 2}
01-04 22:36:16.712  1517  1548 D vold    : e4crypt_prepare_user_storage for volume null, user 0, serial 0, flags 2
01-04 22:36:16.713  1517  1548 D vold    : Preparing: /data/system_ce/0
01-04 22:36:16.713  1517  1548 D vold    : Preparing: /data/misc_ce/0
01-04 22:36:16.713  1517  1548 D vold    : Preparing: /data/media/0
01-04 22:36:16.713  1517  1548 D vold    : Preparing: /data/data
01-04 22:36:16.713  3161  3596 D CryptdConnector: RCV <- {200 3 Command succeeded}
01-04 22:36:16.714  3161  3261 V UserManagerService: Found /data/user/0 with serial number 0
01-04 22:36:16.714  3161  3261 V UserManagerService: Found /data/system_ce/0 with serial number 0
01-04 22:36:16.715  3161  3261 V PackageManager: reconcileAppsData for null u0 0x2
01-04 22:36:16.736  4670  4670 I nand_trim: "/dev/block/nandh" mount on "/cache" with "ext4".
01-04 22:36:16.736  4670  4670 E nand_trim: Cannot open "/cache" for FITRIM
01-04 22:36:16.736  4670  4670 I nand_trim: "/dev/block/nandm" mount on "/logger" with "ext4".
01-04 22:36:16.736  4670  4670 I nand_trim: Invoking FITRIM ioctl on /logger
01-04 22:36:16.739  4670  4670 I nand_trim: Trimmed 78319616 bytes on /logger (2 ms)
01-04 22:36:16.720  4670  4670 W nand_trim: type=1400 audit(0.0:8): avc: denied { read } for name="/" dev="nandh" ino=2 scontext=u:r:trim:s0 tcontext=u:object_r:cache_file:s0 tclass=dir permissive=0
01-04 22:36:16.887  3161  3261 V PackageManager: reconcileAppsData finished 73 packages; restoreconNeeded was false
01-04 22:36:16.905  3161  3231 I ActivityManager: Start proc 4694:com.android.deskclock/u0a32 for broadcast com.android.deskclock/.AlarmInitReceiver
01-04 22:36:16.908  3161  3231 D BluetoothManagerService: User 0 unlocked
01-04 22:36:16.916  3161  3260 D BluetoothManagerService: Message: 301
01-04 22:36:16.916  3161  3260 D BluetoothManagerService: MESSAGE_USER_UNLOCKED
01-04 22:36:16.952  4664  4664 W System  : ClassLoader referenced unknown path: /system/priv-app/ExtServices/lib/arm64
01-04 22:36:17.014  3161  3231 D MountService: onUnlockUser 0
01-04 22:36:17.014  3161  3231 D VoldConnector: SND -> {6 volume user_started 0}
01-04 22:36:17.017  1517  1547 D vold    : Linking /storage/emulated/0 to /mnt/user/0/primary
01-04 22:36:17.017  3161  3595 D VoldConnector: RCV <- {200 6 Command succeeded}
01-04 22:36:17.019  3161  3593 D MountService: Volume emulated broadcasting mounted to UserHandle{0}
01-04 22:36:17.056  3161  3231 I SELinux : SELinux: Loaded file_contexts contexts from /file_contexts.bin.
01-04 22:36:17.059  3161  3231 V BackupManagerService: No ancestral data
01-04 22:36:17.090  3725  3725 I InputAttributes: InputType.TYPE_NULL is specified
01-04 22:36:17.099  3161  3231 V KeyValueBackupJob: Scheduling k/v pass in 241 minutes
01-04 22:36:17.136  4694  4694 W System  : ClassLoader referenced unknown path: /system/app/DeskClock/lib/arm64
01-04 22:36:17.176  3161  3231 V BackupManagerService: Starting with transport android/com.android.internal.backup.LocalTransport
01-04 22:36:17.176  3161  3231 V BackupManagerService: Found transports: 1
01-04 22:36:17.177  3161  3231 W BackupManagerService: Proposed transport ComponentInfo{android/com.android.internal.backup.LocalTransportService} not whitelisted; ignoring
01-04 22:36:17.177  3161  3231 I BackupManagerService: Found stale backup journal, scheduling
01-04 22:36:17.187  3161  3231 I BackupManagerService: Backup enabled => false
01-04 22:36:17.228  3161  3231 W VoiceInteractionManagerService: no available voice interaction services found for user 0
01-04 22:36:17.228  3161  3231 W VoiceInteractionManagerService: no available voice recognition services found for user 0
01-04 22:36:17.249  3161  3229 I ActivityManager: Start proc 4733:com.android.printspooler/u0a49 for service com.android.printspooler/.model.PrintSpoolerService
01-04 22:36:17.250  3161  3231 I ActivityManager: Loading recents for user 0 into memory.
01-04 22:36:17.259  3161  3231 D ActivityManager: Sending BOOT_COMPLETE user #0
01-04 22:36:17.266  3946  3946 D CarrierSvcBindHelper: Received android.intent.action.USER_UNLOCKED
01-04 22:36:17.267  3946  3946 E PhoneInterfaceManager: [PhoneIntfMgr] getCarrierPackageNamesForIntent: No UICC
01-04 22:36:17.267  3946  3946 D CarrierSvcBindHelper: No carrier app for: 0
01-04 22:36:17.271  3970  3970 D FallbackHome: User unlocked and real home found; let's go!
01-04 22:36:17.275  3161  3996 I ActivityManager: START u0 {act=android.intent.action.MAIN cat=[android.intent.category.HOME] flg=0x10000100 cmp=com.android.launcher3/.Launcher} from uid 0 on display 0
01-04 22:36:17.325  3161  3161 I AccountManagerService: User 0 is unlocked - opening CE database
01-04 22:36:17.335  3161  3996 I ActivityManager: Start proc 4742:com.android.launcher3/u0a11 for activity com.android.launcher3/.Launcher
01-04 22:36:17.393  4694  4694 W art     : Verification of void com.android.deskclock.DeskClockApplication.onCreate() took 142.563ms
01-04 22:36:17.400  3161  4093 I ActivityManager: Start proc 4761:com.android.keychain/1000 for service com.android.keychain/.KeyChainService
01-04 22:36:17.563  4761  4761 W System  : ClassLoader referenced unknown path: /system/app/KeyChain/lib/arm64
01-04 22:36:17.587  4742  4742 W System  : ClassLoader referenced unknown path: /system/priv-app/Launcher3/lib/arm64
01-04 22:36:17.703  3161  3229 W LocationProviderProxy-network: Odd, no component found for service com.android.location.service.v3.NetworkLocationProvider
01-04 22:36:17.703  3161  3229 W GeocoderProxy: Odd, no component found for service com.android.location.service.GeocodeProvider
01-04 22:36:17.703  3161  3229 W GeofenceProxy: Odd, no component found for service com.android.location.service.GeofenceProvider
01-04 22:36:17.704  3161  3229 W ActivityRecognitionProxy: Odd, no component found for service com.android.location.service.ActivityRecognitionProvider
01-04 22:36:17.888  4742  4742 V Launcher: LauncherAppState inited
01-04 22:36:17.943  4742  4742 D Launcher.Model: Old launcher provider: content://com.android.launcher2.settings/favorites?notify=true
01-04 22:36:17.943  4742  4742 D Launcher.Model: Old launcher provider does not exist.
01-04 22:36:18.124  4694  4694 I AlarmClock: AlarmInitReceiver android.intent.action.LOCKED_BOOT_COMPLETED
01-04 22:36:18.378  4694  4694 D AlarmClock/Events: [Stopwatch] [Reset] [Reboot]
01-04 22:36:18.561  4742  4742 W System  : ClassLoader referenced unknown path:
01-04 22:36:18.562  4742  4742 W System  : ClassLoader referenced unknown path: /system/app/QuickSearchBox/lib/arm64
01-04 22:36:18.771  4742  4876 I OpenGLRenderer: Initialized EGL, version 1.4
01-04 22:36:18.771  4742  4876 D OpenGLRenderer: Swap behavior 1
01-04 22:36:18.785  1560  3715 I [Gralloc]: ion_alloc from ion_client:18 via heap type DMA(mask:16) for 4096000 Bytes uncached buffer successfully, usage = 0x00000900
01-04 22:36:18.799  1560  3715 I [Gralloc]: ion_alloc from ion_client:18 via heap type DMA(mask:16) for 4096000 Bytes uncached buffer successfully, usage = 0x00000900
01-04 22:36:18.810  1560  3715 I [Gralloc]: ion_alloc from ion_client:18 via heap type DMA(mask:16) for 4096000 Bytes uncached buffer successfully, usage = 0x00000900
01-04 22:36:18.839  1560  2464 I [Gralloc]: ion_alloc from ion_client:18 via heap type DMA(mask:16) for 4096000 Bytes uncached buffer successfully, usage = 0x00000f02
01-04 22:36:18.885  3161  3261 I ActivityManager: Displayed com.android.launcher3/.Launcher: +1s590ms
01-04 22:36:18.889  1560  3715 I [Gralloc]: ion_alloc from ion_client:18 via heap type DMA(mask:16) for 4096000 Bytes uncached buffer successfully, usage = 0x00000f02
01-04 22:36:18.916  1560  2464 I [Gralloc]: ion_alloc from ion_client:18 via heap type DMA(mask:16) for 4096000 Bytes uncached buffer successfully, usage = 0x00000f02
01-04 22:36:19.038  3161  3996 W ActivityManager: Slow operation: 58ms so far, now at startProcess: returned from zygote!
01-04 22:36:19.038  3161  3996 W ActivityManager: Slow operation: 58ms so far, now at startProcess: done updating battery stats
01-04 22:36:19.039  3161  3996 W ActivityManager: Slow operation: 58ms so far, now at startProcess: building log message
01-04 22:36:19.039  3161  3996 I ActivityManager: Start proc 4901:android.process.media/u0a7 for broadcast com.android.providers.downloads/.DownloadReceiver
01-04 22:36:19.039  3161  3996 W ActivityManager: Slow operation: 58ms so far, now at startProcess: starting to update pids map
01-04 22:36:19.039  3161  3996 W ActivityManager: Slow operation: 58ms so far, now at startProcess: done updating pids map
01-04 22:36:19.039  3161  3996 W ActivityManager: Slow operation: 58ms so far, now at startProcess: done starting proc!
01-04 22:36:19.119  3725  3725 I LatinIME: Timeout waiting for dictionary load
01-04 22:36:19.374  3161  3173 I art     : Background partial concurrent mark sweep GC freed 34439(1950KB) AllocSpace objects, 6(120KB) LOS objects, 33% free, 7MB/10MB, paused 1.203ms total 145.429ms
01-04 22:36:19.444  3161  4000 D InputDispatcher: channel 'ea1a89d com.android.settings/com.android.settings.FallbackHome (server)' ~ abortBrokenDispatchCycle - notify=false
01-04 22:36:19.446  4694  4867 V AlarmClock: AlarmInitReceiver finished
01-04 22:36:19.452  3161  4000 I WindowManager: Destroying surface Surface(name=com.android.settings/com.android.settings.FallbackHome) called by com.android.server.wm.WindowStateAnimator.destroySurface:2014 com.android.server.wm.WindowStateAnimator.destroySurfaceLocked:881 com.android.server.wm.WindowState.removeLocked:1449 com.android.server.wm.WindowManagerService.removeWindowInnerLocked:2478 com.android.server.wm.WindowManagerService.removeWindowLocked:2436 com.android.server.wm.WindowManagerService.removeWindowLocked:2305 com.android.server.wm.WindowManagerService.removeWindow:2300 com.an
droid.server.wm.Session.remove:193
01-04 22:36:19.551  4901  4901 W System  : ClassLoader referenced unknown path: /system/priv-app/DownloadProvider/lib/arm64
01-04 22:36:19.585  4901  4901 W System  : ClassLoader referenced unknown path: /system/priv-app/MediaProvider/lib/arm64
01-04 22:36:19.812  4901  4901 D MediaScannerReceiver: action: android.intent.action.MEDIA_MOUNTED path: /storage/emulated/0
01-04 22:36:19.834  3161  3996 I ActivityManager: Start proc 4974:com.android.quicksearchbox/u0a50 for broadcast com.android.quicksearchbox/.SearchWidgetProvider
01-04 22:36:19.894  4974  4974 W System  : ClassLoader referenced unknown path: /system/app/QuickSearchBox/lib/arm64
01-04 22:36:20.015  3161  3183 I ActivityManager: Start proc 5002:com.doc.documents/u0a34 for broadcast com.softwinner.dragonfire/com.doc.documents.DocServiceReceiver
01-04 22:36:20.078  5002  5002 W System  : ClassLoader referenced unknown path: /system/app/DragonFire/lib/arm64
01-04 22:36:20.150  4901  4989 V MediaScanner: pruneDeadThumbnailFiles... android.content.ContentProviderClient$CursorWrapperInner@875ede
01-04 22:36:20.159  4901  4989 V MediaScanner: /pruneDeadThumbnailFiles... android.content.ContentProviderClient$CursorWrapperInner@875ede
01-04 22:36:20.207  5002  5002 W System.err: java.lang.SecurityException: getDeviceId: Neither user 10034 nor current process has android.permission.READ_PHONE_STATE.
01-04 22:36:20.207  5002  5002 W System.err:    at android.os.Parcel.readException(Parcel.java:1683)
01-04 22:36:20.207  5002  5002 W System.err:    at android.os.Parcel.readException(Parcel.java:1636)
01-04 22:36:20.207  5002  5002 W System.err:    at com.android.internal.telephony.ITelephony$Stub$Proxy.getDeviceId(ITelephony.java:4118)
01-04 22:36:20.207  5002  5002 W System.err:    at android.telephony.TelephonyManager.getDeviceId(TelephonyManager.java:801)
01-04 22:36:20.207  5002  5002 W System.err:    at com.doc.documents.DeviceInfo.getudi(DeviceInfo.java:44)
01-04 22:36:20.207  5002  5002 W System.err:    at com.doc.documents.DeviceInfo.setDeviceInfo(DeviceInfo.java:23)
01-04 22:36:20.207  5002  5002 W System.err:    at com.doc.documents.DocServiceReceiver.onReceive(DocServiceReceiver.java:17)
01-04 22:36:20.207  5002  5002 W System.err:    at android.app.ActivityThread.handleReceiver(ActivityThread.java:3011)
01-04 22:36:20.207  5002  5002 W System.err:    at android.app.ActivityThread.-wrap18(ActivityThread.java)
01-04 22:36:20.208  5002  5002 W System.err:    at android.app.ActivityThread$H.handleMessage(ActivityThread.java:1544)
01-04 22:36:20.208  5002  5002 W System.err:    at android.os.Handler.dispatchMessage(Handler.java:102)
01-04 22:36:20.208  5002  5002 W System.err:    at android.os.Looper.loop(Looper.java:154)
01-04 22:36:20.208  5002  5002 W System.err:    at android.app.ActivityThread.main(ActivityThread.java:6077)
01-04 22:36:20.208  5002  5002 W System.err:    at java.lang.reflect.Method.invoke(Native Method)
01-04 22:36:20.208  5002  5002 W System.err:    at com.android.internal.os.ZygoteInit$MethodAndArgsCaller.run(ZygoteInit.java:865)
01-04 22:36:20.208  5002  5002 W System.err:    at com.android.internal.os.ZygoteInit.main(ZygoteInit.java:755)
01-04 22:36:20.323  5002  5002 I Process : Sending signal. PID: 5002 SIG: 9
01-04 22:36:20.408  3161  3996 I ActivityManager: Process com.doc.documents (pid 5002) has died
01-04 22:36:20.447  3161  3635 D WIFI    : Registering NetworkFactory
01-04 22:36:20.447  3161  3635 D WIFI_UT : Registering NetworkFactory
01-04 22:36:20.447  3161  3657 D ConnectivityService: Got NetworkFactory Messenger for WIFI
01-04 22:36:20.447  3161  3657 D ConnectivityService: Got NetworkFactory Messenger for WIFI_UT
01-04 22:36:20.448  3161  3635 D WIFI    : got request NetworkRequest [ id=1, legacyType=-1, [ Capabilities: INTERNET&NOT_RESTRICTED&TRUSTED&NOT_VPN] ] with score 0
01-04 22:36:20.448  3161  3635 D WIFI_UT : got request NetworkRequest [ id=1, legacyType=-1, [ Capabilities: INTERNET&NOT_RESTRICTED&TRUSTED&NOT_VPN] ] with score 0
01-04 22:36:20.449  3946  3946 D CarrierConfigLoader: mHandler: 13 phoneId: 0
01-04 22:36:20.449  3946  3946 D CarrierConfigLoader: mHandler: 7 phoneId: 0
01-04 22:36:20.450  3946  3946 E CarrierConfigLoader: Failed to get package version for: com.android.carrierconfig
01-04 22:36:20.450  3946  3946 D CarrierConfigLoader: Binding to com.android.carrierconfig for phone 0
01-04 22:36:20.465  3161  4004 I ActivityManager: Start proc 5051:com.android.calendar/u0a27 for broadcast com.android.calendar/.alerts.AlertReceiver
01-04 22:36:20.466  3161  4000 W ActivityManager: Unable to start service Intent { act=android.service.carrier.CarrierService pkg=com.android.carrierconfig } U=0: not found
01-04 22:36:20.489  3161  3161 I Telecom : PhoneAccountRegistrar: SimCallManager queried, returning: null: TSI.gSCMFU@AAo
01-04 22:36:20.499  3161  5049 I RecoverySystem: No recovery log file
01-04 22:36:20.515  3161  5049 I BootReceiver: Copying audit failures to DropBox
01-04 22:36:20.516  3161  5049 I BootReceiver: Checking for fsck errors
01-04 22:36:20.517  3161  5049 I BootReceiver: Copying /data/tombstones/tombstone_01 to DropBox (SYSTEM_TOMBSTONE)
01-04 22:36:20.585  5051  5051 W System  : ClassLoader referenced unknown path: /system/app/Calendar/lib/arm64
01-04 22:36:20.663  5051  5051 D ExtensionsFactory: No custom extensions.
01-04 22:36:20.675  5051  5051 D AlertReceiver: onReceive: a=android.intent.action.BOOT_COMPLETED Intent { act=android.intent.action.BOOT_COMPLETED flg=0x9000010 cmp=com.android.calendar/.alerts.AlertReceiver (has extras) }
01-04 22:36:20.684  4694  4694 I AlarmClock: AlarmInitReceiver android.intent.action.BOOT_COMPLETED
01-04 22:36:20.722  3161  3181 I ActivityManager: Start proc 5086:com.android.email/u0a36 for broadcast com.android.email/.service.EmailBroadcastReceiver
01-04 22:36:20.748  4694  4867 V AlarmClock: AlarmInitReceiver finished
01-04 22:36:20.771  5051  5092 D AlertService: 0 Action = android.intent.action.BOOT_COMPLETED
01-04 22:36:20.778  5051  5092 D AlertService: Scheduling next alarm with AlarmScheduler. sEventReminderReceived: null
01-04 22:36:20.811  3161  3181 I ActivityManager: Start proc 5108:com.android.providers.calendar/u0a2 for content provider com.android.providers.calendar/.CalendarProvider2
01-04 22:36:20.816  5086  5086 W System  : ClassLoader referenced unknown path: /system/app/Email/lib/arm64
01-04 22:36:20.886  5108  5108 W System  : ClassLoader referenced unknown path: /system/priv-app/CalendarProvider/lib/arm64
01-04 22:36:21.066  5108  5108 I CalendarProvider2: Created com.android.providers.calendar.CalendarAlarmManager@68593e1(com.android.providers.calendar.CalendarProvider2@af4b506)
01-04 22:36:21.214  3161  3676 W ActivityManager: Unable to start service Intent { act=com.android.email.EXCHANGE_INTENT pkg=com.android.exchange } U=0: not found
01-04 22:36:21.218  5051  5092 D AlarmScheduler: No events found starting within 1 week.
01-04 22:36:21.322  3725  3725 I SystemBroadcastReceiver: Boot has been completed
01-04 22:36:21.322  3725  3725 I SystemBroadcastReceiver: toggleAppIcon() : FLAG_SYSTEM = true
01-04 22:36:21.353  3161  3181 I ActivityManager: Start proc 5167:com.android.managedprovisioning/u0a12 for broadcast com.android.managedprovisioning/.BootReminder
01-04 22:36:21.407  5167  5167 W System  : ClassLoader referenced unknown path: /system/priv-app/ManagedProvisioning/lib/arm64
01-04 22:36:21.458  3161  3181 I ActivityManager: Start proc 5189:com.android.onetimeinitializer/u0a14 for broadcast com.android.onetimeinitializer/.OneTimeInitializerReceiver
01-04 22:36:21.510  5189  5189 W System  : ClassLoader referenced unknown path: /system/priv-app/OneTimeInitializer/lib/arm64
01-04 22:36:21.528  5189  5189 V OneTimeInitializerRece: OneTimeInitializerReceiver.onReceive
01-04 22:36:21.572  3946  3946 V OmtpBootCompletedRcvr: processing deferred subId list
01-04 22:36:21.628  5086  5161 W art     : Long monitor contention with owner AsyncTask #1 (5153) at long android.database.sqlite.SQLiteConnection.nativeOpen(java.lang.String, int, java.lang.String, boolean, boolean)(SQLiteConnection.java:-2) waiters=0 in android.database.sqlite.SQLiteDatabase com.android.email.provider.EmailProvider.getDatabase(android.content.Context) for 335ms
01-04 22:36:21.632  3161  3181 W ActivityManager: Unable to start service Intent { cmp=com.android.email/.service.AttachmentService } U=0: not found
01-04 22:36:21.636  5086  5154 W art     : Long monitor contention with owner AsyncTask #1 (5153) at long android.database.sqlite.SQLiteConnection.nativeOpen(java.lang.String, int, java.lang.String, boolean, boolean)(SQLiteConnection.java:-2) waiters=1 in android.database.sqlite.SQLiteDatabase com.android.email.provider.EmailProvider.getDatabase(android.content.Context) for 326ms
01-04 22:36:21.654  3161  3676 W ActivityManager: Unable to start service Intent { act=com.android.email.EXCHANGE_INTENT pkg=com.android.exchange } U=0: not found
01-04 22:36:21.669  3161  3996 W ActivityManager: Unable to start service Intent { act=com.android.email.EXCHANGE_INTENT pkg=com.android.exchange } U=0: not found
01-04 22:36:21.672  3161  3183 W ActivityManager: Unable to start service Intent { act=com.android.email.EXCHANGE_INTENT pkg=com.android.exchange } U=0: not found
01-04 22:36:21.677  5086  5086 E ActivityThread: Service com.android.email.service.EmailBroadcastProcessorService has leaked ServiceConnection com.android.emailcommon.service.ServiceProxy$ProxyConnection@b9580b7 that was originally bound here
01-04 22:36:21.677  5086  5086 E ActivityThread: android.app.ServiceConnectionLeaked: Service com.android.email.service.EmailBroadcastProcessorService has leaked ServiceConnection com.android.emailcommon.service.ServiceProxy$ProxyConnection@b9580b7 that was originally bound here
01-04 22:36:21.677  5086  5086 E ActivityThread:        at android.app.LoadedApk$ServiceDispatcher.<init>(LoadedApk.java:1336)
01-04 22:36:21.677  5086  5086 E ActivityThread:        at android.app.LoadedApk.getServiceDispatcher(LoadedApk.java:1231)
01-04 22:36:21.677  5086  5086 E ActivityThread:        at android.app.ContextImpl.bindServiceCommon(ContextImpl.java:1478)
01-04 22:36:21.677  5086  5086 E ActivityThread:        at android.app.ContextImpl.bindService(ContextImpl.java:1450)
01-04 22:36:21.677  5086  5086 E ActivityThread:        at android.content.ContextWrapper.bindService(ContextWrapper.java:636)
01-04 22:36:21.677  5086  5086 E ActivityThread:        at com.android.emailcommon.service.ServiceProxy.setTask(ServiceProxy.java:181)
01-04 22:36:21.677  5086  5086 E ActivityThread:        at com.android.emailcommon.service.ServiceProxy.test(ServiceProxy.java:224)
01-04 22:36:21.677  5086  5086 E ActivityThread:        at com.android.email.service.EmailServiceUtils.isServiceAvailable(EmailServiceUtils.java:160)
01-04 22:36:21.677  5086  5086 E ActivityThread:        at com.android.email.provider.AccountReconciler.reconcileAccountsInternal(AccountReconciler.java:171)
01-04 22:36:21.677  5086  5086 E ActivityThread:        at com.android.email.provider.AccountReconciler.reconcileAccounts(AccountReconciler.java:115)
01-04 22:36:21.677  5086  5086 E ActivityThread:        at com.android.email.service.EmailBroadcastProcessorService.reconcileAndStartServices(EmailBroadcastProcessorService.java:305)
01-04 22:36:21.677  5086  5086 E ActivityThread:        at com.android.email.service.EmailBroadcastProcessorService.onBootCompleted(EmailBroadcastProcessorService.java:295)
01-04 22:36:21.677  5086  5086 E ActivityThread:        at com.android.email.service.EmailBroadcastProcessorService.onHandleIntent(EmailBroadcastProcessorService.java:130)
01-04 22:36:21.677  5086  5086 E ActivityThread:        at android.app.IntentService$ServiceHandler.handleMessage(IntentService.java:67)
01-04 22:36:21.677  5086  5086 E ActivityThread:        at android.os.Handler.dispatchMessage(Handler.java:102)
01-04 22:36:21.677  5086  5086 E ActivityThread:        at android.os.Looper.loop(Looper.java:154)
01-04 22:36:21.677  5086  5086 E ActivityThread:        at android.os.HandlerThread.run(HandlerThread.java:61)
01-04 22:36:21.679  3161  3676 W ActivityManager: Unbind failed: could not find connection for android.os.BinderProxy@d033890
01-04 22:36:21.681  5086  5221 I Email   : Observing account changes for notifications
01-04 22:36:21.755  3161  4000 I ActivityManager: Start proc 5229:com.doc.documents/u0a34 for broadcast com.softwinner.dragonfire/com.doc.documents.DocServiceReceiver
01-04 22:36:21.803  4901  4901 D MtpService: starting MTP server in MTP mode
01-04 22:36:21.821  5229  5229 W System  : ClassLoader referenced unknown path: /system/app/DragonFire/lib/arm64
01-04 22:36:21.853  5229  5229 W System.err: java.lang.SecurityException: getDeviceId: Neither user 10034 nor current process has android.permission.READ_PHONE_STATE.
01-04 22:36:21.853  5229  5229 W System.err:    at android.os.Parcel.readException(Parcel.java:1683)
01-04 22:36:21.854  5229  5229 W System.err:    at android.os.Parcel.readException(Parcel.java:1636)
01-04 22:36:21.854  5229  5229 W System.err:    at com.android.internal.telephony.ITelephony$Stub$Proxy.getDeviceId(ITelephony.java:4118)
01-04 22:36:21.854  5229  5229 W System.err:    at android.telephony.TelephonyManager.getDeviceId(TelephonyManager.java:801)
01-04 22:36:21.854  5229  5229 W System.err:    at com.doc.documents.DeviceInfo.getudi(DeviceInfo.java:44)
01-04 22:36:21.854  5229  5229 W System.err:    at com.doc.documents.DeviceInfo.setDeviceInfo(DeviceInfo.java:23)
01-04 22:36:21.854  5229  5229 W System.err:    at com.doc.documents.DocServiceReceiver.onReceive(DocServiceReceiver.java:17)
01-04 22:36:21.854  5229  5229 W System.err:    at android.app.ActivityThread.handleReceiver(ActivityThread.java:3011)
01-04 22:36:21.854  5229  5229 W System.err:    at android.app.ActivityThread.-wrap18(ActivityThread.java)
01-04 22:36:21.854  5229  5229 W System.err:    at android.app.ActivityThread$H.handleMessage(ActivityThread.java:1544)
01-04 22:36:21.854  5229  5229 W System.err:    at android.os.Handler.dispatchMessage(Handler.java:102)
01-04 22:36:21.854  5229  5229 W System.err:    at android.os.Looper.loop(Looper.java:154)
01-04 22:36:21.854  5229  5229 W System.err:    at android.app.ActivityThread.main(ActivityThread.java:6077)
01-04 22:36:21.854  5229  5229 W System.err:    at java.lang.reflect.Method.invoke(Native Method)
01-04 22:36:21.854  5229  5229 W System.err:    at com.android.internal.os.ZygoteInit$MethodAndArgsCaller.run(ZygoteInit.java:865)
01-04 22:36:21.854  5229  5229 W System.err:    at com.android.internal.os.ZygoteInit.main(ZygoteInit.java:755)
01-04 22:36:21.935  5229  5229 I Process : Sending signal. PID: 5229 SIG: 9
01-04 22:36:21.998  3161  3181 I ActivityManager: Process com.doc.documents (pid 5229) has died
01-04 22:36:22.002  3946  3946 W OmtpVvmCarrierCfgHlpr: Invalid subscriptionId or subscriptionId not provided in intent.
01-04 22:36:22.049  3946  5269 D SIP     : [SipPreferences] isReceivingCallsEnabled, option not set; use default value, exception: android.provider.Settings$SettingNotFoundException: sip_receive_calls
01-04 22:36:22.162  5108  5108 I CalendarProvider2: Sending notification intent: Intent { act=android.intent.action.PROVIDER_CHANGED dat=content://com.android.calendar flg=0x20000000 }
01-04 22:36:22.163  5108  5108 W ContentResolver: Failed to get type for: content://com.android.calendar (Unknown URL content://com.android.calendar)
01-04 22:36:22.166  5051  5051 D AlertReceiver: onReceive: a=android.intent.action.PROVIDER_CHANGED Intent { act=android.intent.action.PROVIDER_CHANGED dat=content://com.android.calendar flg=0x20000010 cmp=com.android.calendar/.alerts.AlertReceiver }
01-04 22:36:22.185  5051  5278 D AlertService: 0 Action = android.intent.action.PROVIDER_CHANGED
01-04 22:36:22.351  4901  4907 I art     : Compiler allocated 4MB to compile android.database.Cursor com.android.providers.media.MediaProvider.query(android.net.Uri, java.lang.String[], java.lang.String, java.lang.String[], java.lang.String)
01-04 22:36:22.493  4901  5219 W MediaScanner: Error opening directory '/oem/media/', skipping: Permission denied.
01-04 22:36:22.559  4901  5219 V MediaScanner: pruneDeadThumbnailFiles... android.content.ContentProviderClient$CursorWrapperInner@6d3e7c0
01-04 22:36:22.560  4901  5219 V MediaScanner: /pruneDeadThumbnailFiles... android.content.ContentProviderClient$CursorWrapperInner@6d3e7c0
01-04 22:36:25.758  3161  3578 D InputDispatcher: dispatchEventToCurrentInputTargets
01-04 22:36:25.758  3161  3578 D InputDispatcher: channel 'a0899b9 NavigationBar (server)' ~ prepareDispatchCycle - flags=0x00000200, xOffset=0.000000, yOffset=-1216.000000, scaleFactor=1.000000, pointerIds=0x0
01-04 22:36:25.758  3161  3578 D InputDispatcher: channel 'a0899b9 NavigationBar (server)' ~ startDispatchCycle
01-04 22:36:25.758  3161  3578 D InputDispatcher: channel '5a52405 StatusBar (server)' ~ prepareDispatchCycle - flags=0x00000105, xOffset=0.000000, yOffset=0.000000, scaleFactor=1.000000, pointerIds=0x80000000
01-04 22:36:25.758  3161  3578 D InputDispatcher: channel '5a52405 StatusBar (server)' ~ startDispatchCycle
01-04 22:36:25.758  3161  3578 D InputDispatcher: channel 'WindowManager (server)' ~ prepareDispatchCycle - flags=0x00000100, xOffset=0.000000, yOffset=0.000000, scaleFactor=1.000000, pointerIds=0x0
01-04 22:36:25.758  3161  3578 D InputDispatcher: channel 'WindowManager (server)' ~ startDispatchCycle
01-04 22:36:25.761  3161  3578 D InputDispatcher: channel 'a0899b9 NavigationBar (server)' ~ finishDispatchCycle - seq=1, handled=false
01-04 22:36:25.761  3161  3578 D InputDispatcher: channel 'a0899b9 NavigationBar (server)' ~ startDispatchCycle
01-04 22:36:25.761  3161  3578 D InputDispatcher: channel 'WindowManager (server)' ~ finishDispatchCycle - seq=3, handled=false
01-04 22:36:25.761  3161  3578 D InputDispatcher: channel 'WindowManager (server)' ~ startDispatchCycle
01-04 22:36:25.765  3734  3734 D PhoneStatusBar: disable: < expand ICONS* alerts SYSTEM_INFO* back home recent clock search quick_settings >
01-04 22:36:25.766  3161  3578 D InputDispatcher: channel '5a52405 StatusBar (server)' ~ finishDispatchCycle - seq=2, handled=true
01-04 22:36:25.766  3161  3578 D InputDispatcher: channel '5a52405 StatusBar (server)' ~ startDispatchCycle
01-04 22:36:25.778  3161  3578 D InputDispatcher: dispatchEventToCurrentInputTargets
01-04 22:36:25.778  3161  3578 D InputDispatcher: channel '5a52405 StatusBar (server)' ~ prepareDispatchCycle - flags=0x00000105, xOffset=0.000000, yOffset=0.000000, scaleFactor=1.000000, pointerIds=0x80000000
01-04 22:36:25.778  3161  3578 D InputDispatcher: channel '5a52405 StatusBar (server)' ~ startDispatchCycle
01-04 22:36:25.778  3161  3578 D InputDispatcher: channel 'WindowManager (server)' ~ prepareDispatchCycle - flags=0x00000100, xOffset=0.000000, yOffset=0.000000, scaleFactor=1.000000, pointerIds=0x0
01-04 22:36:25.778  3161  3578 D InputDispatcher: channel 'WindowManager (server)' ~ startDispatchCycle
01-04 22:36:25.779  3161  3578 D InputDispatcher: channel 'WindowManager (server)' ~ finishDispatchCycle - seq=5, handled=false
01-04 22:36:25.779  3161  3578 D InputDispatcher: channel 'WindowManager (server)' ~ startDispatchCycle
01-04 22:36:25.799  3161  3578 D InputDispatcher: dispatchEventToCurrentInputTargets
01-04 22:36:25.799  3161  3578 D InputDispatcher: channel '5a52405 StatusBar (server)' ~ prepareDispatchCycle - flags=0x00000105, xOffset=0.000000, yOffset=0.000000, scaleFactor=1.000000, pointerIds=0x80000000
01-04 22:36:25.799  3161  3578 D InputDispatcher: channel '5a52405 StatusBar (server)' ~ startDispatchCycle
01-04 22:36:25.799  3161  3578 D InputDispatcher: channel 'WindowManager (server)' ~ prepareDispatchCycle - flags=0x00000100, xOffset=0.000000, yOffset=0.000000, scaleFactor=1.000000, pointerIds=0x0
01-04 22:36:25.799  3161  3578 D InputDispatcher: channel 'WindowManager (server)' ~ startDispatchCycle
01-04 22:36:25.799  3161  3578 D InputDispatcher: channel 'WindowManager (server)' ~ finishDispatchCycle - seq=7, handled=false
01-04 22:36:25.799  3161  3578 D InputDispatcher: channel 'WindowManager (server)' ~ startDispatchCycle
01-04 22:36:25.819  3161  3578 D InputDispatcher: dispatchEventToCurrentInputTargets
01-04 22:36:25.819  3161  3578 D InputDispatcher: channel '5a52405 StatusBar (server)' ~ prepareDispatchCycle - flags=0x00000105, xOffset=0.000000, yOffset=0.000000, scaleFactor=1.000000, pointerIds=0x80000000
01-04 22:36:25.819  3161  3578 D InputDispatcher: channel '5a52405 StatusBar (server)' ~ startDispatchCycle
01-04 22:36:25.819  3161  3578 D InputDispatcher: channel 'WindowManager (server)' ~ prepareDispatchCycle - flags=0x00000100, xOffset=0.000000, yOffset=0.000000, scaleFactor=1.000000, pointerIds=0x0
01-04 22:36:25.819  3161  3578 D InputDispatcher: channel 'WindowManager (server)' ~ startDispatchCycle
01-04 22:36:25.820  3161  3578 D InputDispatcher: channel 'WindowManager (server)' ~ finishDispatchCycle - seq=9, handled=false
01-04 22:36:25.820  3161  3578 D InputDispatcher: channel 'WindowManager (server)' ~ startDispatchCycle
01-04 22:36:25.836  1560  1573 I [Gralloc]: ion_alloc from ion_client:18 via heap type DMA(mask:16) for 4096000 Bytes uncached buffer successfully, usage = 0x00000f02
01-04 22:36:25.840  3161  3578 D InputDispatcher: dispatchEventToCurrentInputTargets
01-04 22:36:25.840  3161  3578 D InputDispatcher: channel '5a52405 StatusBar (server)' ~ prepareDispatchCycle - flags=0x00000105, xOffset=0.000000, yOffset=0.000000, scaleFactor=1.000000, pointerIds=0x80000000
01-04 22:36:25.840  3161  3578 D InputDispatcher: channel '5a52405 StatusBar (server)' ~ startDispatchCycle
01-04 22:36:25.840  3161  3578 D InputDispatcher: channel 'WindowManager (server)' ~ prepareDispatchCycle - flags=0x00000100, xOffset=0.000000, yOffset=0.000000, scaleFactor=1.000000, pointerIds=0x0
01-04 22:36:25.840  3161  3578 D InputDispatcher: channel 'WindowManager (server)' ~ startDispatchCycle
01-04 22:36:25.844  3161  3578 D InputDispatcher: channel 'WindowManager (server)' ~ finishDispatchCycle - seq=11, handled=false
01-04 22:36:25.844  3161  3578 D InputDispatcher: channel 'WindowManager (server)' ~ startDispatchCycle
01-04 22:36:25.856  3161  4004 W VibratorService: Tried to stop vibrating but there is no vibrator device.
01-04 22:36:25.857  3161  3578 D InputDispatcher: channel '5a52405 StatusBar (server)' ~ finishDispatchCycle - seq=4, handled=true
01-04 22:36:25.857  3161  3578 D InputDispatcher: channel '5a52405 StatusBar (server)' ~ finishDispatchCycle - seq=6, handled=true
01-04 22:36:25.857  3161  3578 D InputDispatcher: channel '5a52405 StatusBar (server)' ~ finishDispatchCycle - seq=8, handled=true
01-04 22:36:25.857  3161  3578 D InputDispatcher: channel '5a52405 StatusBar (server)' ~ startDispatchCycle
01-04 22:36:25.857  3161  3578 D InputDispatcher: channel '5a52405 StatusBar (server)' ~ startDispatchCycle
01-04 22:36:25.857  3161  3578 D InputDispatcher: channel '5a52405 StatusBar (server)' ~ startDispatchCycle
01-04 22:36:25.861  3161  3578 D InputDispatcher: dispatchEventToCurrentInputTargets
01-04 22:36:25.861  3161  3578 D InputDispatcher: channel '5a52405 StatusBar (server)' ~ prepareDispatchCycle - flags=0x00000105, xOffset=0.000000, yOffset=0.000000, scaleFactor=1.000000, pointerIds=0x80000000
01-04 22:36:25.861  3161  3578 D InputDispatcher: channel '5a52405 StatusBar (server)' ~ startDispatchCycle
01-04 22:36:25.861  3161  3578 D InputDispatcher: channel 'WindowManager (server)' ~ prepareDispatchCycle - flags=0x00000100, xOffset=0.000000, yOffset=0.000000, scaleFactor=1.000000, pointerIds=0x0
01-04 22:36:25.861  3161  3578 D InputDispatcher: channel 'WindowManager (server)' ~ startDispatchCycle
01-04 22:36:25.868  3161  3578 D InputDispatcher: channel 'WindowManager (server)' ~ finishDispatchCycle - seq=13, handled=false
01-04 22:36:25.868  3161  3578 D InputDispatcher: channel 'WindowManager (server)' ~ startDispatchCycle
01-04 22:36:25.874  3161  3578 D InputDispatcher: channel '5a52405 StatusBar (server)' ~ finishDispatchCycle - seq=10, handled=true
01-04 22:36:25.874  3161  3578 D InputDispatcher: channel '5a52405 StatusBar (server)' ~ startDispatchCycle
01-04 22:36:25.875  1560  3715 I [Gralloc]: ion_alloc from ion_client:18 via heap type DMA(mask:16) for 4096000 Bytes uncached buffer successfully, usage = 0x00000f02
01-04 22:36:25.887  3161  3578 D InputDispatcher: dispatchEventToCurrentInputTargets
01-04 22:36:25.887  3161  3578 D InputDispatcher: channel '5a52405 StatusBar (server)' ~ prepareDispatchCycle - flags=0x00000105, xOffset=0.000000, yOffset=0.000000, scaleFactor=1.000000, pointerIds=0x80000000
01-04 22:36:25.887  3161  3578 D InputDispatcher: channel '5a52405 StatusBar (server)' ~ startDispatchCycle
01-04 22:36:25.887  3161  3578 D InputDispatcher: channel 'WindowManager (server)' ~ prepareDispatchCycle - flags=0x00000100, xOffset=0.000000, yOffset=0.000000, scaleFactor=1.000000, pointerIds=0x0
01-04 22:36:25.887  3161  3578 D InputDispatcher: channel 'WindowManager (server)' ~ startDispatchCycle
01-04 22:36:25.888  3161  3578 D InputDispatcher: channel 'WindowManager (server)' ~ finishDispatchCycle - seq=15, handled=false
