
C:\Users\Administrator>adb shell logcat
adb server is out of date.  killing...
* daemon started successfully *
--------- beginning of main
09-05 22:18:00.286   133   133 W auditd  : type=2000 audit(0.0:1): initialized
09-05 22:18:00.880   133   133 I auditd  : type=1403 audit(0.0:2): policy loaded auid=4294967295 ses=4294967295
09-05 22:18:00.880   133   133 W auditd  : type=1404 audit(0.0:3): enforcing=1 old_enforcing=0 auid=4294967295 ses=4294967295
09-05 22:18:06.797   143   143 I /system/bin/tzdatacheck: tzdata file /data/misc/zoneinfo/current/tzdata does not exist. No action required.
--------- beginning of system
09-05 22:18:06.848   135   135 I vold    : Vold 3.0 (the awakening) firing up
09-05 22:18:06.848   135   135 V vold    : Detected support for: ext4 vfat
09-05 22:18:06.942   151   151 I Sayeye  : Sayeye 1.1
09-05 22:18:06.943   151   151 E Sayeye  : failed to open /sayeye.sun8i
09-05 22:18:06.955   148   148 I lowmemorykiller: Using in-kernel low memory killer interface
09-05 22:18:06.978   155   155 I         : debuggerd: starting
09-05 22:18:07.059   161   161 I installd: installd firing up
09-05 22:18:07.094   167   167 E         : loggger
09-05 22:18:07.094   167   167 E         : handlerPrivateLog
09-05 22:18:07.095   167   167 E         : handlerPrivateLog private_flag=-1, app_flag=-1, save_log_flag=0, save_log_state=0
09-05 22:18:07.099   168   168 I gatekeeperd: Starting gatekeeperd...
09-05 22:18:07.106   168   168 W gatekeeperd: falling back to software GateKeeper
09-05 22:18:07.171   154   154 I Netd    : Netd 1.0 starting
09-05 22:18:07.172   154   154 D TetherController: Setting IP forward enable = 0
09-05 22:18:07.308   166   166 I keystore: Found keymaster0 module Keymaster AllSoftwinnertech HAL, version 2
09-05 22:18:07.308   166   166 I SoftKeymaster: system/keymaster/soft_keymaster_device.cpp, Line 122: Creating device
09-05 22:18:07.308   166   166 D SoftKeymaster: system/keymaster/soft_keymaster_device.cpp, Line 123: Device address: 0xb6ba4000
09-05 22:18:07.317   166   166 D         : *AW-DBG*----:(AWSCHW_load_init-1326):----Enter
09-05 22:18:07.317   166   166 D         : *AW-DBG*----:(AWSCHW_load_init-1331):----Test Buf Aw keymaster module get the app init!
09-05 22:18:07.317   166   166 D         : *AW-DBG*----:(AWSCHW_load_init-1332):----Exit:ret0
09-05 22:18:07.317   166   166 E         : int aw_device_open(const hw_module_t*, const char*, hw_device_t**):AW keymaster open sucessfully!
09-05 22:18:07.317   166   166 E keystore: Wrapping keymaster0 module Keymaster AllSoftwinnertech HAL with SoftKeymasterDevice
09-05 22:18:07.317   166   166 D SoftKeymaster: system/keymaster/soft_keymaster_device.cpp, Line 145: Reinitializing SoftKeymasterDevice to use HW keymaster0
09-05 22:18:07.364   166   166 I SoftKeymaster: system/keymaster/soft_keymaster_device.cpp, Line 122: Creating device
09-05 22:18:07.365   166   166 D SoftKeymaster: system/keymaster/soft_keymaster_device.cpp, Line 123: Device address: 0xb6ba4180
09-05 22:18:07.810    75    75 W kworker/u:2: type=1400 audit(0.0:4): avc: denied { write } for name="/" dev="tmpfs" ino=5374 scontext=u:r:kernel:s0 tcontext=u:object_r:tmpfs:s0 tclass=dir permissive=0
09-05 22:18:08.044   150   150 I SurfaceFlinger: SurfaceFlinger is starting
09-05 22:18:08.044   150   150 I SurfaceFlinger: SurfaceFlinger's main thread ready to run. Initializing graphics H/W...
09-05 22:18:08.068   150   150 D libEGL  : loaded /system/lib/egl/libGLES_mali.so
09-05 22:18:08.314   150   150 I [Gralloc]: Dram size is 1002 MB
09-05 22:18:08.314   150   150 I [Gralloc]: Secure level is 3
09-05 22:18:08.314   150   150 I [Gralloc]: ION flush Cache range: Yes
09-05 22:18:08.319   150   150 I SurfaceFlinger: Using composer version 1.1
09-05 22:18:08.319   150   150 E hwcomposer: unknown display attribute 6
09-05 22:18:08.319   150   150 I SurfaceFlinger: EGL information:
09-05 22:18:08.319   150   150 I SurfaceFlinger: vendor    : Android
09-05 22:18:08.319   150   150 I SurfaceFlinger: version   : 1.4 Android META-EGL
09-05 22:18:08.319   150   150 I SurfaceFlinger: extensions: EGL_KHR_get_all_proc_addresses EGL_ANDROID_presentation_time EGL_KHR_swap_buffers_with_damage EGL_KHR_image EGL_KHR_image_base EGL_KHR_image_pixmap EGL_KHR_gl_texture_2D_image EGL_KHR_gl_texture_cubemap_image EGL_KHR_gl_renderbuffer_image EGL_KHR_fence_sync EGL_KHR_create_context EGL_EXT_create_context_robustness EGL_ANDROID_image_native_buffer EGL_ANDROID_recordable EGL_KHR_partial_update
09-05 22:18:08.320   150   150 I SurfaceFlinger: Client API: OpenGL_ES
09-05 22:18:08.320   150   150 I SurfaceFlinger: EGLSurface: 8-8-8-8, config=0x60000016
09-05 22:18:08.330   150   150 I SurfaceFlinger: OpenGL ES informations:
09-05 22:18:08.330   150   150 I SurfaceFlinger: vendor    : ARM
09-05 22:18:08.330   150   150 I SurfaceFlinger: renderer  : Mali-400 MP
09-05 22:18:08.330   150   150 I SurfaceFlinger: version   : OpenGL ES 2.0
09-05 22:18:08.330   150   150 I SurfaceFlinger: extensions: GL_EXT_debug_marker GL_OES_texture_npot GL_OES_vertex_array_object GL_OES_compressed_ETC1_RGB8_texture GL_EXT_compressed_ETC1_RGB8_sub_texture GL_OES_standard_derivatives GL_OES_EGL_image GL_OES_depth24 GL_ARM_rgba8 GL_ARM_mali_shader_binary GL_OES_depth_texture GL_OES_packed_depth_stencil GL_EXT_texture_format_BGRA8888 GL_OES_vertex_half_float GL_EXT_blend_minmax GL_OES_EGL_image_external GL_OES_EGL_sync GL_OES_rgb8_rgba8 GL_EXT_multisampled_render_to_texture GL_EXT_discard_framebuffer GL_OES_get_program_binary GL_ARM_mali_program_b
inary GL_EXT_shader_texture_lod GL_EXT_robustness GL_OES_depth_texture_cube_map GL_KHR_debug GL_ARM_shader_framebuffer_fetch GL_ARM_shader_framebuffer_fetch_depth_stencil GL_OES_mapbuffer
09-05 22:18:08.330   150   150 I SurfaceFlinger: GL_MAX_TEXTURE_SIZE = 4096
09-05 22:18:08.330   150   150 I SurfaceFlinger: GL_MAX_VIEWPORT_DIMS = 4096
09-05 22:18:08.333   150   150 I [Gralloc]: Dram size is 1002 MB
09-05 22:18:08.333   150   150 I [Gralloc]: Secure level is 3
09-05 22:18:08.333   150   150 I [Gralloc]: ION flush Cache range: Yes
09-05 22:18:08.342   150   150 I [Gralloc]: ion_alloc from ion_client:18 via heap type DMA(mask:16) for 3686400 Bytes uncached buffer successfully, usage = 0x00001e02
09-05 22:18:08.352   150   150 D SurfaceFlinger: Set power mode=2, type=0 flinger=0xb6b24000
09-05 22:18:08.397   150   150 D hwcomposer: int hwc_prepare(hwc_composer_device_1_t*, size_t, hwc_display_contents_1_t**): display[0] FRAMEBUFFER_TARGET layer failed to be assigned to pipe
09-05 22:18:08.497   150   150 D SurfaceFlinger: shader cache generated - 24 shaders in 100.076492 ms
09-05 22:18:08.887   337   396 D libEGL  : loaded /system/lib/egl/libGLES_mali.so
09-05 22:18:08.909   150   150 I [Gralloc]: ion_alloc from ion_client:18 via heap type DMA(mask:16) for 3686400 Bytes uncached buffer successfully, usage = 0x00001e02
09-05 22:18:08.974   150   287 I [Gralloc]: ion_alloc from ion_client:18 via heap type DMA(mask:16) for 3686400 Bytes uncached buffer successfully, usage = 0x00000f02
09-05 22:18:08.997   337   396 D BootAnimation: nobootmusic: 0
09-05 22:18:08.998   337   396 D BootAnim_AudioPlayer: card=0
09-05 22:18:08.998   337   396 D BootAnim_AudioPlayer: device=0
09-05 22:18:08.998   337   396 D BootAnim_AudioPlayer: period_size=2048
09-05 22:18:08.998   337   396 D BootAnim_AudioPlayer: period_count=2
09-05 22:18:08.998   337   396 D BootAnim_AudioPlayer: name: "Speaker Function" = spk
09-05 22:18:09.118   150   291 I [Gralloc]: ion_alloc from ion_client:18 via heap type DMA(mask:16) for 3686400 Bytes uncached buffer successfully, usage = 0x00000f02
09-05 22:18:09.168   150   287 I [Gralloc]: ion_alloc from ion_client:18 via heap type DMA(mask:16) for 3686400 Bytes uncached buffer successfully, usage = 0x00000f02
09-05 22:18:09.281   160   160 D awplayer: <VersionInfo_AWPL:89>: -------library tag: AWPL-------
09-05 22:18:09.281   160   160 D awplayer: <LogVersionInfo:24>:
09-05 22:18:09.281   160   160 D awplayer: >>>>>>>>>>>>>>>>>>>>>>>>>>>>>>> CedarX <<<<<<<<<<<<<<<<<<<<<<<<<<<<<<<
09-05 22:18:09.281   160   160 D awplayer: tag   : CedarX-2.5-rc2.0
09-05 22:18:09.281   160   160 D awplayer: branch: master
09-05 22:18:09.281   160   160 D awplayer: commit: xxx
09-05 22:18:09.281   160   160 D awplayer: date  : Fri Jan 15 08:52:32 2016 +0800
09-05 22:18:09.281   160   160 D awplayer: author: xxx
09-05 22:18:09.281   160   160 D awplayer: ----------------------------------------------------------------------
09-05 22:18:09.281   160   160 W awplayer: <AddVDPluginSingle:1163>: Invalid plugin, CedarPluginVDInit not found.
09-05 22:18:09.282   160   160 W awplayer: <AddVDPluginSingle:1163>: Invalid plugin, CedarPluginVDInit not found.
09-05 22:18:09.287   160   160 D awplayer: <AddVDPluginSingle:1166>: vdecoder open lib: /system/lib/libawavs.so
09-05 22:18:09.287   160   160 W awplayer: <VDecoderRegister:89>: register codec: '117:avs' success.
09-05 22:18:09.299   160   160 D awplayer: <AddVDPluginSingle:1166>: vdecoder open lib: /system/lib/libawh264.so
09-05 22:18:09.300   160   160 W awplayer: <VDecoderRegister:89>: register codec: '115:h264' success.
09-05 22:18:09.309   160   160 D awplayer: <AddVDPluginSingle:1166>: vdecoder open lib: /system/lib/libawh265.so
09-05 22:18:09.309   160   160 W awplayer: <VDecoderRegister:89>: register codec: '116:h265' success.
09-05 22:18:09.323   160   160 D awplayer: <AddVDPluginSingle:1166>: vdecoder open lib: /system/lib/libawh265soft.so
09-05 22:18:09.324   160   160 W awplayer: <VDecoderRegister:89>: register codec: '116:h265soft' success.
09-05 22:18:09.341   160   160 D awplayer: <AwStreamInit:66>: aw stream init...
09-05 22:18:09.341   160   160 D awplayer: <AwStreamInit:94>: stream list size:19
09-05 22:18:09.353   160   160 D awplayer: <AwParserInit:395>: aw parser size:32
09-05 22:18:09.354   160   160 W awplayer: <AddVDPluginSingle:1163>: Invalid plugin, CedarPluginVDInit not found.
09-05 22:18:09.358   160   160 D awplayer: <AddVDPluginSingle:1166>: vdecoder open lib: /system/lib/libawmjpeg.so
09-05 22:18:09.358   160   160 W awplayer: <VDecoderRegister:89>: register codec: '101:mjpeg' success.
09-05 22:18:09.364   160   160 D awplayer: <AddVDPluginSingle:1166>: vdecoder open lib: /system/lib/libawmjpegplus.so
09-05 22:18:09.364   160   160 W awplayer: <VDecoderRegister:89>: register codec: '101:mjpegplus' success.
09-05 22:18:09.369   160   160 D awplayer: <AddVDPluginSingle:1166>: vdecoder open lib: /system/lib/libawmpeg2.so
09-05 22:18:09.369   160   160 W awplayer: <VDecoderRegister:89>: register codec: '102:mpeg2' success.
09-05 22:18:09.369   160   160 W awplayer: <VDecoderRegister:89>: register codec: '103:mpeg2' success.
09-05 22:18:09.377   160   160 W awplayer: <AddVDPluginSingle:1163>: Invalid plugin, CedarPluginVDInit not found.
09-05 22:18:09.383   160   160 D awplayer: <AddVDPluginSingle:1166>: vdecoder open lib: /system/lib/libawmpeg4dx.so
09-05 22:18:09.383   160   160 W awplayer: <VDecoderRegister:89>: register codec: '105:mpeg4dx' success.
09-05 22:18:09.383   160   160 W awplayer: <VDecoderRegister:89>: register codec: '106:mpeg4dx' success.
09-05 22:18:09.383   160   160 W awplayer: <VDecoderRegister:89>: register codec: '107:mpeg4dx' success.
09-05 22:18:09.383   160   160 W awplayer: <VDecoderRegister:89>: register codec: '10e:mpeg4dx' success.
09-05 22:18:09.383   160   160 W awplayer: <VDecoderRegister:89>: register codec: '10f:mpeg4dx' success.
09-05 22:18:09.398   160   160 D awplayer: <AddVDPluginSingle:1166>: vdecoder open lib: /system/lib/libawmpeg4h263.so
09-05 22:18:09.398   160   160 W awplayer: <VDecoderRegister:89>: register codec: '104:mpeg4H263' success.
09-05 22:18:09.398   160   160 W awplayer: <VDecoderRegister:89>: register codec: '10b:mpeg4H263' success.
09-05 22:18:09.398   160   160 W awplayer: <VDecoderRegister:89>: register codec: '10d:mpeg4H263' success.
09-05 22:18:09.406   160   160 D awplayer: <AddVDPluginSingle:1166>: vdecoder open lib: /system/lib/libawmpeg4normal.so
09-05 22:18:09.407   160   160 W awplayer: <VDecoderRegister:89>: register codec: '10a:mpeg4Normal' success.
09-05 22:18:09.407   160   160 W awplayer: <VDecoderRegister:89>: register codec: '10c:mpeg4Normal' success.
09-05 22:18:09.408   160   160 W awplayer: <VDecoderRegister:89>: register codec: '108:mpeg4Normal' success.
09-05 22:18:09.408   160   160 W awplayer: <VDecoderRegister:89>: register codec: '109:mpeg4Normal' success.
09-05 22:18:09.413   160   160 D awplayer: <AddVDPluginSingle:1166>: vdecoder open lib: /system/lib/libawmpeg4vp6.so
09-05 22:18:09.413   160   160 W awplayer: <VDecoderRegister:89>: register codec: '111:Mpeg4Vp6' success.
09-05 22:18:09.413   160   160 W awplayer: <AddVDPluginSingle:1163>: Invalid plugin, CedarPluginVDInit not found.
09-05 22:18:09.419   160   160 D awplayer: <AddVDPluginSingle:1166>: vdecoder open lib: /system/lib/libawvp6soft.so
09-05 22:18:09.419   160   160 W awplayer: <VDecoderRegister:89>: register codec: '111:vp6Soft' success.
09-05 22:18:09.423   160   160 D awplayer: <AddVDPluginSingle:1166>: vdecoder open lib: /system/lib/libawvp8.so
09-05 22:18:09.423   160   160 W awplayer: <VDecoderRegister:89>: register codec: '112:vp8' success.
09-05 22:18:09.438   160   160 D awplayer: <AddVDPluginSingle:1166>: vdecoder open lib: /system/lib/libawvp9soft.so
09-05 22:18:09.438   160   160 W awplayer: <VDecoderRegister:89>: register codec: '113:vp9Soft' success.
09-05 22:18:09.453   160   160 D awplayer: <AddVDPluginSingle:1166>: vdecoder open lib: /system/lib/libawwmv12soft.so
09-05 22:18:09.453   160   160 W awplayer: <VDecoderRegister:89>: register codec: '10e:Wmv12Soft' success.
09-05 22:18:09.453   160   160 W awplayer: <VDecoderRegister:89>: register codec: '10f:Wmv12Soft' success.
09-05 22:18:09.461   160   160 D awplayer: <AddVDPluginSingle:1166>: vdecoder open lib: /system/lib/libawwmv3.so
09-05 22:18:09.461   160   160 W awplayer: <VDecoderRegister:89>: register codec: '110:vc1' success.
09-05 22:18:09.467   160   160 V MediaUtils: physMem: 1051619328
09-05 22:18:09.467   160   160 V MediaUtils: requested limit: 683552545
09-05 22:18:09.467   160   160 V MediaUtils: actual limit: 683552545
09-05 22:18:09.467   160   160 V MediaUtils: original limits: 4294967295/4294967295
09-05 22:18:09.467   160   160 V MediaUtils: new limits: 683552545/4294967295
09-05 22:18:09.542   160   160 I mediaserver: ServiceManager: 0xb5a8e900
09-05 22:18:09.542   160   160 I AudioFlinger: Using default 3000 mSec as standby time.
09-05 22:18:09.544   160   160 E         : batterystats service unavailable!
09-05 22:18:09.544   160   160 E         : batterystats service unavailable!
09-05 22:18:09.544   160   160 D MediaPlayerService: wfd_value: 0
09-05 22:18:09.545   160   160 I CameraService: CameraService started (pid=160)
09-05 22:18:09.545   160   160 I CameraService: CameraService process starting
09-05 22:18:09.546   160   160 E         : batterystats service unavailable!
09-05 22:18:09.546   160   160 E         : batterystats service unavailable!
09-05 22:18:10.652   160   160 D HALCameraFactory: camera hal version: 3000130327_V1.0
09-05 22:18:10.671   152   152 D AndroidRuntime: >>>>>> START com.android.internal.os.ZygoteInit uid 0 <<<<<<
09-05 22:18:10.675   160   160 D HALCameraFactory: There is 2 attached cameras and 0 removable cameras
09-05 22:18:10.675   160   160 I CameraService: Loaded "V4L2Camera Module" camera module
09-05 22:18:10.675   160   160 D HALCameraFactory: There is 2 attached cameras and 0 removable cameras
09-05 22:18:10.675   160   160 D HALCameraFactory: There is 2 attached cameras and 0 removable cameras
09-05 22:18:10.676   160   160 I CameraFlashlight: Opening camera 0
09-05 22:18:10.815   152   152 D AndroidRuntime: CheckJNI is OFF
09-05 22:18:10.891   152   152 I art     : option[0]=-Xzygote
09-05 22:18:10.891   152   152 I art     : option[1]=-Xstacktracefile:/data/anr/traces.txt
09-05 22:18:10.891   152   152 I art     : option[2]=exit
09-05 22:18:10.891   152   152 I art     : option[3]=vfprintf
09-05 22:18:10.891   152   152 I art     : option[4]=sensitiveThread
09-05 22:18:10.891   152   152 I art     : option[5]=-verbose:gc
09-05 22:18:10.891   152   152 I art     : option[6]=-Xms8m
09-05 22:18:10.891   152   152 I art     : option[7]=-Xmx384m
09-05 22:18:10.891   152   152 I art     : option[8]=-XX:HeapGrowthLimit=80m
09-05 22:18:10.891   152   152 I art     : option[9]=-XX:HeapMinFree=512k
09-05 22:18:10.891   152   152 I art     : option[10]=-XX:HeapMaxFree=8m
09-05 22:18:10.891   152   152 I art     : option[11]=-XX:HeapTargetUtilization=0.75
09-05 22:18:10.891   152   152 I art     : option[12]=-agentlib:jdwp=transport=dt_android_adb,suspend=n,server=y
09-05 22:18:10.892   152   152 I art     : option[13]=-Ximage-compiler-option
09-05 22:18:10.892   152   152 I art     : option[14]=--runtime-arg
09-05 22:18:10.892   152   152 I art     : option[15]=-Ximage-compiler-option
09-05 22:18:10.892   152   152 I art     : option[16]=-Xms64m
09-05 22:18:10.892   152   152 I art     : option[17]=-Ximage-compiler-option
09-05 22:18:10.892   152   152 I art     : option[18]=--runtime-arg
09-05 22:18:10.892   152   152 I art     : option[19]=-Ximage-compiler-option
09-05 22:18:10.892   152   152 I art     : option[20]=-Xmx64m
09-05 22:18:10.892   152   152 I art     : option[21]=-Ximage-compiler-option
09-05 22:18:10.892   152   152 I art     : option[22]=--image-classes=/system/etc/preloaded-classes
09-05 22:18:10.892   152   152 I art     : option[23]=-Xcompiler-option
09-05 22:18:10.892   152   152 I art     : option[24]=--runtime-arg
09-05 22:18:10.892   152   152 I art     : option[25]=-Xcompiler-option
09-05 22:18:10.892   152   152 I art     : option[26]=-Xms64m
09-05 22:18:10.892   152   152 I art     : option[27]=-Xcompiler-option
09-05 22:18:10.892   152   152 I art     : option[28]=--runtime-arg
09-05 22:18:10.892   152   152 I art     : option[29]=-Xcompiler-option
09-05 22:18:10.892   152   152 I art     : option[30]=-Xmx512m
09-05 22:18:10.892   152   152 I art     : option[31]=-Xcompiler-option
09-05 22:18:10.892   152   152 I art     : option[32]=-j3
09-05 22:18:10.892   152   152 I art     : option[33]=-Ximage-compiler-option
09-05 22:18:10.892   152   152 I art     : option[34]=-j4
09-05 22:18:10.893   152   152 I art     : option[35]=-Ximage-compiler-option
09-05 22:18:10.893   152   152 I art     : option[36]=--instruction-set-variant=cortex-a7
09-05 22:18:10.893   152   152 I art     : option[37]=-Xcompiler-option
09-05 22:18:10.893   152   152 I art     : option[38]=--instruction-set-variant=cortex-a7
09-05 22:18:10.893   152   152 I art     : option[39]=-Ximage-compiler-option
09-05 22:18:10.893   152   152 I art     : option[40]=--instruction-set-features=default
09-05 22:18:10.893   152   152 I art     : option[41]=-Xcompiler-option
09-05 22:18:10.893   152   152 I art     : option[42]=--instruction-set-features=default
09-05 22:18:10.893   152   152 I art     : option[43]=-Xcompiler-option
09-05 22:18:10.893   152   152 I art     : option[44]=--no-watch-dog
09-05 22:18:10.893   152   152 I art     : option[45]=-Duser.locale=zh-CN
09-05 22:18:10.893   152   152 I art     : option[46]=--cpu-abilist=armeabi-v7a,armeabi
09-05 22:18:10.893   152   152 I art     : option[47]=-Xfingerprint:Allwinner/astar_h7/astar-h7:6.0.1/MOB30R/20160803:user/test-keys
09-05 22:18:11.318   160   160 D HALCameraFactory: Calling process is: /system/bin/mediaserver
09-05 22:18:11.325   160   625 W CameraHardware: CMD_QUEUE_STOP_FACE_DETECTE failed, mFaceDetection not opened.
09-05 22:18:11.449   160   160 I CameraFlashlight: Destroying camera 0
09-05 22:18:11.449   160   721 D CallbackNotifier: savePictureThread exit, line: 1515
09-05 22:18:11.550   160   160 I CameraFlashlight: Opening camera 1
09-05 22:18:11.858   152   152 D ICU     : No timezone override file found: /data/misc/zoneinfo/current/icu/icu_tzdata.dat
09-05 22:18:11.921   154   154 V NatController: runCmd(/system/bin/iptables -w -F natctrl_FORWARD) res=0
09-05 22:18:11.943   154   154 V NatController: runCmd(/system/bin/iptables -w -A natctrl_FORWARD -j DROP) res=0
09-05 22:18:11.968   154   154 V NatController: runCmd(/system/bin/iptables -w -t nat -F natctrl_nat_POSTROUTING) res=0
09-05 22:18:11.993   154   154 V NatController: runCmd(/system/bin/iptables -w -F natctrl_tether_counters) res=1
09-05 22:18:12.018   154   154 V NatController: runCmd(/system/bin/iptables -w -X natctrl_tether_counters) res=1
09-05 22:18:12.038   154   154 V NatController: runCmd(/system/bin/iptables -w -N natctrl_tether_counters) res=0
09-05 22:18:12.061   154   154 V NatController: runCmd(/system/bin/iptables -w -t mangle -A natctrl_mangle_FORWARD -p tcp --tcp-flags SYN SYN -j TCPMSS --clamp-mss-to-pmtu) res=1
09-05 22:18:12.188   160   160 D HALCameraFactory: Calling process is: /system/bin/mediaserver
09-05 22:18:12.189   160   160 E V4L2CameraDevice: getFullSize failed
09-05 22:18:12.195   160   631 W CameraHardware: CMD_QUEUE_STOP_FACE_DETECTE failed, mFaceDetection not opened.
09-05 22:18:12.319   160   160 I CameraFlashlight: Destroying camera 1
09-05 22:18:12.319   160   844 D CallbackNotifier: savePictureThread exit, line: 1515
09-05 22:18:12.420   160   160 I ServiceManager: Waiting for service media.camera.proxy...
09-05 22:18:12.870    75    75 W kworker/u:2: type=1400 audit(0.0:5): avc: denied { write } for name="/" dev="tmpfs" ino=5374 scontext=u:r:kernel:s0 tcontext=u:object_r:tmpfs:s0 tclass=dir permissive=0
09-05 22:18:12.911   152   152 E memtrack: Couldn't load memtrack module (No such file or directory)
09-05 22:18:12.911   152   152 E android.os.Debug: failed to load memtrack module: -2
09-05 22:18:12.939   152   152 I Radio-JNI: register_android_hardware_Radio DONE
09-05 22:18:13.040   152   152 I SamplingProfilerIntegration: Profiling disabled.
09-05 22:18:13.076   152   152 I art     : Starting a blocking GC Background
09-05 22:18:13.164   152   152 I Zygote  : System server process 973 has been created
09-05 22:18:13.216   152   152 I Zygote  : Accepting command socket connections
09-05 22:18:13.217   152   989 D Zygote  : begin preload
09-05 22:18:13.218   152   989 I Zygote  : Preloading classes...
09-05 22:18:13.236   973   973 I InstallerConnection: connecting...
09-05 22:18:13.253   161   161 I installd: new connection
09-05 22:18:13.343   973   973 I InstallerConnection: disconnecting...
09-05 22:18:13.346   161   161 E installd: eof
09-05 22:18:13.346   161   161 E installd: failed to read size
09-05 22:18:13.346   161   161 I installd: closing connection
09-05 22:18:13.421   160   160 I ServiceManager: Waiting for service media.camera.proxy...
09-05 22:18:13.448   154   154 E Netd    : cannot find interface dummy0
09-05 22:18:13.491   154   154 D MDnsDS  : MDnsSdListener::Hander starting up
09-05 22:18:13.495   154  1030 D MDnsDS  : MDnsSdListener starting to monitor
09-05 22:18:13.495   154  1030 D MDnsDS  : Going to poll with pollCount 1
09-05 22:18:13.762   973   973 I SystemServer: Entered the Android system server!
09-05 22:18:14.421   160   160 I ServiceManager: Waiting for service media.camera.proxy...
09-05 22:18:14.426  1053  1053 D idmap   : error: no read access to /vendor/overlay: No such file or directory
09-05 22:18:15.049   973   973 I SystemServiceManager: Starting com.android.server.pm.Installer
09-05 22:18:15.083   973   973 I Installer: Waiting for installd to be ready.
09-05 22:18:15.083   973   973 I InstallerConnection: connecting...
09-05 22:18:15.083   161   161 I installd: new connection
09-05 22:18:15.084   973   973 I SystemServiceManager: Starting com.android.server.am.ActivityManagerService$Lifecycle
09-05 22:18:15.365   973   973 I ActivityManager: Memory class: 80
09-05 22:18:15.422   160   160 I ServiceManager: Waiting for service media.camera.proxy...
09-05 22:18:15.531   152   989 E Minikin : addFont failed to create font /system/fonts/NanumGothic.ttf
09-05 22:18:15.532   152   989 E Minikin : addFont failed to create font /system/fonts/DroidSansFallback.ttf
09-05 22:18:15.532   152   989 E Minikin : addFont failed to create font /system/fonts/MTLmr3m.ttf
09-05 22:18:15.747   973   973 D BatteryStatsImpl: Reading daily items from /data/system/batterystats-daily.xml
09-05 22:18:15.748   152   989 V DngCreator_JNI: DngCreator_nativeClassInit:
09-05 22:18:16.019   973   973 W ProcessCpuTracker: Skipping unknown process pid 1094
09-05 22:18:16.021   973   973 W ProcessCpuTracker: Skipping unknown process pid 1096
09-05 22:18:16.084   973   973 I IntentFirewall: Read new rules (A:0 B:0 S:0)
09-05 22:18:16.177   973   973 D AppOps  : AppOpsService published
09-05 22:18:16.178   973   973 I SystemServiceManager: Starting com.android.server.power.PowerManagerService
09-05 22:18:16.246   973   973 I libsuspend: Selected early suspend
09-05 22:18:16.247   973   973 I libsuspend: Starting early suspend unblocker thread
09-05 22:18:16.272   973   973 I SystemServiceManager: Starting com.android.server.lights.LightsService
09-05 22:18:16.291   973   973 E lights  : porbe_light_leds leds_exist=4278190080
09-05 22:18:16.291   973   973 E lights  : porbe_light_leds path=/sys/class/leds/red_led/brightness
09-05 22:18:16.291   973   973 E lights  : porbe_light_leds path=/sys/class/leds/green_led/brightness
09-05 22:18:16.291   973   973 E lights  : porbe_light_leds path=/sys/class/leds/blue_led/brightness
09-05 22:18:16.291   973   973 E lights  : porbe_light_leds leds_exist=4278190080
09-05 22:18:16.292   973   973 I SystemServiceManager: Starting com.android.server.display.DisplayManagerService
09-05 22:18:16.310   291   291 W Binder_2: type=1400 audit(0.0:6): avc: denied { ioctl } for path="socket:[6196]" dev="sockfs" ino=6196 ioctlcmd=7704 scontext=u:r:surfaceflinger:s0 tcontext=u:r:surfaceflinger:s0 tclass=unix_stream_socket permissive=0
09-05 22:18:16.310   291   291 W Binder_2: type=1400 audit(0.0:7): avc: denied { ioctl } for path="socket:[6196]" dev="sockfs" ino=6196 ioctlcmd=7704 scontext=u:r:surfaceflinger:s0 tcontext=u:r:surfaceflinger:s0 tclass=unix_stream_socket permissive=0
09-05 22:18:16.318   973   973 I SystemServiceManager: Starting phase 100
09-05 22:18:16.361   152   989 I art     : Thread[6,tid=989,Native,Thread*=0xb4db7e00,peer=0x12c00220,"Thread-10"] recursive attempt to load library "/system/lib/libmedia_jni.so"
09-05 22:18:16.361   152   989 D MtpDeviceJNI: register_android_mtp_MtpDevice
09-05 22:18:16.362   152   989 I art     : Thread[6,tid=989,Native,Thread*=0xb4db7e00,peer=0x12c00220,"Thread-10"] recursive attempt to load library "/system/lib/libmedia_jni.so"
09-05 22:18:16.363   152   989 I art     : Thread[6,tid=989,Native,Thread*=0xb4db7e00,peer=0x12c00220,"Thread-10"] recursive attempt to load library "/system/lib/libmedia_jni.so"
09-05 22:18:16.376   973  1102 I DisplayManagerService: Display device added: DisplayDeviceInfo{"鍐呯疆灞忓箷": uniqueId="local:0", 720 x 1280, modeId 1, defaultModeId 1, supportedModes [{id=1, width=720, height=1280, fps=60.000004}], colorTransformId 1, defaultColorTransformId 1, supportedColorTransforms [{id=1, colorTransform=-22}], density 213, 210.206 x 209.754 dpi, appVsyncOff 0, presDeadline 17666666, touch INTERNAL, rotation 0, type BUILT_IN, state UNKNOWN, FLAG_DEFAULT_DISPLAY, FLAG_ROTATES_WITH_CONTENT, FLAG_SECURE, FLAG_SUPPORTS_PROTECTED_BUFFERS}
09-05 22:18:16.378   150   150 D SurfaceFlinger: Set power mode=2, type=0 flinger=0xb6b24000
09-05 22:18:16.378   150   150 D SurfaceFlinger: Screen type=0 is already mode=2
09-05 22:18:16.379   973   973 I SystemServer: Package Manager
09-05 22:18:16.380   973  1102 I DisplayManagerService: Display device changed state: "鍐呯疆灞忓箷", ON
09-05 22:18:16.422   160   160 I ServiceManager: Waiting for service media.camera.proxy...
09-05 22:18:16.542   152   989 E EmojiFactory_jni: Failed to load libemoji.so: dlopen failed: library "libemoji.so" not found
09-05 22:18:16.740   973   988 I art     : Background sticky concurrent mark sweep GC freed 643(139KB) AllocSpace objects, 6(120KB) LOS objects, 15% free, 1535KB/1806KB, paused 8.178ms total 26.424ms
09-05 22:18:16.865   973   973 D SELinuxMMAC: Using policy file /system/etc/security/mac_permissions.xml
09-05 22:18:16.915   973   973 D PackageSettings: Read domain verification for package:com.google.android.youtube
09-05 22:18:16.939   973   973 D PackageSettings: Read domain verification for package:com.android.vending
09-05 22:18:16.965   973   973 D PackageSettings: Read domain verification for package:com.google.android.apps.docs
09-05 22:18:16.975   152   989 I System  : Loaded time zone names for "" in 92ms (89ms in ICU)
09-05 22:18:16.987   973   973 D PackageSettings: Read domain verification for package:com.google.android.apps.maps
09-05 22:18:17.037   152   989 I System  : Loaded time zone names for "en_US" in 61ms (57ms in ICU)
09-05 22:18:17.106   152   989 I System  : Loaded time zone names for "zh_CN" in 69ms (66ms in ICU)
09-05 22:18:17.151   152   989 I Zygote  : ...preloaded 3831 classes in 3933ms.
09-05 22:18:17.151   152   989 I art     : VMRuntime.preloadDexCaches starting
09-05 22:18:17.289   973   973 E art     : DexFile_getDexOptNeeded file '/system/framework/org.apache.http.legacy.jar' does not exist
09-05 22:18:17.289   973   973 W PackageManager: Library not found: /system/framework/org.apache.http.legacy.jar
09-05 22:18:17.350   152   989 I art     : VMRuntime.preloadDexCaches strings total=244351 before=43937 after=43937
09-05 22:18:17.350   152   989 I art     : VMRuntime.preloadDexCaches types total=20158 before=6883 after=6910
09-05 22:18:17.350   152   989 I art     : VMRuntime.preloadDexCaches fields total=98497 before=35889 after=36098
09-05 22:18:17.350   152   989 I art     : VMRuntime.preloadDexCaches methods total=170445 before=70874 after=71374
09-05 22:18:17.350   152   989 I art     : VMRuntime.preloadDexCaches finished
09-05 22:18:17.405  1127  1127 D idmap   : error: no read access to /vendor/overlay: No such file or directory
09-05 22:18:17.413   152   989 I Zygote  : Preloading resources...
09-05 22:18:17.426   160   160 I AudioPolicyService: AudioPolicyService CSTOR in new mode
09-05 22:18:17.431   160   160 I APM::ConfigParsingUtils: loadAudioPolicyConfig() loaded /system/etc/audio_policy.conf
09-05 22:18:17.459   160   160 V audio_hw_primary: normal mode , speaker,****LINE:664,FUNC:select_output_device
09-05 22:18:17.459   160   160 D codec_audio: get ro.sw.audio.codec_plan_name =0
09-05 22:18:17.459   160   160 D codec_audio: get index =0
09-05 22:18:17.459   160   160 V codec_audio_pad: ****LINE:231,FUNC:pad_init
09-05 22:18:17.459   160   160 E codec_audio: begain get mixer ......
09-05 22:18:17.460   160  1131 V codec_audio_plan_record: record manager thread sleep
09-05 22:18:17.464   160   160 D codec_audio: key_name:PHONE_EARPIECE
09-05 22:18:17.464   160   160 D codec_audio: key_name:PHONE_HEADSET
09-05 22:18:17.464   160   160 D codec_audio: key_name:PHONE_SPEAKER
09-05 22:18:17.464   160   160 D codec_audio: key_name:BLUETOOTH_UP
09-05 22:18:17.465   160   160 D codec_audio: key_name:FM_HEADSET
09-05 22:18:17.465   160   160 D codec_audio: key_name:FM_SPEAKER
09-05 22:18:17.465   160   160 D codec_audio: get_volume_config pcm_vol: 8
09-05 22:18:17.465   160   160 D bp_audio: get ro.sw.audio.bp_device_name=0
09-05 22:18:17.465   160   160 D bp_audio: bp_device_detect index=0
09-05 22:18:17.465   160   160 D audio_hw_primary: g_no_output =1
09-05 22:18:17.465   160   160 V audio_hw_primary: adev_get_master_volume, line: 2436
09-05 22:18:17.465   160   160 V audio_hw_primary: adev_set_master_volume, line: 2430
09-05 22:18:17.465   160   160 I AudioFlinger: loadHwModule() Loaded primary audio interface from sunxi audio HW HAL (audio) handle 1
09-05 22:18:17.465   160   160 I AudioFlinger: openOutput(), module 1 Device 2, SamplingRate 44100, Format 0x000001, Channels 3, flags 2
09-05 22:18:17.465   160   160 V audio_hw_primary: adev_open_output_stream, flags: 2
09-05 22:18:17.465   160   160 V audio_hw_primary: +++++++++++++++ adev_open_output_stream: req_sample_rate: 44100, fmt: 1, channel_count: 3
09-05 22:18:17.465   160   160 I AudioFlinger: AudioStreamOut::open(), mHalFormatIsLinearPcm = 1
09-05 22:18:17.466   160   160 I AudioFlinger: HAL output buffer size 1024 frames, normal sink buffer size 1024 frames
09-05 22:18:17.496   160   160 I BufferProvider: found effect "Multichannel Downmix To Stereo" from The Android Open Source Project
09-05 22:18:17.497   160   160 I AudioFlinger: Using module 1 has the primary audio interface
09-05 22:18:17.497   160  1132 I AudioFlinger: AudioFlinger's thread 0xb1b40000 ready to run
09-05 22:18:17.497   160  1132 D audio_hw_primary: out_standby
09-05 22:18:17.498   160  1132 V audio_hw_primary: out_set_parameters: routing=2
09-05 22:18:17.498   160  1132 V audio_hw_primary: adev->out_device is: 2, val is : 2
09-05 22:18:17.498   160  1132 E AudioFlinger: no wake lock to update!
09-05 22:18:17.499   160  1129 V audio_hw_primary: adev_set_voice_volume, volume: 0.000000
09-05 22:18:17.500   160   160 V audio_hw_primary: to malloc in-buffer: period_size: 1024, frame_size: 4
09-05 22:18:17.501   160  1133 I AudioFlinger: AudioFlinger's thread 0xb1940000 ready to run
09-05 22:18:17.502   160   160 V codec_audio_pad: normal record mode 4,****LINE:122,FUNC:set_normal_record_enable
09-05 22:18:17.502   160   160 V codec_audio_pad: fm record mode 4,****LINE:217,FUNC:set_fm_record_enable
09-05 22:18:17.502   160   160 D audio_hw_primary: adev_close_input_stream set voice record status
09-05 22:18:17.504   973   973 D PackageManager: No files in app dir /vendor/overlay
09-05 22:18:17.506   160   160 I bt_a2dp_hw: adev_open:  adev_open in A2dp_hw module
09-05 22:18:17.506   160   160 I AudioFlinger: loadHwModule() Loaded a2dp audio interface from A2DP Audio HW HAL (audio) handle 4
09-05 22:18:17.518   973   973 D PackageManager: No files in app dir /system/vendor/app
09-05 22:18:17.518   973   973 D PackageManager: No files in app dir /oem/app
09-05 22:18:17.522   160   160 I AudioFlinger: loadHwModule() Loaded usb audio interface from USB audio HW HAL (audio) handle 5
09-05 22:18:17.528   160   160 I r_submix: adev_open(name=audio_hw_if)
09-05 22:18:17.528   160   160 I r_submix: adev_init_check()
09-05 22:18:17.528   160   160 I AudioFlinger: loadHwModule() Loaded r_submix audio interface from Wifi Display audio HAL (audio) handle 6
09-05 22:18:17.528   160   160 D r_submix: adev_open_input_stream(addr=0)
09-05 22:18:17.528   160   160 D r_submix: submix_audio_device_create_pipe_l(addr=0, idx=9)
09-05 22:18:17.528   160   160 D r_submix:   now using address 0 for route 9
09-05 22:18:17.529   160   160 E MonoPipe: Failed to fetch local time frequency when constructing a MonoPipe (res = -32).  getNextWriteTimestamp calls will be non-functional
09-05 22:18:17.530   160  1135 I AudioFlinger: AudioFlinger's thread 0xb1940000 ready to run
09-05 22:18:17.530   160   160 D r_submix: adev_close_input_stream()
09-05 22:18:17.530   160   160 D r_submix: submix_audio_device_release_pipe_l(idx=9) addr=0
09-05 22:18:17.530   160   160 D r_submix: submix_audio_device_destroy_pipe_l(): pipe destroyed
09-05 22:18:17.532   160   160 E SoundTriggerHwService: couldn't load sound trigger module sound_trigger.primary (No such file or directory)
09-05 22:18:17.533   160   160 I RadioService: RadioService
09-05 22:18:17.533   160   160 I RadioService: onFirstRef
09-05 22:18:17.533   160   160 E RadioService: couldn't load radio module radio.primary (No such file or directory)
09-05 22:18:17.554   973  1134 W PackageManager: Failed to parse /system/framework/arm: Missing base APK in /system/framework/arm
09-05 22:18:17.617   973  1134 W PackageManager: Failed to parse /system/framework/oat: Missing base APK in /system/framework/oat
09-05 22:18:17.837   973  1134 W PackageParser: No actions in intent filter at /system/priv-app/Contacts/Contacts.apk Binary XML file line #388
09-05 22:18:18.120   973   973 W PackageManager: Permission android.permission.DOWNLOAD_WITHOUT_NOTIFICATION from package com.android.providers.downloads in an unknown group android.permission-group.NETWORK
09-05 22:18:18.966   152   989 I Zygote  : ...preloaded 342 resources in 1552ms.
09-05 22:18:18.994   152   989 I Zygote  : ...preloaded 41 resources in 28ms.
09-05 22:18:18.998   152   989 D libEGL  : loaded /system/lib/egl/libGLES_mali.so
09-05 22:18:19.054   152   989 I Zygote  : Preloading shared libraries...
09-05 22:18:19.106   152   989 D Zygote  : end preload
09-05 22:18:19.106   152   989 I art     : Starting a blocking GC Explicit
09-05 22:18:19.136   152   989 I art     : Explicit concurrent mark sweep GC freed 11094(444KB) AllocSpace objects, 0(0B) LOS objects, 40% free, 4MB/6MB, paused 501us total 23.778ms
09-05 22:18:19.153   152   989 I art     : Starting a blocking GC Explicit
09-05 22:18:19.170   152   989 I art     : Explicit concurrent mark sweep GC freed 2287(108KB) AllocSpace objects, 0(0B) LOS objects, 40% free, 4MB/6MB, paused 451us total 16.382ms
09-05 22:18:19.273   973  1134 W PackageParser: Unknown element under <manifest>: uses-library at /system/priv-app/GoogleFeedback/GoogleFeedback.apk Binary XML file line #30
09-05 22:18:19.507   973   973 W PackageManager: Permission com.google.android.gms.permission.ACTIVITY_RECOGNITION from package com.google.android.gms in an unknown group android.permission-group.PERSONAL_INFO
09-05 22:18:19.554   973  1134 W PackageParser: Ignoring duplicate uses-permissions/uses-permissions-sdk-m: com.google.android.providers.gsf.permission.READ_GSERVICES in package: com.google.android.partnersetup at: Binary XML file line #32
09-05 22:18:19.796   973   973 W PackageManager: Permission com.google.android.googleapps.permission.GOOGLE_AUTH from package com.google.android.gsf in an unknown group android.permission-group.ACCOUNTS
09-05 22:18:19.796   973   973 W PackageManager: Permission com.google.android.googleapps.permission.GOOGLE_AUTH.ALL_SERVICES from package com.google.android.gsf in an unknown group android.permission-group.ACCOUNTS
09-05 22:18:19.796   973   973 W PackageManager: Permission com.google.android.googleapps.permission.GOOGLE_AUTH.OTHER_SERVICES from package com.google.android.gsf in an unknown group android.permission-group.ACCOUNTS
09-05 22:18:19.796   973   973 W PackageManager: Permission com.google.android.googleapps.permission.GOOGLE_AUTH.mail from package com.google.android.gsf in an unknown group android.permission-group.ACCOUNTS
09-05 22:18:19.796   973   973 W PackageManager: Permission com.google.android.googleapps.permission.GOOGLE_AUTH.cl from package com.google.android.gsf in an unknown group android.permission-group.ACCOUNTS
09-05 22:18:19.796   973   973 W PackageManager: Permission com.google.android.googleapps.permission.GOOGLE_AUTH.android from package com.google.android.gsf in an unknown group android.permission-group.ACCOUNTS
09-05 22:18:19.796   973   973 W PackageManager: Permission com.google.android.googleapps.permission.GOOGLE_AUTH.androidsecure from package com.google.android.gsf in an unknown group android.permission-group.ACCOUNTS
09-05 22:18:19.796   973   973 W PackageManager: Permission com.google.android.googleapps.permission.GOOGLE_AUTH.sierra from package com.google.android.gsf in an unknown group android.permission-group.ACCOUNTS
09-05 22:18:19.796   973   973 W PackageManager: Permission com.google.android.googleapps.permission.GOOGLE_AUTH.sierraqa from package com.google.android.gsf in an unknown group android.permission-group.ACCOUNTS
09-05 22:18:19.796   973   973 W PackageManager: Permission com.google.android.googleapps.permission.GOOGLE_AUTH.sierrasandbox from package com.google.android.gsf in an unknown group android.permission-group.ACCOUNTS
09-05 22:18:19.796   973   973 W PackageManager: Permission com.google.android.googleapps.permission.GOOGLE_AUTH.youtube from package com.google.android.gsf in an unknown group android.permission-group.ACCOUNTS
09-05 22:18:19.796   973   973 W PackageManager: Permission com.google.android.googleapps.permission.GOOGLE_AUTH.YouTubeUser from package com.google.android.gsf in an unknown group android.permission-group.ACCOUNTS
09-05 22:18:19.796   973   973 W PackageManager: Permission com.google.android.googleapps.permission.GOOGLE_AUTH.talk from package com.google.android.gsf in an unknown group android.permission-group.ACCOUNTS
09-05 22:18:19.797   973   973 W PackageManager: Permission com.google.android.googleapps.permission.GOOGLE_AUTH.ig from package com.google.android.gsf in an unknown group android.permission-group.ACCOUNTS
09-05 22:18:19.797   973   973 W PackageManager: Permission com.google.android.googleapps.permission.GOOGLE_AUTH.lh2 from package com.google.android.gsf in an unknown group android.permission-group.ACCOUNTS
09-05 22:18:19.797   973   973 W PackageManager: Permission com.google.android.googleapps.permission.GOOGLE_AUTH.mobile from package com.google.android.gsf in an unknown group android.permission-group.ACCOUNTS
09-05 22:18:19.797   973   973 W PackageManager: Permission com.google.android.googleapps.permission.GOOGLE_AUTH.cp from package com.google.android.gsf in an unknown group android.permission-group.ACCOUNTS
09-05 22:18:19.797   973   973 W PackageManager: Permission com.google.android.googleapps.permission.GOOGLE_AUTH.adsense from package com.google.android.gsf in an unknown group android.permission-group.ACCOUNTS
09-05 22:18:19.797   973   973 W PackageManager: Permission com.google.android.googleapps.permission.GOOGLE_AUTH.adwords from package com.google.android.gsf in an unknown group android.permission-group.ACCOUNTS
09-05 22:18:19.797   973   973 W PackageManager: Permission com.google.android.googleapps.permission.GOOGLE_AUTH.blogger from package com.google.android.gsf in an unknown group android.permission-group.ACCOUNTS
09-05 22:18:19.797   973   973 W PackageManager: Permission com.google.android.googleapps.permission.GOOGLE_AUTH.dodgeball from package com.google.android.gsf in an unknown group android.permission-group.ACCOUNTS
09-05 22:18:19.797   973   973 W PackageManager: Permission com.google.android.googleapps.permission.GOOGLE_AUTH.gbase from package com.google.android.gsf in an unknown group android.permission-group.ACCOUNTS
09-05 22:18:19.797   973   973 W PackageManager: Permission com.google.android.googleapps.permission.GOOGLE_AUTH.groups2 from package com.google.android.gsf in an unknown group android.permission-group.ACCOUNTS
09-05 22:18:19.797   973   973 W PackageManager: Permission com.google.android.googleapps.permission.GOOGLE_AUTH.health from package com.google.android.gsf in an unknown group android.permission-group.ACCOUNTS
09-05 22:18:19.797   973   973 W PackageManager: Permission com.google.android.googleapps.permission.GOOGLE_AUTH.jotspot from package com.google.android.gsf in an unknown group android.permission-group.ACCOUNTS
09-05 22:18:19.797   973   973 W PackageManager: Permission com.google.android.googleapps.permission.GOOGLE_AUTH.knol from package com.google.android.gsf in an unknown group android.permission-group.ACCOUNTS
09-05 22:18:19.797   973   973 W PackageManager: Permission com.google.android.googleapps.permission.GOOGLE_AUTH.news from package com.google.android.gsf in an unknown group android.permission-group.ACCOUNTS
09-05 22:18:19.797   973   973 W PackageManager: Permission com.google.android.googleapps.permission.GOOGLE_AUTH.orkut from package com.google.android.gsf in an unknown group android.permission-group.ACCOUNTS
09-05 22:18:19.797   973   973 W PackageManager: Permission com.google.android.googleapps.permission.GOOGLE_AUTH.print from package com.google.android.gsf in an unknown group android.permission-group.ACCOUNTS
09-05 22:18:19.797   973   973 W PackageManager: Permission com.google.android.googleapps.permission.GOOGLE_AUTH.sitemaps from package com.google.android.gsf in an unknown group android.permission-group.ACCOUNTS
09-05 22:18:19.797   973   973 W PackageManager: Permission com.google.android.googleapps.permission.GOOGLE_AUTH.wifi from package com.google.android.gsf in an unknown group android.permission-group.ACCOUNTS
09-05 22:18:19.797   973   973 W PackageManager: Permission com.google.android.googleapps.permission.GOOGLE_AUTH.finance from package com.google.android.gsf in an unknown group android.permission-group.ACCOUNTS
09-05 22:18:19.797   973   973 W PackageManager: Permission com.google.android.googleapps.permission.GOOGLE_AUTH.local from package com.google.android.gsf in an unknown group android.permission-group.ACCOUNTS
09-05 22:18:19.798   973   973 W PackageManager: Permission com.google.android.googleapps.permission.GOOGLE_AUTH.ah from package com.google.android.gsf in an unknown group android.permission-group.ACCOUNTS
09-05 22:18:19.798   973   973 W PackageManager: Permission com.google.android.googleapps.permission.GOOGLE_AUTH.notebook from package com.google.android.gsf in an unknown group android.permission-group.ACCOUNTS
09-05 22:18:19.798   973   973 W PackageManager: Permission com.google.android.googleapps.permission.GOOGLE_AUTH.writely from package com.google.android.gsf in an unknown group android.permission-group.ACCOUNTS
09-05 22:18:19.798   973   973 W PackageManager: Permission com.google.android.googleapps.permission.GOOGLE_AUTH.wise from package com.google.android.gsf in an unknown group android.permission-group.ACCOUNTS
09-05 22:18:19.798   973   973 W PackageManager: Permission com.google.android.googleapps.permission.GOOGLE_AUTH.grandcentral from package com.google.android.gsf in an unknown group android.permission-group.ACCOUNTS
09-05 22:18:19.798   973   973 W PackageManager: Permission com.google.android.googleapps.permission.GOOGLE_AUTH.speechpersonalization from package com.google.android.gsf in an unknown group android.permission-group.ACCOUNTS
09-05 22:18:19.798   973   973 W PackageManager: Permission com.google.android.googleapps.permission.GOOGLE_AUTH.speech from package com.google.android.gsf in an unknown group android.permission-group.ACCOUNTS
09-05 22:18:19.798   973   973 W PackageManager: Permission com.google.android.providers.talk.permission.READ_ONLY from package com.google.android.gsf in an unknown group android.permission-group.MESSAGES
09-05 22:18:19.798   973   973 W PackageManager: Permission com.google.android.providers.talk.permission.WRITE_ONLY from package com.google.android.gsf in an unknown group android.permission-group.MESSAGES
09-05 22:18:19.798   973   973 W PackageManager: Permission com.google.android.gtalkservice.permission.GTALK_SERVICE from package com.google.android.gsf in an unknown group android.permission-group.MESSAGES
09-05 22:18:19.798   973   973 W PackageManager: Permission com.google.android.gtalkservice.permission.SEND_HEARTBEAT from package com.google.android.gsf in an unknown group android.permission-group.NETWORK
09-05 22:18:19.798   973   973 W PackageManager: Permission com.google.android.permission.BROADCAST_DATA_MESSAGE from package com.google.android.gsf in an unknown group android.permission-group.NETWORK
09-05 22:18:19.798   973   973 W PackageManager: Permission com.google.android.c2dm.permission.SEND from package com.google.android.gsf in an unknown group android.permission-group.NETWORK
09-05 22:18:19.798   973   973 W PackageManager: Permission com.google.android.c2dm.permission.RECEIVE from package com.google.android.gsf in an unknown group android.permission-group.NETWORK
09-05 22:18:19.798   973   973 W PackageManager: Permission com.google.android.xmpp.permission.BROADCAST from package com.google.android.gsf in an unknown group android.permission-group.NETWORK
09-05 22:18:19.799   973   973 W PackageManager: Permission com.google.android.xmpp.permission.SEND_RECEIVE from package com.google.android.gsf in an unknown group android.permission-group.NETWORK
09-05 22:18:19.799   973   973 W PackageManager: Permission com.google.android.xmpp.permission.XMPP_ENDPOINT_BROADCAST from package com.google.android.gsf in an unknown group android.permission-group.NETWORK
09-05 22:18:19.799   973   973 W PackageManager: Permission com.google.android.xmpp.permission.USE_XMPP_ENDPOINT from package com.google.android.gsf in an unknown group android.permission-group.NETWORK
09-05 22:18:19.799   973   973 W PackageManager: Permission com.google.android.providers.gsf.permission.READ_GSERVICES from package com.google.android.gsf in an unknown group android.permission-group.ACCOUNTS
09-05 22:18:19.832   973   973 W PackageManager: Permission com.android.launcher.permission.INSTALL_SHORTCUT from package com.android.launcher3 in an unknown group android.permission-group.SYSTEM_TOOLS
09-05 22:18:19.832   973   973 W PackageManager: Permission com.android.launcher3.permission.READ_SETTINGS from package com.android.launcher3 in an unknown group android.permission-group.SYSTEM_TOOLS
09-05 22:18:19.832   973   973 W PackageManager: Permission com.android.launcher3.permission.WRITE_SETTINGS from package com.android.launcher3 in an unknown group android.permission-group.SYSTEM_TOOLS
09-05 22:18:20.304   973   973 W PackageManager: Permission com.android.vending.CHECK_LICENSE from package com.android.vending in an unknown group android.permission-group.NETWORK
09-05 22:18:20.304   973   973 W PackageManager: Permission com.android.vending.BILLING from package com.android.vending in an unknown group android.permission-group.NETWORK
09-05 22:18:20.671   973  1134 W PackageParser: Ignoring duplicate uses-permissions/uses-permissions-sdk-m: android.permission.USE_CREDENTIALS in package: com.android.settings at: Binary XML file line #55
09-05 22:18:20.671   973  1134 W PackageParser: Ignoring duplicate uses-permissions/uses-permissions-sdk-m: android.permission.READ_SYNC_SETTINGS in package: com.android.settings at: Binary XML file line #60
