roid.server.notification.EventConditionProvider},id=d5b4ecbd060f40969e5cc250c162f9f4,creationTime=1451917945810], 2416f490f1644d1e9a2e04fcd42111b8=ZenRule[enabled=false,snoozing=false,name=,zenMode=ZEN_MODE_ALARMS,conditionId=condition://android/schedule?days=6.7&start=23.30&end=10.0&exitAtAlarm=false,condition=Condition[id=condition://android/schedule?days=6.7&start=23.30&end=10.0&exitAtAlarm=false,summary=...,line1=...,line2=...,icon=0,state=STATE_FALSE,flags=2],component=ComponentInfo{android/com.android.server.notification.ScheduleConditionProvider},id=2416f490f1644d1e9a2e04fcd42111b
8,creationTime=1451917945809]},manualRule=null],Diff[]
01-04 22:36:05.675  3161  3161 D ZenLog  : set_zen_mode: off,onSystemReady
01-04 22:36:05.677  3161  3708 D Ethernet: got request NetworkRequest [ id=1, legacyType=-1, [ Capabilities: INTERNET&NOT_RESTRICTED&TRUSTED&NOT_VPN] ] with score 0
01-04 22:36:05.682  1945  1945 D PermissionCache: checking android.permission.CAPTURE_AUDIO_HOTWORD for uid=1000 => granted (747 us)
01-04 22:36:05.683  3161  3161 W SoundTriggerHelper: listModules status=0, # of modules=0
01-04 22:36:05.683  3161  3161 D ContextHubSystemService: onBootPhase: PHASE_SYSTEM_SERVICES_READY
01-04 22:36:05.741  3161  3264 W KeyguardServiceDelegate: onScreenTurningOn(): no keyguard service!
01-04 22:36:05.752  3161  3161 V UserManagerService: Found /data/user_de/0 with serial number 0
01-04 22:36:05.753  3161  3161 V UserManagerService: Found /data/user/0 with serial number 0
01-04 22:36:05.753  3161  3161 V UserManagerService: Found /data/system_de/0 with serial number 0
01-04 22:36:05.753  3161  3161 V UserManagerService: Found /data/system_ce/0 with serial number 0
01-04 22:36:05.767  1560  3712 I [Gralloc]: ion_alloc from ion_client:18 via heap type DMA(mask:16) for 4096000 Bytes cached buffer successfully, usage = 0x00000933
01-04 22:36:05.768  3161  3161 I ActivityManager: System now ready
01-04 22:36:05.784  3161  3161 I SystemServer: Making services ready
01-04 22:36:05.784  3161  3161 I SystemServiceManager: Starting phase 550
01-04 22:36:05.792  3161  3161 D BluetoothManagerService: Bluetooth boot completed
01-04 22:36:05.796  3161  3161 E InputMethodManagerService: Ignoring updateSystemUiLocked due to an invalid token. uid:1000 token:null
01-04 22:36:05.843  3161  3161 I Zygote  : Process: zygote socket opened, supported ABIS: arm64-v8a
01-04 22:36:05.866  3161  3161 I ActivityManager: Start proc 3725:com.android.inputmethod.latin/u0a41 for service com.android.inputmethod.latin/.LatinIME
01-04 22:36:05.867  3161  3161 V InputMethodManagerService: Adding window token: android.os.Binder@1705c45
01-04 22:36:05.868  3161  3593 D MountService: Thinking about init, mSystemReady=true, mDaemonConnected=true
01-04 22:36:05.868  3161  3593 D MountService: Setting up emulation state, initlocked=false
01-04 22:36:05.868  3161  3593 D CryptdConnector: SND -> {2 cryptfs unlock_user_key 0 0 ! !}
01-04 22:36:05.869  1517  1548 D vold    : e4crypt_unlock_user_key 0 serial=0 token_present=0
01-04 22:36:05.869  3161  3596 D CryptdConnector: RCV <- {200 2 Command succeeded}
01-04 22:36:05.870  3161  3593 D MountService: Thinking about reset, mSystemReady=true, mDaemonConnected=true
01-04 22:36:05.871  3161  3593 D VoldConnector: SND -> {3 volume reset}
01-04 22:36:05.871  3161  3595 D VoldConnector: RCV <- {651 emulated 7}
01-04 22:36:05.872  3161  3595 D VoldConnector: RCV <- {659 emulated}
01-04 22:36:05.872  3161  3595 D VoldConnector: RCV <- {650 emulated 2 "" ""}
01-04 22:36:05.872  3161  3595 D VoldConnector: RCV <- {651 emulated 0}
01-04 22:36:05.873  3161  3595 D VoldConnector: RCV <- {200 3 Command succeeded}
01-04 22:36:05.875  3161  3259 V MountService: Found primary storage at VolumeInfo{emulated}:
01-04 22:36:05.875  3161  3259 V MountService:     type=EMULATED diskId=null partGuid=null mountFlags=0 mountUserId=-1
01-04 22:36:05.875  3161  3259 V MountService:     state=UNMOUNTED
01-04 22:36:05.875  3161  3259 V MountService:     fsType=null fsUuid=null fsLabel=null
01-04 22:36:05.875  3161  3259 V MountService:     path=null internalPath=null
01-04 22:36:05.875  3161  3231 I ActivityManager: Force stopping com.android.providers.media appid=10007 user=-1: vold reset
01-04 22:36:05.878  3161  3161 E BitmapFactory: Unable to decode stream: java.io.FileNotFoundException: /data/system/users/0/wallpaper_orig (No such file or directory)
01-04 22:36:05.878  3161  3161 E WallpaperManagerService: Invalid wallpaper data
01-04 22:36:05.878  3161  3161 E WallpaperManagerService: Unable to apply new wallpaper
01-04 22:36:05.879  3161  3593 D VoldConnector: SND -> {4 volume user_added 0 0}
01-04 22:36:05.880  3161  3595 D VoldConnector: RCV <- {200 4 Command succeeded}
01-04 22:36:05.886  3161  3593 D VoldConnector: SND -> {5 volume mount emulated 3 -1}
01-04 22:36:05.890  1517  1547 V vold    : Waiting for FUSE to spin up...
01-04 22:36:05.890  3161  3595 D VoldConnector: RCV <- {651 emulated 1}
01-04 22:36:05.890  3161  3595 D VoldConnector: RCV <- {656 emulated /data/media}
01-04 22:36:05.891  3161  3595 D VoldConnector: RCV <- {655 emulated /storage/emulated}
01-04 22:36:05.931  3161  3161 I ActivityManager: Start proc 3734:com.android.systemui/u0a20 for service com.android.systemui/.ImageWallpaper
01-04 22:36:05.934  1945  2206 V audio_hw_primary: adev_set_parameters, A2dpSuspended=false
01-04 22:36:05.935  3161  3161 D UsbAlsaManager: Adding ALSA device AlsaDevice: [card: 1, device: 0, type: 1]
01-04 22:36:05.935  3161  3161 D UsbAlsaManager: Adding ALSA device AlsaDevice: [card: 0, device: 3, type: 1]
01-04 22:36:05.935  3161  3161 D UsbAlsaManager: Adding ALSA device AlsaDevice: [card: 0, device: 2, type: 1]
01-04 22:36:05.935  3161  3161 D UsbAlsaManager: Adding ALSA device AlsaDevice: [card: 0, device: 3, type: 2]
01-04 22:36:05.935  3161  3161 D UsbAlsaManager: Adding ALSA device AlsaDevice: [card: 0, device: 1, type: 1]
01-04 22:36:05.935  3161  3161 D UsbAlsaManager: Adding ALSA device AlsaDevice: [card: 0, device: 2, type: 2]
01-04 22:36:05.935  3161  3161 D UsbAlsaManager: Adding ALSA device AlsaDevice: [card: 0, device: 0, type: 1]
01-04 22:36:05.935  3161  3161 D UsbAlsaManager: Adding ALSA device AlsaDevice: [card: 0, device: 1, type: 2]
01-04 22:36:05.935  3161  3161 D UsbAlsaManager: Adding ALSA device AlsaDevice: [card: 0, device: 0, type: 2]
01-04 22:36:05.937  3161  3260 D BluetoothManagerService: Message: 20
01-04 22:36:05.937  3161  3260 D BluetoothManagerService: Added callback: android.bluetooth.BluetoothAdapter$1@b3a5df9:true
01-04 22:36:05.941  1517  1547 V vold    : Waiting for FUSE to spin up...
01-04 22:36:05.945  3161  3161 I SystemServer: WebViewFactory preparation
01-04 22:36:05.950  3161  3673 D BluetoothManagerService: Trying to bind to profile: 1, while Bluetooth was disabled
01-04 22:36:05.951  3161  3260 D BluetoothManagerService: Message: 30
01-04 22:36:05.952  3161  3260 D BluetoothManagerService: Message: 30
01-04 22:36:05.956  1945  1945 I AudioFlinger: systemReady
01-04 22:36:05.966  3161  3161 D WebViewFactory: Setting new address space to 116381696
01-04 22:36:05.972  3732  3732 W sdcard  : Device explicitly disabled sdcardfs
01-04 22:36:05.991  1517  1547 V vold    : Waiting for FUSE to spin up...
01-04 22:36:05.992  3161  3161 I Zygote  : Process: zygote socket opened, supported ABIS: armeabi-v7a,armeabi
01-04 22:36:06.009  1941  1941 I art     : Starting a blocking GC Background
01-04 22:36:06.042  1517  1547 V vold    : Waiting for FUSE to spin up...
01-04 22:36:06.059  3161  3758 E WVMExtractor: Failed to open libwvm.so: dlopen failed: library "libwvm.so" not found
01-04 22:36:06.092  1517  1547 V vold    : Waiting for FUSE to spin up...
01-04 22:36:06.097  1948  1948 I MediaPlayerService: MediaPlayerService::getOMX
01-04 22:36:06.099  1948  1948 I OMXClient: MuxOMX ctor
01-04 22:36:06.105  1948  1948 I MediaPlayerService: MediaPlayerService::getOMX
01-04 22:36:06.106  1948  1948 I OMXClient: MuxOMX ctor
01-04 22:36:06.106  2273  2273 I OMXMaster: makeComponentInstance(OMX.google.mp3.decoder) in mediacodec process
01-04 22:36:06.143  3161  3595 D VoldConnector: RCV <- {651 emulated 2}
01-04 22:36:06.144  3161  3595 D VoldConnector: RCV <- {200 5 Command succeeded}
01-04 22:36:06.225  3161  3161 W ActivityManager: Slow operation: 234ms so far, now at startProcess: returned from zygote!
01-04 22:36:06.225  3161  3161 W ActivityManager: Slow operation: 234ms so far, now at startProcess: done updating battery stats
01-04 22:36:06.225  3161  3161 W ActivityManager: Slow operation: 234ms so far, now at startProcess: building log message
01-04 22:36:06.225  3161  3161 I ActivityManager: Start proc 3789:WebViewLoader-armeabi-v7a/1037 [android.webkit.WebViewFactory$RelroFileCreator] for
01-04 22:36:06.225  3161  3161 W ActivityManager: Slow operation: 234ms so far, now at startProcess: starting to update pids map
01-04 22:36:06.225  3161  3161 W ActivityManager: Slow operation: 234ms so far, now at startProcess: done updating pids map
01-04 22:36:06.225  3161  3161 W ActivityManager: Slow operation: 235ms so far, now at startProcess: done starting proc!
01-04 22:36:06.225  3161  3232 W art     : Long monitor contention with owner main (3161) at int com.android.server.am.ActivityManagerService.startIsolatedProcess(java.lang.String, java.lang.String[], java.lang.String, java.lang.String, int, java.lang.Runnable)(ActivityManagerService.java:3454) waiters=0 in void com.android.server.am.ActivityManagerService.dispatchUidsChanged() for 235ms
01-04 22:36:06.232  3161  3183 W art     : Long monitor contention with owner main (3161) at int com.android.server.am.ActivityManagerService.startIsolatedProcess(java.lang.String, java.lang.String[], java.lang.String, java.lang.String, int, java.lang.Runnable)(ActivityManagerService.java:3454) waiters=2 in void com.android.server.am.ActivityManagerService.attachApplication(android.app.IApplicationThread) for 194ms
01-04 22:36:06.293  3161  3161 W ActivityManager: Slow operation: 57ms so far, now at startProcess: returned from zygote!
01-04 22:36:06.294  3161  3161 W ActivityManager: Slow operation: 57ms so far, now at startProcess: done updating battery stats
01-04 22:36:06.294  3161  3161 W ActivityManager: Slow operation: 57ms so far, now at startProcess: building log message
01-04 22:36:06.294  3161  3161 I ActivityManager: Start proc 3797:WebViewLoader-arm64-v8a/1037 [android.webkit.WebViewFactory$RelroFileCreator] for
01-04 22:36:06.294  3161  3161 W ActivityManager: Slow operation: 57ms so far, now at startProcess: starting to update pids map
01-04 22:36:06.294  3161  3161 W ActivityManager: Slow operation: 57ms so far, now at startProcess: done updating pids map
01-04 22:36:06.294  3161  3161 W ActivityManager: Slow operation: 57ms so far, now at startProcess: done starting proc!
01-04 22:36:06.297  3161  3161 D NetworkManagement: enabling bandwidth control
01-04 22:36:06.330  3734  3734 W System  : ClassLoader referenced unknown path: /system/priv-app/SystemUI/lib/arm64
01-04 22:36:06.357  3797  3797 V WebViewFactory: RelroFileCreator (64bit = true),  32-bit lib: /system/app/webview/webview.apk!/lib/armeabi-v7a/libwebviewchromium.so, 64-bit lib: /system/app/webview/webview.apk!/lib/arm64-v8a/libwebviewchromium.so
01-04 22:36:06.367  1948  1948 I MediaPlayerService: MediaPlayerService::getOMX
01-04 22:36:06.367  1948  1948 I OMXClient: MuxOMX ctor
01-04 22:36:06.367  2273  2273 I OMXMaster: makeComponentInstance(OMX.google.amrnb.decoder) in mediacodec process
01-04 22:36:06.400  1948  1948 I MediaPlayerService: MediaPlayerService::getOMX
01-04 22:36:06.401  1948  1948 I OMXClient: MuxOMX ctor
01-04 22:36:06.401  2273  2438 I OMXMaster: makeComponentInstance(OMX.google.amrwb.decoder) in mediacodec process
01-04 22:36:06.406  3789  3789 V WebViewFactory: RelroFileCreator (64bit = false),  32-bit lib: /system/app/webview/webview.apk!/lib/armeabi-v7a/libwebviewchromium.so, 64-bit lib: /system/app/webview/webview.apk!/lib/arm64-v8a/libwebviewchromium.so
01-04 22:36:06.413  1948  1948 I MediaPlayerService: MediaPlayerService::getOMX
01-04 22:36:06.414  1948  1948 I OMXClient: MuxOMX ctor
01-04 22:36:06.414  2273  3823 I OMXMaster: makeComponentInstance(OMX.google.aac.decoder) in mediacodec process
01-04 22:36:06.509  3161  3161 W NetworkManagement: setDataSaverMode(): already false
01-04 22:36:06.559  1948  1948 I MediaPlayerService: MediaPlayerService::getOMX
01-04 22:36:06.560  1948  1948 I OMXClient: MuxOMX ctor
01-04 22:36:06.560  2273  2273 I OMXMaster: makeComponentInstance(OMX.google.g711.alaw.decoder) in mediacodec process
01-04 22:36:06.697  3161  3161 I NetworkPolicy: adding default package com.android.providers.downloads (uid 10007 for user 0) to restrict background whitelist
01-04 22:36:06.713  1948  1948 I MediaPlayerService: MediaPlayerService::getOMX
01-04 22:36:06.714  1948  1948 I OMXClient: MuxOMX ctor
01-04 22:36:06.715  2273  2273 I OMXMaster: makeComponentInstance(OMX.google.g711.mlaw.decoder) in mediacodec process
01-04 22:36:06.741  3161  3232 W WindowManager: Keyguard drawn timeout. Setting mKeyguardDrawComplete
01-04 22:36:06.813  1948  1948 I MediaPlayerService: MediaPlayerService::getOMX
01-04 22:36:06.814  1948  1948 I OMXClient: MuxOMX ctor
01-04 22:36:06.814  2273  2273 I OMXMaster: makeComponentInstance(OMX.google.vorbis.decoder) in mediacodec process
01-04 22:36:06.871  3161  3161 D NetworkPolicy: setRestrictBackgroundLocked(): false
01-04 22:36:06.872  3161  3161 W NetworkManagement: setDataSaverMode(): already false
01-04 22:36:06.982  1948  1948 I MediaPlayerService: MediaPlayerService::getOMX
01-04 22:36:06.983  1948  1948 I OMXClient: MuxOMX ctor
01-04 22:36:06.984  2273  2273 I OMXMaster: makeComponentInstance(OMX.google.opus.decoder) in mediacodec process
01-04 22:36:07.192  3161  3161 I SystemServiceManager: Starting phase 600
01-04 22:36:07.205  1948  1948 I MediaPlayerService: MediaPlayerService::getOMX
01-04 22:36:07.206  1948  1948 I OMXClient: MuxOMX ctor
01-04 22:36:07.206  2273  2273 I OMXMaster: makeComponentInstance(OMX.google.raw.decoder) in mediacodec process
01-04 22:36:07.224  3161  3161 D SensorNotificationService: Cannot obtain dynamic meta sensor, not supported.
01-04 22:36:07.238  3161  3161 W LocationProviderProxy-network: Odd, no component found for service com.android.location.service.v3.NetworkLocationProvider
01-04 22:36:07.248  3161  3161 W GeocoderProxy: Odd, no component found for service com.android.location.service.GeocodeProvider
01-04 22:36:07.254  3161  3161 E FlpHardwareProvider: Error hw_get_module 'flp': -2
01-04 22:36:07.254  3161  3161 D LocationManagerService: FLP HAL not supported
01-04 22:36:07.259  3161  3161 W GeofenceProxy: Odd, no component found for service com.android.location.service.GeofenceProvider
01-04 22:36:07.265  3161  3161 E ActivityRecognitionHardware: Error hw_get_module: -2
01-04 22:36:07.265  3161  3161 D LocationManagerService: Hardware Activity-Recognition not supported.
01-04 22:36:07.267  3161  3161 W ActivityRecognitionProxy: Odd, no component found for service com.android.location.service.ActivityRecognitionProvider
01-04 22:36:07.301  1948  1948 I MediaPlayerService: MediaPlayerService::getOMX
01-04 22:36:07.302  1948  1948 I OMXClient: MuxOMX ctor
01-04 22:36:07.302  2273  2438 I OMXMaster: makeComponentInstance(OMX.google.aac.encoder) in mediacodec process
01-04 22:36:07.309  3161  3161 I CommonTimeManagementService: No common time service detected on this platform.  Common time services will be unavailable.
01-04 22:36:07.311  3161  3579 I InputReader: Hekang Reconfiguring input devices. loopOnce changes=0x00000020
01-04 22:36:07.312  3161  3579 I InputReader: Hekang Reconfiguring input devices.  changes=0x00000020
01-04 22:36:07.312  3161  3579 I InputReader: Reconfiguring input devices.  changes=0x00000020
01-04 22:36:07.327  3161  3579 I InputReader: Hekang Reconfiguring input devices. loopOnce changes=0x00000010
01-04 22:36:07.327  3161  3579 I InputReader: Hekang Reconfiguring input devices.  changes=0x00000010
01-04 22:36:07.327  3161  3579 I InputReader: Reconfiguring input devices.  changes=0x00000010
01-04 22:36:07.342  3789  3789 I art     : System.exit called, status: 0
01-04 22:36:07.342  3789  3789 I AndroidRuntime: VM exiting with result code 0, cleanup skipped.
01-04 22:36:07.354  3161  3161 I MmsServiceBroker: Delay connecting to MmsService until an API is called
01-04 22:36:07.369  3161  3161 W VoiceInteractionManagerService: no available voice interaction services found for user 0
01-04 22:36:07.369  3161  3161 W VoiceInteractionManagerService: no available voice recognition services found for user 0
01-04 22:36:07.414  3161  3161 I ActivityManager: Start proc 3946:com.android.phone/1001 for added application com.android.phone
01-04 22:36:07.415  3161  3161 I ActivityManager: START u0 {act=android.intent.action.MAIN cat=[android.intent.category.HOME] flg=0x10000100 cmp=com.android.settings/.FallbackHome} from uid 0 on display 0
01-04 22:36:07.422  3161  3173 I art     : Background sticky concurrent mark sweep GC freed 28634(1531KB) AllocSpace objects, 5(100KB) LOS objects, 24% free, 6MB/8MB, paused 2.265ms total 141.778ms
01-04 22:36:07.452  3161  3161 W System  : ClassLoader referenced unknown path:
01-04 22:36:07.453  3161  3161 W System  : ClassLoader referenced unknown path: /system/priv-app/Settings/lib/arm64
01-04 22:36:07.473  1948  1948 I MediaPlayerService: MediaPlayerService::getOMX
01-04 22:36:07.474  1948  1948 I OMXClient: MuxOMX ctor
01-04 22:36:07.474  2273  3823 I OMXMaster: makeComponentInstance(OMX.google.amrnb.encoder) in mediacodec process
01-04 22:36:07.483  3161  3161 I ActivityManager: Loaded persisted task ids for user 0
01-04 22:36:07.517  3725  3725 I LatinIME: Hardware accelerated drawing: true
01-04 22:36:07.531  3161  3161 I ActivityManager: Start proc 3970:com.android.settings/1000 for activity com.android.settings/.FallbackHome
01-04 22:36:07.547  3161  3229 W LocationProviderProxy-network: Odd, no component found for service com.android.location.service.v3.NetworkLocationProvider
01-04 22:36:07.548  3161  3229 W GeocoderProxy: Odd, no component found for service com.android.location.service.GeocodeProvider
01-04 22:36:07.548  3161  3229 W GeofenceProxy: Odd, no component found for service com.android.location.service.GeofenceProvider
01-04 22:36:07.548  3161  3229 W ActivityRecognitionProxy: Odd, no component found for service com.android.location.service.ActivityRecognitionProvider
01-04 22:36:07.560  3161  3161 W ContextImpl: Calling a method in the system process without a qualified user: android.app.ContextImpl.startService:1385 com.android.server.content.SyncManager$13.run:631 android.os.Handler.handleCallback:751 android.os.Handler.dispatchMessage:95 android.os.Looper.loop:154
01-04 22:36:07.602  1948  1948 I MediaPlayerService: MediaPlayerService::getOMX
01-04 22:36:07.603  1948  1948 I OMXClient: MuxOMX ctor
01-04 22:36:07.603  2273  3823 I OMXMaster: makeComponentInstance(OMX.google.amrwb.encoder) in mediacodec process
01-04 22:36:07.607  3161  3161 D ConditionProviders.SCP: onConnected
01-04 22:36:07.607  3161  3161 D ZenLog  : set_zen_mode: off,readXml
01-04 22:36:07.625  1948  1948 I MediaPlayerService: MediaPlayerService::getOMX
01-04 22:36:07.625  1948  1948 I OMXClient: MuxOMX ctor
01-04 22:36:07.626  2273  3823 I OMXMaster: makeComponentInstance(OMX.google.flac.encoder) in mediacodec process
01-04 22:36:07.628  3161  3161 D ConditionProviders: Subscribing to condition://android/schedule?days=1.2.3.4.5&start=22.0&end=7.0&exitAtAlarm=false with ComponentInfo{android/com.android.server.notification.ScheduleConditionProvider}
01-04 22:36:07.629  3161  3161 D ZenLog  : subscribe: condition://android/schedule?days=1.2.3.4.5&start=22.0&end=7.0&exitAtAlarm=false,ok
01-04 22:36:07.629  3161  3161 D ConditionProviders: Subscribing to condition://android/event?userId=-10000&calendar=&reply=1 with ComponentInfo{android/com.android.server.notification.EventConditionProvider}
01-04 22:36:07.629  3161  3161 D ZenLog  : subscribe: condition://android/event?userId=-10000&calendar=&reply=1,ok
01-04 22:36:07.629  3161  3161 D ConditionProviders: Subscribing to condition://android/schedule?days=6.7&start=23.30&end=10.0&exitAtAlarm=false with ComponentInfo{android/com.android.server.notification.ScheduleConditionProvider}
01-04 22:36:07.629  3161  3161 D ZenLog  : subscribe: condition://android/schedule?days=6.7&start=23.30&end=10.0&exitAtAlarm=false,ok
01-04 22:36:07.635  3734  3734 V SystemUIService: Starting SystemUI services for user 0.
01-04 22:36:07.678  1560  1573 D PermissionCache: checking android.permission.READ_FRAME_BUFFER for uid=1000 => granted (1798 us)
01-04 22:36:07.684  3946  3946 W System  : ClassLoader referenced unknown path: /system/priv-app/TeleService/lib/arm64
01-04 22:36:07.691  1560  1573 I [Gralloc]: ion_alloc from ion_client:18 via heap type DMA(mask:16) for 4096000 Bytes cached buffer successfully, usage = 0x00000b33
01-04 22:36:07.740  3161  3653 I WifiScanningService: wifi driver unloaded
01-04 22:36:07.741  3161  3161 D RttService: SCAN_AVAILABLE : 1
01-04 22:36:07.742  3161  3161 D ZenLog  : set_zen_mode: off,cleanUpZenRules
01-04 22:36:07.746  3161  3655 D RttService: DefaultState got{ when=0 what=160513 target=com.android.internal.util.StateMachine$SmHandler }
01-04 22:36:07.765  3797  3797 I art     : System.exit called, status: 0
01-04 22:36:07.765  3797  3797 I AndroidRuntime: VM exiting with result code 0, cleanup skipped.
01-04 22:36:07.841  3970  3970 W System  : ClassLoader referenced unknown path: /system/priv-app/Settings/lib/arm64
01-04 22:36:07.856  3161  3161 W System  : ClassLoader referenced unknown path: /system/priv-app/Telecom/lib/arm64
01-04 22:36:07.945  1948  1948 I MediaPlayerService: MediaPlayerService::getOMX
01-04 22:36:07.945  1948  1948 I OMXClient: MuxOMX ctor
01-04 22:36:07.945  2273  3823 I OMXMaster: makeComponentInstance(OMX.google.gsm.decoder) in mediacodec process
01-04 22:36:07.986  3946  3946 W System  : ClassLoader referenced unknown path: /system/priv-app/TelephonyProvider/lib/arm64
01-04 22:36:08.010  3734  3734 V MediaRouter: Adding route: RouteInfo{ name=, description=null, status=null, category=RouteCategory{ name=null types=ROUTE_TYPE_LIVE_AUDIO ROUTE_TYPE_LIVE_VIDEO  groupable=false }, supportedTypes=ROUTE_TYPE_LIVE_AUDIO ROUTE_TYPE_LIVE_VIDEO , presentationDisplay=null }
01-04 22:36:08.018  3734  3734 V MediaRouter: Updating audio routes: AudioRoutesInfo{ type=SPEAKER }
01-04 22:36:08.032  3734  3734 V MediaRouter: Selecting route: RouteInfo{ name=, description=null, status=null, category=RouteCategory{ name=null types=ROUTE_TYPE_LIVE_AUDIO ROUTE_TYPE_LIVE_VIDEO  groupable=false }, supportedTypes=ROUTE_TYPE_LIVE_AUDIO ROUTE_TYPE_LIVE_VIDEO , presentationDisplay=null }
01-04 22:36:08.088  1948  1948 I MediaPlayerService: MediaPlayerService::getOMX
01-04 22:36:08.090  1948  1948 I OMXClient: MuxOMX ctor
01-04 22:36:08.090  2273  3823 I OMXMaster: makeComponentInstance(OMX.allwinner.video.decoder.avc) in mediacodec process
01-04 22:36:08.090  2273  3823 E OMX     : FAILED to allocate omx component 'OMX.allwinner.video.decoder.avc' err=InvalidComponentName(0x80001002)
01-04 22:36:08.092  1948  1948 I MediaPlayerService: MediaPlayerService::getOMX
01-04 22:36:08.092  1948  1948 I OMXClient: MuxOMX ctor
01-04 22:36:08.093  2273  2438 I OMXMaster: makeComponentInstance(OMX.allwinner.video.decoder.avc.secure) in mediacodec process
01-04 22:36:08.093  2273  2438 E OMX     : FAILED to allocate omx component 'OMX.allwinner.video.decoder.avc.secure' err=InvalidComponentName(0x80001002)
01-04 22:36:08.094  1948  1948 I MediaPlayerService: MediaPlayerService::getOMX
01-04 22:36:08.095  1948  1948 I OMXClient: MuxOMX ctor
01-04 22:36:08.097  2273  2273 I OMXMaster: makeComponentInstance(OMX.allwinner.video.decoder.hevc) in mediacodec process
01-04 22:36:08.098  2273  2273 E OMX     : FAILED to allocate omx component 'OMX.allwinner.video.decoder.hevc' err=InvalidComponentName(0x80001002)
01-04 22:36:08.110  3725  3725 W InputAttributes: No editor info for this field. Bug?
01-04 22:36:08.120  1948  1948 I MediaPlayerService: MediaPlayerService::getOMX
01-04 22:36:08.121  1948  1948 I OMXClient: MuxOMX ctor
01-04 22:36:08.121  2273  3823 I OMXMaster: makeComponentInstance(OMX.allwinner.video.decoder.mpeg2) in mediacodec process
01-04 22:36:08.121  2273  3823 E OMX     : FAILED to allocate omx component 'OMX.allwinner.video.decoder.mpeg2' err=InvalidComponentName(0x80001002)
01-04 22:36:08.123  1948  1948 I MediaPlayerService: MediaPlayerService::getOMX
01-04 22:36:08.133  1948  1948 I OMXClient: MuxOMX ctor
01-04 22:36:08.133  2273  2438 I OMXMaster: makeComponentInstance(OMX.allwinner.video.decoder.mpeg4) in mediacodec process
01-04 22:36:08.133  2273  2438 E OMX     : FAILED to allocate omx component 'OMX.allwinner.video.decoder.mpeg4' err=InvalidComponentName(0x80001002)
01-04 22:36:08.134  1948  1948 I MediaPlayerService: MediaPlayerService::getOMX
01-04 22:36:08.135  1948  1948 I OMXClient: MuxOMX ctor
01-04 22:36:08.136  2273  2273 I OMXMaster: makeComponentInstance(OMX.allwinner.video.decoder.h263) in mediacodec process
01-04 22:36:08.136  2273  2273 E OMX     : FAILED to allocate omx component 'OMX.allwinner.video.decoder.h263' err=InvalidComponentName(0x80001002)
01-04 22:36:08.138  1948  1948 I MediaPlayerService: MediaPlayerService::getOMX
01-04 22:36:08.147  1948  1948 I OMXClient: MuxOMX ctor
01-04 22:36:08.147  2273  3823 I OMXMaster: makeComponentInstance(OMX.allwinner.video.decoder.vp8) in mediacodec process
01-04 22:36:08.148  2273  3823 E OMX     : FAILED to allocate omx component 'OMX.allwinner.video.decoder.vp8' err=InvalidComponentName(0x80001002)
01-04 22:36:08.161  3734  3734 V FingerprintManager: FingerprintManagerService was null
01-04 22:36:08.164  3734  3734 W FingerprintManager: isFingerprintHardwareDetected(): Service not connected!
01-04 22:36:08.164  3734  3734 W FingerprintManager: addLockoutResetCallback(): Service not connected!
01-04 22:36:08.173  1948  1948 I MediaPlayerService: MediaPlayerService::getOMX
01-04 22:36:08.174  1948  1948 I OMXClient: MuxOMX ctor
01-04 22:36:08.174  2273  2438 I OMXMaster: makeComponentInstance(OMX.allwinner.video.encoder.avc) in mediacodec process
01-04 22:36:08.174  2273  2438 E OMX     : FAILED to allocate omx component 'OMX.allwinner.video.encoder.avc' err=InvalidComponentName(0x80001002)
01-04 22:36:08.191  1948  1948 I MediaPlayerService: MediaPlayerService::getOMX
01-04 22:36:08.192  1948  1948 I OMXClient: MuxOMX ctor
01-04 22:36:08.193  2273  2273 I OMXMaster: makeComponentInstance(OMX.google.mpeg4.decoder) in mediacodec process
01-04 22:36:08.238  3725  4040 I LatinIME:LogUtils: Dictionary info: dictionary = userunigram.en_US ; version = 1451918168 ; date = ?
01-04 22:36:08.245  3725  4040 E ActivityThread: Failed to find provider info for user_dictionary
01-04 22:36:08.248  3725  4040 I LatinIME:LogUtils: Dictionary info: dictionary = UserHistoryDictionary.en_US ; version = 1451918168 ; date = ?
01-04 22:36:08.322  3734  4049 E WVMExtractor: Failed to open libwvm.so: dlopen failed: library "libwvm.so" not found
01-04 22:36:08.335  3161  3161 D BluetoothManagerService: Trying to bind to profile: 1, while Bluetooth was disabled
01-04 22:36:08.336  3161  3260 D BluetoothManagerService: Message: 30
01-04 22:36:08.363  3946  3946 D TelephonyProvider: dbh.onOpen: ok, queried table=siminfo
01-04 22:36:08.364  3946  3946 D TelephonyProvider: dbh.onOpen: ok, queried table=carriers
01-04 22:36:08.377  3161  3161 I Telecom : SystemStateProvider: Registering car mode receiver: android.content.IntentFilter@122cab4: TS.init@AAA
01-04 22:36:08.421  3161  4058 I Telecom : Telecom: Non-call EVENT: AUDIO_ROUTE, Entering state QuiescentEarpieceRoute
01-04 22:36:08.461  3161  4063 I Telecom : CallAudioModeStateMachine: Message received: null.: TS.init->CAMSM.pM_1@AAA_0
01-04 22:36:08.469  3161  4065 E ActivityThread: Failed to find provider info for call_log
01-04 22:36:08.479  3161  3260 D BluetoothManagerService: Message: 30
01-04 22:36:08.479  3161  3161 D BluetoothManagerService: Trying to bind to profile: 1, while Bluetooth was disabled
01-04 22:36:08.501  3161  3161 I Telecom : Class: TelecomSystem.INSTANCE being set
01-04 22:36:08.506  3161  3161 W ContextImpl: Calling a method in the system process without a qualified user: android.app.ContextImpl.startService:1385 android.content.ContextWrapper.startService:613 com.android.server.telecom.components.TelecomService.initializeTelecomSystem:155 com.android.server.telecom.components.TelecomService.onBind:56 android.app.ActivityThread.handleBindService:3189
01-04 22:36:08.589  2273  3823 E OMXNodeInstance: getExtensionIndex(8e1000f:google.mpeg4.decoder, OMX.google.android.index.configureVideoTunnelMode) ERROR: UnsupportedIndex(0x8000101a)
01-04 22:36:08.589  2273  2438 W OMXNodeInstance: [8e1000f:google.mpeg4.decoder] component does not support metadata mode; using fallback
01-04 22:36:08.600  3161  3161 W System  : ClassLoader referenced unknown path: /system/priv-app/FusedLocation/lib/arm64
01-04 22:36:08.623  1948  1948 I MediaPlayerService: MediaPlayerService::getOMX
01-04 22:36:08.627  1948  1948 I OMXClient: MuxOMX ctor
01-04 22:36:08.628  2273  2273 I OMXMaster: makeComponentInstance(OMX.google.h263.decoder) in mediacodec process
01-04 22:36:08.669  3970  4075 I OpenGLRenderer: Initialized EGL, version 1.4
01-04 22:36:08.669  3970  4075 D OpenGLRenderer: Swap behavior 1
01-04 22:36:08.676  1560  1575 I [Gralloc]: ion_alloc from ion_client:18 via heap type DMA(mask:16) for 4096000 Bytes uncached buffer successfully, usage = 0x00000900
01-04 22:36:08.680  1560  1575 I [Gralloc]: ion_alloc from ion_client:18 via heap type DMA(mask:16) for 4096000 Bytes uncached buffer successfully, usage = 0x00000900
01-04 22:36:08.685  1560  1575 I [Gralloc]: ion_alloc from ion_client:18 via heap type DMA(mask:16) for 4096000 Bytes uncached buffer successfully, usage = 0x00000900
01-04 22:36:08.713  1560  2464 I [Gralloc]: ion_alloc from ion_client:18 via heap type DMA(mask:16) for 4096000 Bytes uncached buffer successfully, usage = 0x00000f02
01-04 22:36:08.735  3161  3231 V KeyguardServiceDelegate: *** Keyguard started
01-04 22:36:08.736  3161  3231 D SensorBase: Could not open (write-only) SysFs attribute "enable" (Permission denied).
01-04 22:36:08.736  3161  3231 D SensorBase: Could not open (write-only) SysFs attribute "delay" (Permission denied).
01-04 22:36:08.737  3161  3231 W KeyguardServiceDelegate: onScreenTurningOn(): no keyguard service!
01-04 22:36:08.745  3161  3261 I ActivityManager: Displayed com.android.settings/.FallbackHome: +1s251ms
01-04 22:36:08.745  3161  3161 V WiredAccessoryManager: init()
01-04 22:36:08.750  3161  3261 I WindowManager: Screen frozen for +1s80ms due to AppWindowToken{3d809f4 token=Token{f0d0d06 ActivityRecord{4e84be1 u0 com.android.settings/.FallbackHome t0}}}
01-04 22:36:08.816  1560  1575 D PermissionCache: checking android.permission.HARDWARE_TEST for uid=1000 => granted (2674 us)
01-04 22:36:08.883  3161  3161 W VibratorService: Tried to stop vibrating but there is no vibrator device.
01-04 22:36:08.894  3161  3229 I SyncManager: Got SyncJobService instance.
01-04 22:36:08.941  3161  3161 D ConditionProviders.SCP: onSubscribe condition://android/schedule?days=1.2.3.4.5&start=22.0&end=7.0&exitAtAlarm=false
01-04 22:36:08.942  3161  3161 D ConditionProviders.SCP: setRegistered true
01-04 22:36:08.948  3161  3161 D ConditionProviders.SCP: notifyCondition condition://android/schedule?days=1.2.3.4.5&start=22.0&end=7.0&exitAtAlarm=false STATE_TRUE reason=meetsSchedule
01-04 22:36:08.950  3161  3161 D ConditionProviders.SCP: Scheduling evaluate for Tue Jan 05 07:00:00 GMT+08:00 2016 (1451948400000), in +8h23m51s53ms, now=Mon Jan 04 22:36:08 GMT+08:00 2016 (1451918168947)
01-04 22:36:08.955  3161  3667 E ActivityThread: Failed to find provider info for com.android.calendar
01-04 22:36:08.955  3161  3161 D ConditionProviders.SCP: onSubscribe condition://android/schedule?days=6.7&start=23.30&end=10.0&exitAtAlarm=false
01-04 22:36:08.958  3161  3667 E ActivityThread: Failed to find provider info for com.android.calendar
01-04 22:36:08.958  3161  3161 D ConditionProviders.SCP: notifyCondition condition://android/schedule?days=6.7&start=23.30&end=10.0&exitAtAlarm=false STATE_FALSE reason=!meetsSchedule
01-04 22:36:08.958  3161  3161 D ConditionProviders.SCP: notifyCondition condition://android/schedule?days=1.2.3.4.5&start=22.0&end=7.0&exitAtAlarm=false STATE_TRUE reason=meetsSchedule
01-04 22:36:08.975  3161  3161 D ConditionProviders.SCP: Scheduling evaluate for Mon Jan 04 23:30:00 GMT+08:00 2016 (1451921400000), in +53m51s44ms, now=Mon Jan 04 22:36:08 GMT+08:00 2016 (1451918168956)
01-04 22:36:08.988  3734  3734 I vol.Events: writeEvent collection_started
01-04 22:36:08.990  3161  3161 I Telecom : WiredHeadsetManager: ACTION_HEADSET_PLUG event, plugged in: false, : WHC.oADA@AAE
01-04 22:36:09.037  3161  3161 I ActivityManager: user 0 is still locked. Cannot load recents
01-04 22:36:09.056  3734  4110 I vol.Events: writeEvent external_ringer_mode_changed normal
01-04 22:36:09.059  3734  4110 I vol.Events: writeEvent internal_ringer_mode_changed normal
01-04 22:36:09.112  2273  2273 E OMXNodeInstance: getExtensionIndex(8e10010:google.h263.decoder, OMX.google.android.index.configureVideoTunnelMode) ERROR: UnsupportedIndex(0x8000101a)
01-04 22:36:09.112  2273  2438 W OMXNodeInstance: [8e10010:google.h263.decoder] component does not support metadata mode; using fallback
01-04 22:36:09.115  1948  1948 I MediaPlayerService: MediaPlayerService::getOMX
01-04 22:36:09.115  1948  1948 I OMXClient: MuxOMX ctor
01-04 22:36:09.116  2273  3823 I OMXMaster: makeComponentInstance(OMX.google.h264.decoder) in mediacodec process
01-04 22:36:09.123  3161  3161 I FusedLocation: engine started (com.android.location.fused)
01-04 22:36:09.393  1948  1948 W ACodec  : [OMX.google.h264.decoder] stopping checking profiles after 32: 2/8000
01-04 22:36:09.403  2273  2273 E OMXNodeInstance: getExtensionIndex(8e10011:google.h264.decoder, OMX.google.android.index.configureVideoTunnelMode) ERROR: UnsupportedIndex(0x8000101a)
01-04 22:36:09.403  2273  2438 W OMXNodeInstance: [8e10011:google.h264.decoder] component does not support metadata mode; using fallback
01-04 22:36:09.406  1948  1948 I MediaPlayerService: MediaPlayerService::getOMX
01-04 22:36:09.406  1948  1948 I OMXClient: MuxOMX ctor
01-04 22:36:09.406  2273  2438 I OMXMaster: makeComponentInstance(OMX.google.hevc.decoder) in mediacodec process
01-04 22:36:09.490  3946  3946 D PhoneSwitcherNetworkRequstListener: Registering NetworkFactory
01-04 22:36:09.491  3161  3657 D ConnectivityService: Got NetworkFactory Messenger for PhoneSwitcherNetworkRequstListener
01-04 22:36:09.531  3161  3657 D ConnectivityService: Got NetworkFactory Messenger for TelephonyNetworkFactory[0]
01-04 22:36:09.631  2273  2273 E OMXNodeInstance: getExtensionIndex(8e10012:google.hevc.decoder, OMX.google.android.index.configureVideoTunnelMode) ERROR: UnsupportedIndex(0x8000101a)
01-04 22:36:09.631  2273  2438 W OMXNodeInstance: [8e10012:google.hevc.decoder] component does not support metadata mode; using fallback
01-04 22:36:09.634  1948  1948 I MediaPlayerService: MediaPlayerService::getOMX
01-04 22:36:09.635  1948  1948 I OMXClient: MuxOMX ctor
01-04 22:36:09.635  2273  3823 I OMXMaster: makeComponentInstance(OMX.google.vp8.decoder) in mediacodec process
01-04 22:36:09.637  3161  3173 W art     : Suspending all threads took: 83.755ms
01-04 22:36:09.657  3734  4110 I vol.Events: writeEvent level_changed STREAM_ALARM 6
01-04 22:36:09.658  3734  4110 I vol.Events: writeEvent level_changed STREAM_BLUETOOTH_SCO 7
01-04 22:36:09.662  3734  4110 I vol.Events: writeEvent level_changed STREAM_MUSIC 11
01-04 22:36:09.677  3734  4110 I vol.Events: writeEvent level_changed STREAM_RING 5
01-04 22:36:09.678  3734  4110 I vol.Events: writeEvent level_changed STREAM_SYSTEM 5
01-04 22:36:09.682  3734  4110 I vol.Events: writeEvent level_changed STREAM_VOICE_CALL 4
01-04 22:36:09.716  3946  3946 D CarrierConfigLoader: CarrierConfigLoader has started
01-04 22:36:09.718  3161  3260 D BluetoothManagerService: Message: 20
01-04 22:36:09.718  3161  3260 D BluetoothManagerService: Added callback: android.bluetooth.IBluetoothManagerCallback$Stub$Proxy@eb28c7e:true
01-04 22:36:09.721  3161  3260 D BluetoothManagerService: Message: 30
01-04 22:36:09.721  3161  3676 D BluetoothManagerService: Trying to bind to profile: 1, while Bluetooth was disabled
01-04 22:36:09.737  3161  3232 W WindowManager: Keyguard drawn timeout. Setting mKeyguardDrawComplete
01-04 22:36:09.739  3161  3173 I art     : Background partial concurrent mark sweep GC freed 21933(1310KB) AllocSpace objects, 9(172KB) LOS objects, 33% free, 7MB/10MB, paused 87.631ms total 747.047ms
01-04 22:36:09.801  3946  3946 I Telephony: TtyManager: updateUiTtyMode -1 -> 0
01-04 22:36:09.892  3734  3734 D StorageNotification: Notifying about private volume: VolumeInfo{private}:
01-04 22:36:09.892  3734  3734 D StorageNotification:     type=PRIVATE diskId=null partGuid=null mountFlags=0 mountUserId=-1
01-04 22:36:09.892  3734  3734 D StorageNotification:     state=MOUNTED
01-04 22:36:09.892  3734  3734 D StorageNotification:     fsType=null fsUuid=null fsLabel=null
01-04 22:36:09.892  3734  3734 D StorageNotification:     path=/data internalPath=null
01-04 22:36:09.907  3946  3946 D PhoneSwitcherNetworkRequstListener: got request NetworkRequest [ id=1, legacyType=-1, [ Capabilities: INTERNET&NOT_RESTRICTED&TRUSTED&NOT_VPN] ] with score 0
01-04 22:36:09.916  3946  3946 D TelephonyDebugService: TelephonyDebugService()
01-04 22:36:09.918  3946  3946 D CarrierConfigLoader: mHandler: 12 phoneId: 0
01-04 22:36:09.937  3946  3946 E PhoneInterfaceManager: [PhoneIntfMgr] getIccId: No UICC
01-04 22:36:09.970  3161  3232 V KeyguardServiceDelegate: *** Keyguard connected (yay!)
01-04 22:36:09.976  3161  4004 I Telecom : PhoneAccountRegistrar: [ComponentInfo{com.android.phone/com.android.services.telephony.TelephonyConnectionService}, [e0184adedf913b076626646d3f52c3b49c39ad6d], UserHandle{0}(icon: Icon(typ=BITMAP size=25x32) -> Icon(typ=BITMAP size=25x32))]: TSI.rPA@AAM
01-04 22:36:09.980  3161  4004 I Telecom : : Sending phone-account registered intent as user: TSI.rPA@AAM
01-04 22:36:09.995  2273  2273 E OMXNodeInstance: getExtensionIndex(8e10013:google.vp8.decoder, OMX.google.android.index.configureVideoTunnelMode) ERROR: UnsupportedIndex(0x8000101a)
01-04 22:36:09.995  2273  2438 W OMXNodeInstance: [8e10013:google.vp8.decoder] component does not support metadata mode; using fallback
01-04 22:36:10.004  1948  1948 I MediaPlayerService: MediaPlayerService::getOMX
01-04 22:36:10.004  1948  1948 I OMXClient: MuxOMX ctor
01-04 22:36:10.005  2273  2273 I OMXMaster: makeComponentInstance(OMX.google.vp9.decoder) in mediacodec process
01-04 22:36:10.017  3946  3946 I Telephony: AccountEntry: Registered phoneAccount: [[ ] PhoneAccount: ComponentInfo{com.android.phone/com.android.services.telephony.TelephonyConnectionService}, [e0184adedf913b076626646d3f52c3b49c39ad6d], UserHandle{0} Capabilities: CallProvider MultiUser PlaceEmerg SimSub  Schemes: tel voicemail  Extras: null] with handle: ComponentInfo{com.android.phone/com.android.services.telephony.TelephonyConnectionService}, [e0184adedf913b076626646d3f52c3b49c39ad6d], UserHandle{0}
01-04 22:36:10.032  3946  3946 I Telephony: PstnIncomingCallNotifier: Registering: Handler (com.android.internal.telephony.GsmCdmaPhone) {cbef7ab}
01-04 22:36:10.047  1560  1573 I SurfaceFlinger: Boot is finished (31306 ms)
01-04 22:36:10.142  3161  3183 I StatusBarManagerService: registerStatusBar bar=com.android.internal.statusbar.IStatusBar$Stub$Proxy@d8b21d5
01-04 22:36:10.194  2273  3823 E OMXNodeInstance: getExtensionIndex(8e10014:google.vp9.decoder, OMX.google.android.index.configureVideoTunnelMode) ERROR: UnsupportedIndex(0x8000101a)
01-04 22:36:10.194  2273  2438 W OMXNodeInstance: [8e10014:google.vp9.decoder] component does not support metadata mode; using fallback
01-04 22:36:10.206  1948  1948 I MediaPlayerService: MediaPlayerService::getOMX
01-04 22:36:10.206  1948  1948 I OMXClient: MuxOMX ctor
01-04 22:36:10.206  2273  2273 I OMXMaster: makeComponentInstance(OMX.google.h263.encoder) in mediacodec process
01-04 22:36:10.375  2273  2273 I SoftMPEG4Encoder: Construct SoftMPEG4Encoder
01-04 22:36:10.379  1948  1948 W ACodec  : do not know color format 0x7f000789 = 2130708361
01-04 22:36:10.379  2273  3823 E OMXNodeInstance: getConfig(8e10015:google.h263.encoder, ConfigAndroidIntraRefresh(0x6f60000a)) ERROR: Undefined(0x80001001)
01-04 22:36:10.437  1948  1948 I MediaPlayerService: MediaPlayerService::getOMX
01-04 22:36:10.438  1948  1948 I OMXClient: MuxOMX ctor
01-04 22:36:10.438  2273  2273 I OMXMaster: makeComponentInstance(OMX.google.h264.encoder) in mediacodec process
01-04 22:36:10.594  1948  1948 W ACodec  : do not know color format 0x7f000789 = 2130708361
01-04 22:36:10.604  1948  1948 I MediaPlayerService: MediaPlayerService::getOMX
01-04 22:36:10.604  1948  1948 I OMXClient: MuxOMX ctor
01-04 22:36:10.604  2273  2273 I OMXMaster: makeComponentInstance(OMX.google.mpeg4.encoder) in mediacodec process
01-04 22:36:10.705  2273  2273 I SoftMPEG4Encoder: Construct SoftMPEG4Encoder
01-04 22:36:10.707  1948  1948 W ACodec  : do not know color format 0x7f000789 = 2130708361
01-04 22:36:10.708  2273  2438 E OMXNodeInstance: getConfig(8e10017:google.mpeg4.encoder, ConfigAndroidIntraRefresh(0x6f60000a)) ERROR: Undefined(0x80001001)
01-04 22:36:10.711  1948  1948 I MediaPlayerService: MediaPlayerService::getOMX
01-04 22:36:10.711  1948  1948 I OMXClient: MuxOMX ctor
01-04 22:36:10.712  2273  2273 I OMXMaster: makeComponentInstance(OMX.google.vp8.encoder) in mediacodec process
01-04 22:36:10.720  3734  4194 I art     : Starting a blocking GC Alloc
01-04 22:36:10.720  3734  4194 I art     : Starting a blocking GC Alloc
01-04 22:36:10.766  3161  3261 I art     : Starting a blocking GC Explicit
01-04 22:36:10.947  1948  1948 W ACodec  : do not know color format 0x7f000789 = 2130708361
01-04 22:36:10.948  2273  3823 E OMXNodeInstance: getConfig(8e10018:google.vp8.encoder, ConfigAndroidIntraRefresh(0x6f60000a)) ERROR: Undefined(0x80001001)
01-04 22:36:10.960  1948  1948 I MediaPlayerService: MediaPlayerService::getOMX
01-04 22:36:10.960  1948  1948 I OMXClient: MuxOMX ctor
01-04 22:36:10.963  1948  1948 I MediaPlayerService: MediaPlayerService::getOMX
01-04 22:36:10.963  1948  1948 I OMXClient: MuxOMX ctor
01-04 22:36:10.964  1948  1948 W MediaCodecList: unable to open media codecs configuration xml file: /data/misc/media/media_codecs_profiling_results.xml
01-04 22:36:10.967  1948  4080 I MediaPlayerService: MediaPlayerService::getOMX
01-04 22:36:10.969  1948  2216 I MediaPlayerService: MediaPlayerService::getOMX
01-04 22:36:10.969  3734  4056 I OMXClient: MuxOMX ctor
01-04 22:36:10.972  3161  3777 I OMXClient: MuxOMX ctor
01-04 22:36:10.972  2273  2273 I OMXMaster: makeComponentInstance(OMX.google.vorbis.decoder) in mediacodec process
01-04 22:36:10.988  3161  3261 I art     : Explicit concurrent mark sweep GC freed 3202(237KB) AllocSpace objects, 2(40KB) LOS objects, 33% free, 6MB/10MB, paused 1.318ms total 220.820ms
01-04 22:36:11.085  2273  3823 I OMXMaster: makeComponentInstance(OMX.google.vorbis.decoder) in mediacodec process
01-04 22:36:11.242  1948  4269 I MediaPlayerService: MediaPlayerService::getOMX
01-04 22:36:11.242  3161  4289 I OMXClient: MuxOMX ctor
01-04 22:36:11.257  2273  4282 I OMXMaster: makeComponentInstance(OMX.google.vorbis.decoder) in mediacodec process
01-04 22:36:11.288  1948  4269 I MediaPlayerService: MediaPlayerService::getOMX
01-04 22:36:11.288  3734  4294 I OMXClient: MuxOMX ctor
01-04 22:36:11.382  2273  2438 I OMXMaster: makeComponentInstance(OMX.google.vorbis.decoder) in mediacodec process
01-04 22:36:11.543  3161  3260 D BluetoothManagerService: Message: 20
01-04 22:36:11.544  3161  3260 D BluetoothManagerService: Added callback: android.bluetooth.IBluetoothManagerCallback$Stub$Proxy@c192a45:true
01-04 22:36:11.575  3161  3260 D BluetoothManagerService: Message: 30
01-04 22:36:11.591  3161  3260 D BluetoothManagerService: Message: 30
01-04 22:36:11.594  3734  3734 D LocalBluetoothProfileManager: Adding local MAP profile
01-04 22:36:11.597  3734  3734 D BluetoothMap: Create BluetoothMap proxy object
01-04 22:36:11.597  3161  3260 D BluetoothManagerService: Message: 30
01-04 22:36:11.603  3161  3260 D BluetoothManagerService: Message: 30
01-04 22:36:11.607  3734  3734 D LocalBluetoothProfileManager: LocalBluetoothProfileManager construction complete
01-04 22:36:11.612  3946  4173 E ActivityThread: Failed to find provider info for com.android.contacts
01-04 22:36:11.612  3946  4173 W CallerInfoCache: cursor is null
01-04 22:36:11.613  1948  1948 I MediaPlayerService: MediaPlayerService::getOMX
01-04 22:36:11.614  3734  4321 I OMXClient: MuxOMX ctor
01-04 22:36:11.615  2273  3823 I OMXMaster: makeComponentInstance(OMX.google.vorbis.decoder) in mediacodec process
01-04 22:36:11.627  1948  4269 I MediaPlayerService: MediaPlayerService::getOMX
01-04 22:36:11.628  3161  4320 I OMXClient: MuxOMX ctor
01-04 22:36:11.691  3734  3734 I CameraManagerGlobal: Connecting to camera service
01-04 22:36:11.693  1947  2087 E CameraService: getCameraVendorTagDescriptor: camera hardware module doesn't exist
01-04 22:36:11.747  2273  2273 I OMXMaster: makeComponentInstance(OMX.google.vorbis.decoder) in mediacodec process
01-04 22:36:11.921  1948  1948 I MediaPlayerService: MediaPlayerService::getOMX
01-04 22:36:11.923  3161  4350 I OMXClient: MuxOMX ctor
01-04 22:36:11.925  2273  4339 I OMXMaster: makeComponentInstance(OMX.google.vorbis.decoder) in mediacodec process
01-04 22:36:12.127  1948  2216 I MediaPlayerService: MediaPlayerService::getOMX
01-04 22:36:12.128  3161  4366 I OMXClient: MuxOMX ctor
01-04 22:36:12.130  2273  4339 I OMXMaster: makeComponentInstance(OMX.google.vorbis.decoder) in mediacodec process
01-04 22:36:12.215  3734  4178 D OpenGLRenderer: profile bars disabled
01-04 22:36:12.215  3734  4178 D OpenGLRenderer: ambientRatio = 1.50
01-04 22:36:12.252  3734  3734 D PhoneStatusBar: disable: < EXPAND* icons alerts system_info BACK* HOME* RECENT* clock SEARCH* quick_settings >
01-04 22:36:12.261  3734  3734 W System  : ClassLoader referenced unknown path:
01-04 22:36:12.261  3734  3734 W System  : ClassLoader referenced unknown path: /system/priv-app/SystemUI/lib/arm64
01-04 22:36:12.356  1948  3827 I MediaPlayerService: MediaPlayerService::getOMX
01-04 22:36:12.359  3161  4382 I OMXClient: MuxOMX ctor
01-04 22:36:12.361  2273  4282 I OMXMaster: makeComponentInstance(OMX.google.vorbis.decoder) in mediacodec process
01-04 22:36:12.488  3734  3734 D PhoneStatusBar: heads up is enabled
01-04 22:36:12.559  3161  4004 V KeyguardServiceDelegate: **** SHOWN CALLED ****
01-04 22:36:12.589  1945  2152 V audio_hw_primary: adev_set_voice_volume, volume: 0.800000
01-04 22:36:12.603  3734  3734 W FingerprintManager: isFingerprintHardwareDetected(): Service not connected!
01-04 22:36:12.629  1560  1573 I [Gralloc]: ion_alloc from ion_client:18 via heap type DMA(mask:16) for 4096000 Bytes uncached buffer successfully, usage = 0x00000f02
01-04 22:36:12.639  1945  1945 V audio_hw_primary: adev_set_parameters, A2dpSuspended=false
01-04 22:36:12.644  3161  3232 W InputMethodManagerService: Starting input on non-focused client android.view.inputmethod.InputMethodManager$1@80fbc8a (uid=1000 pid=3161)
01-04 22:36:12.657  3161  3261 I WindowManager: Destroying surface Surface(name=KeyguardScrim) called by com.android.server.wm.WindowStateAnimator.destroySurface:2014 com.android.server.wm.WindowStateAnimator.destroySurfaceLocked:881 com.android.server.wm.WindowState.destroyOrSaveSurface:2073 com.android.server.wm.WindowSurfacePlacer.performSurfacePlacementInner:429 com.android.server.wm.WindowSurfacePlacer.performSurfacePlacementLoop:232 com.android.server.wm.WindowSurfacePlacer.performSurfacePlacement:180 com.android.server.wm.WindowManagerService$H.handleMessage:8079 android.os.Handler.disp
atchMessage:102
01-04 22:36:12.670  3725  4040 I LatinIME:LogUtils: Dictionary info: dictionary = main:en ; version = 54 ; date = 1414726273
01-04 22:36:12.802  3161  3664 D NotificationSQLiteLog: Pruned event entries: 0
01-04 22:36:12.832  3734  4412 E ActivityThread: Failed to find provider info for com.android.contacts
01-04 22:36:12.935  3734  4194 I art     : Alloc sticky concurrent mark sweep GC freed 17140(2MB) AllocSpace objects, 6(140KB) LOS objects, 16% free, 5MB/6MB, paused 915us total 2.203s
01-04 22:36:12.935  3734  4194 I art     : Starting a blocking GC Alloc
01-04 22:36:12.988  3734  4194 I art     : Alloc partial concurrent mark sweep GC freed 3696(228KB) AllocSpace objects, 0(0B) LOS objects, 39% free, 5MB/8MB, paused 781us total 52.307ms
01-04 22:36:12.988  3734  4194 I art     : Starting a blocking GC Alloc
01-04 22:36:13.036  3734  4194 I art     : Alloc concurrent mark sweep GC freed 62(2480B) AllocSpace objects, 0(0B) LOS objects, 40% free, 5MB/8MB, paused 834us total 47.556ms
01-04 22:36:13.037  3734  4194 I art     : Forcing collection of SoftReferences for 17MB allocation
01-04 22:36:13.037  3734  4194 I art     : Starting a blocking GC Alloc
01-04 22:36:13.081  3734  4194 I art     : Alloc concurrent mark sweep GC freed 3(72B) AllocSpace objects, 0(0B) LOS objects, 40% free, 5MB/8MB, paused 655us total 43.875ms
01-04 22:36:13.081  3734  4194 W art     : Throwing OutOfMemoryError "Failed to allocate a 17902092 byte allocation with 3643824 free bytes and 10MB until OOM"
01-04 22:36:13.081  3734  4194 I art     : Starting a blocking GC Alloc
